V/SimpleConfigParser(21587): pre-processed line ==> {SD}/baidu/bdmobile/downloads
D/PicasaSyncManager(21570): battery info: false
V/SimpleConfigParser(21587): compile to """/storage/sdcard/baidu/bdmobile/downloads"""
W/WhiteListObserver(21587): please add exist folder! [/storage/sdcard/baidu/bdmobile/downloads]
V/SimpleConfigParser(21587): invalid line (comment or empty) """"""
V/SimpleConfigParser(21587): invalid line (comment or empty) """#"""
V/SimpleConfigParser(21587): pre-processed line ==> {SD}/tieba
V/SimpleConfigParser(21587): compile to """/storage/sdcard/tieba"""
W/WhiteListObserver(21587): please add exist folder! [/storage/sdcard/tieba]
V/SimpleConfigParser(21587): invalid line (comment or empty) """"""
V/SimpleConfigParser(21587): invalid line (comment or empty) """#JeffreyZhang.LongWB"""
V/SimpleConfigParser(21587): pre-processed line ==> {SD}/LongWB
V/SimpleConfigParser(21587): compile to """/storage/sdcard/LongWB"""
W/WhiteListObserver(21587): please add exist folder! [/storage/sdcard/LongWB]
V/SimpleConfigParser(21587): finish
D/WhiteListObserver(21587): /storage/sdcard/Download is old dir, skip it.
D/WhiteListObserver(21587): /storage/sdcard/DCIM/100MEDIA is old dir, skip it.
D/IconCustomizer( 8721): Content Ratio = 1.0
D/IconCustomizer( 8721): Content Ratio = 1.0
D/dalvikvm( 8519): null clazz in OP_INSTANCE_OF, single-stepping
D/IconCustomizer( 8721): Content Ratio = 1.0
D/dalvikvm( 8721): GC_CONCURRENT freed 406K, 39% free 7596K/12312K, paused 5ms+15ms, total 88ms
D/IconCustomizer( 8721): Content Ratio = 1.0
D/IconCustomizer( 8721): Content Ratio = 1.0
D/POWER_TEST( 8721): intent action: android.intent.action.BATTERY_CHANGED
D/POWER_TEST( 8721): : 0.38
I/NotifierManager( 8519): onNotify: miui.maml.NotifierManager$BroadcastNotifier@421d6dc8
I/EventHandler( 9227): [PowerConnectionReceiver] charging[true]
I/EventHandler( 9227): [trySendStartAutoBackupMsg] shortDelay[true]
D/PowerChangedRequestSyncReceiver(21587): onReceive broadcast
D/PowerChangedRequestSyncReceiver(21587): ACTION_POWER_CONNECTED.
D/PowerChangedRequestSyncReceiver(21587): request sync: sync not completely finish, or gallery app does not start
D/BatteryInfoReceiver( 8721): 38
W/PowerUI ( 8616): unknown intent: Intent { act=android.intent.action.ACTION_POWER_CONNECTED flg=0x8000010 }
I/NotifierManager( 8519): onNotify: miui.maml.NotifierManager$BroadcastNotifier@421d6dc8
D/POWER_TEST( 8721): intent action: android.intent.action.BATTERY_CHANGED
D/POWER_TEST( 8721): : 0.38
D/BatteryInfoReceiver( 8721): 38
D/AwesomeLockScreen( 8519): onRefreshBatteryInfo: true true 38
D/PicasaSyncManager(21570): battery info: true
D/IconCustomizer( 8721): Content Ratio = 1.0
I/StorageNotification( 8616): UMS connection changed to true (media state mounted)
W/Settings( 8616): Setting adb_enabled has moved from android.provider.Settings.Secure to android.provider.Settings.Global.
W/ContextImpl(18921): Calling a method in the system process without a qualified user: android.app.ContextImpl.startService:-1 android.content.ContextWrapper.startService:-1 android.content.ContextWrapper.startService:-1 com.android.settings.AnalyticsReceiver.onReceive:23 android.app.ActivityThread.handleReceiver:-1 
D/PhoneStatusBar( 8616): addNotification score=0; pkg=com.android.systemui
I/XIAOMIANALYTICS(18921): start session(com.android.settings)
W/Settings(18921): Setting adb_enabled has moved from android.provider.Settings.Secure to android.provider.Settings.Global.
I/XIAOMIANALYTICS(18921): end session(com.android.settings)
D/dalvikvm( 8616): GC_FOR_ALLOC freed 770K, 23% free 9867K/12680K, paused 110ms, total 112ms
I/dalvikvm-heap( 8616): Grow heap (frag case) to 11.366MB for 161296-byte allocation
W/ContextImpl(18921): Calling a method in the system process without a qualified user: android.app.ContextImpl.startService:-1 android.content.ContextWrapper.startService:-1 android.content.ContextWrapper.startService:-1 com.android.settings.AnalyticsReceiver.onReceive:23 android.app.ActivityThread.handleReceiver:-1 
I/XIAOMIANALYTICS(18921): start session(com.android.settings)
W/Settings(18921): Setting adb_enabled has moved from android.provider.Settings.Secure to android.provider.Settings.Global.
I/XIAOMIANALYTICS(18921): end session(com.android.settings)
D/dalvikvm( 8616): GC_FOR_ALLOC freed 48K, 22% free 10074K/12840K, paused 116ms, total 117ms
I/dalvikvm-heap( 8616): Grow heap (frag case) to 11.663MB for 261136-byte allocation
W/System.err( 8519): org.apache.http.conn.ConnectTimeoutException: Connect to /58.68.235.112:80 timed out
W/System.err( 8519): 	at org.apache.http.conn.scheme.PlainSocketFactory.connectSocket(PlainSocketFactory.java:121)
D/dalvikvm( 8616): GC_FOR_ALLOC freed 1K, 21% free 10471K/13096K, paused 93ms, total 93ms
I/dalvikvm-heap( 8616): Grow heap (frag case) to 11.895MB for 97936-byte allocation
W/System.err( 8519): 	at org.apache.http.impl.conn.DefaultClientConnectionOperator.openConnection(DefaultClientConnectionOperator.java:144)
W/System.err( 8519): 	at org.apache.http.impl.conn.AbstractPoolEntry.open(AbstractPoolEntry.java:164)
W/System.err( 8519): 	at org.apache.http.impl.conn.AbstractPooledConnAdapter.open(AbstractPooledConnAdapter.java:119)
W/System.err( 8519): 	at org.apache.http.impl.client.DefaultRequestDirector.execute(DefaultRequestDirector.java:360)
W/System.err( 8519): 	at org.apache.http.impl.client.AbstractHttpClient.execute(AbstractHttpClient.java:555)
W/System.err( 8519): 	at org.apache.http.impl.client.AbstractHttpClient.execute(AbstractHttpClient.java:487)
W/System.err( 8519): 	at org.apache.http.impl.client.AbstractHttpClient.execute(AbstractHttpClient.java:465)
W/System.err( 8519): 	at miui.util.ErrorReportUtils.httpSendErrorReport(ErrorReportUtils.java:160)
W/System.err( 8519): 	at miui.util.ErrorReportUtils.access$000(ErrorReportUtils.java:52)
W/System.err( 8519): 	at miui.util.ErrorReportUtils$ReportErrorTask.doInBackground(ErrorReportUtils.java:137)
W/System.err( 8519): 	at miui.util.ErrorReportUtils$ReportErrorTask.doInBackground(ErrorReportUtils.java:126)
D/dalvikvm( 8616): GC_FOR_ALLOC freed <1K, 20% free 10567K/13192K, paused 97ms, total 97ms
I/dalvikvm-heap( 8616): Grow heap (frag case) to 12.144MB for 261136-byte allocation
W/Settings( 8616): Setting adb_enabled has moved from android.provider.Settings.Secure to android.provider.Settings.Global.
I/StorageNotification( 8616): UMS connection changed to true (media state mounted)
W/StatusBar( 8616): updateNotification for unknown key: android.os.BinderProxy@41a53990
W/System.err( 8519): 	at android.os.AsyncTask$2.call(AsyncTask.java)
W/System.err( 8519): 	at java.util.concurrent.FutureTask.run(FutureTask.java:234)
D/IconCustomizer( 8721): Content Ratio = 1.0
W/System.err( 8519): 	at android.os.AsyncTask$SerialExecutor$1.run(AsyncTask.java)
W/System.err( 8519): 	at java.util.concurrent.ThreadPoolExecutor.runWorker(ThreadPoolExecutor.java:1080)
W/System.err( 8519): 	at java.util.concurrent.ThreadPoolExecutor$Worker.run(ThreadPoolExecutor.java:573)
W/System.err( 8519): 	at java.lang.Thread.run(Thread.java:856)
D/dalvikvm( 8721): GC_CONCURRENT freed 417K, 39% free 7628K/12312K, paused 30ms+6ms, total 116ms
D/IconCustomizer( 8721): Content Ratio = 1.0
D/dalvikvm( 8519): GC_CONCURRENT freed 2048K, 20% free 20706K/25568K, paused 10ms+21ms, total 288ms
D/IconCustomizer( 8721): Content Ratio = 1.0
D/IconCustomizer( 8721): Content Ratio = 1.0
I/LockScreen_AdvancedSlider( 8519): unlock touch up
W/ContextImpl( 8519): Calling a method in the system process without a qualified user: android.app.ContextImpl.sendBroadcast:-1 android.content.ContextWrapper.sendBroadcast:-1 com.android.internal.policy.impl.AwesomeLockScreen.sendLockscreenIntentTypeAnalytics:301 com.android.internal.policy.impl.AwesomeLockScreen.unlocked:272 com.miui.internal.policy.impl.AwesomeLockScreenImp.LockScreenRoot.unlocked:120 
D/AwesomeLockScreen( 8519): lockscreen awake time: [1964 sec] in time range: [28176 sec]
W/ContextImpl(18921): Calling a method in the system process without a qualified user: android.app.ContextImpl.startService:-1 android.content.ContextWrapper.startService:-1 android.content.ContextWrapper.startService:-1 com.android.settings.AnalyticsReceiver.onReceive:23 android.app.ActivityThread.handleReceiver:-1 
I/XIAOMIANALYTICS(18921): start session(com.android.settings)
I/XIAOMIANALYTICS(18921): end session(com.android.settings)
W/ContextImpl( 8519): Calling a method in the system process without a qualified user: android.app.ContextImpl.sendBroadcast:-1 android.content.ContextWrapper.sendBroadcast:-1 com.android.internal.policy.impl.MiuiLockPatternKeyguardView.sendKeyguardDurationAnalytics:803 com.android.internal.policy.impl.MiuiLockPatternKeyguardView.access$800:101 com.android.internal.policy.impl.MiuiLockPatternKeyguardView$3.keyguardDone:531 
W/ContextImpl(18921): Calling a method in the system process without a qualified user: android.app.ContextImpl.startService:-1 android.content.ContextWrapper.startService:-1 android.content.ContextWrapper.startService:-1 com.android.settings.AnalyticsReceiver.onReceive:23 android.app.ActivityThread.handleReceiver:-1 
I/XIAOMIANALYTICS(18921): start session(com.android.settings)
I/XIAOMIANALYTICS(18921): end session(com.android.settings)
I/RenderThread( 8810): RenderThread resumed
I/NotifierManager( 8810): onRegister: miui.maml.NotifierManager$BroadcastNotifier@42012bd8
I/NotifierManager( 8810): onRegister: miui.maml.NotifierManager$BroadcastNotifier@41cf8b28
D/PhoneStatusBar( 8616): disable: < expand icons alerts ticker system_info BACK HOME recent* clock >
I/ActivityManager( 8519): Start proc com.android.calendar for broadcast com.android.calendar/.birthday.BirthdayReceiver: pid=21626 uid=10004 gids={50004, 3003, 1028}
D/dalvikvm(21626): Trying to load lib /data/data/com.lbe.security.miui/app_lib/libfwclient.so 0x418ffc48
D/dalvikvm(21626): Added shared lib /data/data/com.lbe.security.miui/app_lib/libfwclient.so 0x418ffc48
I/NotifierManager( 8810): onNotify: miui.maml.NotifierManager$BroadcastNotifier@42012bd8
D/PhoneStatusBar( 8616): disable: < expand icons alerts ticker system_info BACK HOME recent clock >
D/AwesomeLockScreen( 8519): onPause
I/NotifierManager( 8519): releaseNotifier:android.intent.action.TIME_SET  miui.maml.elements.TimepanelScreenElement@41fd5210
I/NotifierManager( 8519): releaseNotifier:android.intent.action.TIME_TICK  miui.maml.elements.TimepanelScreenElement@41fd5210
I/NotifierManager( 8519): onUnregister: miui.maml.NotifierManager$BroadcastNotifier@421cefb0
D/PhoneStatusBar( 8616): disable: < expand icons alerts ticker system_info BACK HOME recent clock >
I/NotifierManager( 8519): releaseNotifier:android.intent.action.TIME_SET  miui.maml.data.DateTimeVariableUpdater@41a14ef0
I/NotifierManager( 8519): onUnregister: miui.maml.NotifierManager$BroadcastNotifier@41eb4c28
I/NotifierManager( 8519): releaseNotifier:android.intent.action.BATTERY_CHANGED  miui.maml.data.BatteryVariableUpdater@41a11fa0
I/NotifierManager( 8519): onUnregister: miui.maml.NotifierManager$BroadcastNotifier@421d6dc8
I/NotifierManager( 8519): releaseNotifier:android.media.VOLUME_CHANGED_ACTION  miui.maml.data.VolumeVariableUpdater@41ec9b08
I/NotifierManager( 8519): onUnregister: miui.maml.NotifierManager$BroadcastNotifier@41ecfe40
D/RootHolder( 8519): cleanUp: com.android.internal.policy.impl.AwesomeLockScreen{41eb8d88 VFE..... .F....ID 0,0-480,800} size:0
D/RootHolder( 8519): cleanUp finish
V/PhoneStatusBar( 8616): setLightsOn(true)
D/PhoneStatusBar( 8616): disable: < expand icons alerts ticker system_info back* home* recent clock >
E/Trace   (21626): error opening trace file: No such file or directory (2)
D/FancyDrawable( 8810): doPause:   [miui.maml.FancyDrawable@420072e0]
D/MultipleRenderable( 8810): setPause: true miui.maml.FancyDrawable@420072e0
D/FancyDrawable( 8810): doResume:   [miui.maml.FancyDrawable@420072e0]
D/MultipleRenderable( 8810): setPause: false miui.maml.FancyDrawable@420072e0
D/RendererCore( 8810): self resume: miui.maml.RendererCore@420572c0
D/FancyDrawable( 8810): doPause:   [miui.maml.FancyDrawable@420072e0]
D/MultipleRenderable( 8810): setPause: true miui.maml.FancyDrawable@420072e0
D/FancyDrawable( 8810): doResume:   [miui.maml.FancyDrawable@420072e0]
D/MultipleRenderable( 8810): setPause: false miui.maml.FancyDrawable@420072e0
D/RendererCore( 8810): self resume: miui.maml.RendererCore@420572c0
D/dalvikvm(21640): Trying to load lib /data/data/com.lbe.security.miui/app_lib/libfwclient.so 0x41900a68
D/dalvikvm(21640): Added shared lib /data/data/com.lbe.security.miui/app_lib/libfwclient.so 0x41900a68
I/ActivityManager( 8519): Start proc com.android.providers.calendar for content provider com.android.providers.calendar/.CalendarProvider2: pid=21640 uid=10005 gids={50005, 3003, 1015, 2001, 1028}
D/IconCustomizer( 8721): Content Ratio = 1.0
E/Trace   (21640): error opening trace file: No such file or directory (2)
V/PhoneStatusBar( 8616): setLightsOn(true)
D/dalvikvm( 8721): GC_CONCURRENT freed 438K, 39% free 7596K/12312K, paused 26ms+6ms, total 251ms
W/InputMethodManagerService( 8519): Window already focused, ignoring focus gain of: com.android.internal.view.IInputMethodClient$Stub$Proxy@4204bb68 attribute=android.view.inputmethod.EditorInfo@420239c0, token = android.os.BinderProxy@41b071b0
D/Lbe-Sec-Client(21640): init AdBlockClient
W/System.err(21640): java.lang.NoSuchFieldException: mViews
D/Lbe-Sec-Client(21626): init AdBlockClient
W/System.err(21640): 	at java.lang.Class.getDeclaredField(Class.java:631)
W/System.err(21640): 	at com.lbe.security.client.a.i.<init>(Unknown Source)
W/System.err(21640): 	at com.lbe.security.client.AdBlockClient.<init>(Unknown Source)
W/System.err(21640): 	at com.lbe.security.client.c.<init>(Unknown Source)
W/System.err(21640): 	at com.lbe.security.client.ClientContainer.a(Unknown Source)
W/System.err(21640): 	at com.lbe.security.client.f.put(Unknown Source)
W/System.err(21640): 	at com.lbe.security.client.f.a(Unknown Source)
W/System.err(21640): 	at com.lbe.security.client.d.run(Unknown Source)
W/System.err(21640): 	at android.os.Handler.handleCallback(Handler.java)
W/System.err(21640): 	at android.os.Handler.dispatchMessage(Handler.java)
W/System.err(21640): 	at android.os.Looper.loop(Looper.java)
W/System.err(21640): 	at android.app.ActivityThread.main(ActivityThread.java)
W/System.err(21640): 	at java.lang.reflect.Method.invokeNative(Native Method)
W/System.err(21640): 	at java.lang.reflect.Method.invoke(Method.java:511)
W/System.err(21640): 	at com.android.internal.os.ZygoteInit$MethodAndArgsCaller.run(ZygoteInit.java)
W/System.err(21640): 	at com.android.internal.os.ZygoteInit.main(ZygoteInit.java)
W/System.err(21640): 	at de.robv.android.xposed.XposedBridge.main(XposedBridge.java:127)
W/System.err(21640): 	at dalvik.system.NativeStart.main(Native Method)
W/System.err(21626): java.lang.NoSuchFieldException: mViews
W/System.err(21626): 	at java.lang.Class.getDeclaredField(Class.java:631)
W/System.err(21626): 	at com.lbe.security.client.a.i.<init>(Unknown Source)
W/System.err(21626): 	at com.lbe.security.client.AdBlockClient.<init>(Unknown Source)
W/System.err(21626): 	at com.lbe.security.client.c.<init>(Unknown Source)
W/System.err(21626): 	at com.lbe.security.client.ClientContainer.a(Unknown Source)
W/System.err(21626): 	at com.lbe.security.client.f.put(Unknown Source)
W/System.err(21626): 	at com.lbe.security.client.f.a(Unknown Source)
W/System.err(21626): 	at com.lbe.security.client.d.run(Unknown Source)
W/System.err(21626): 	at android.os.Handler.handleCallback(Handler.java)
W/System.err(21626): 	at android.os.Handler.dispatchMessage(Handler.java)
W/System.err(21626): 	at android.os.Looper.loop(Looper.java)
W/System.err(21626): 	at android.app.ActivityThread.main(ActivityThread.java)
W/System.err(21626): 	at java.lang.reflect.Method.invokeNative(Native Method)
W/System.err(21626): 	at java.lang.reflect.Method.invoke(Method.java:511)
W/System.err(21626): 	at com.android.internal.os.ZygoteInit$MethodAndArgsCaller.run(ZygoteInit.java)
W/System.err(21626): 	at com.android.internal.os.ZygoteInit.main(ZygoteInit.java)
W/System.err(21626): 	at de.robv.android.xposed.XposedBridge.main(XposedBridge.java:127)
W/System.err(21626): 	at dalvik.system.NativeStart.main(Native Method)
D/RemindReceiver( 8918): 1 days since the last check
I/keystore( 1512): uid: 1000 action: z -> 7 state: 1 -> 1 retry: 4
I/keystore( 1512): uid: 1000 action: p -> 1 state: 1 -> 1 retry: 4
I/ActivityManager( 8519): Start proc com.android.updater for broadcast com.android.updater/.receiver.StartupReceiver: pid=21657 uid=9802 gids={49802, 3003, 1015, 2001, 1007, 1028}
D/IconCustomizer( 8721): Content Ratio = 1.0
D/SizeAdaptiveLayout( 8616): com.android.internal.widget.SizeAdaptiveLayout{4198a680 V.E..... ......ID 0,0-466,98 #7f0d008d app:id/adaptive}child view android.widget.LinearLayout{41b70fd8 V.E...C. ......ID 0,0-466,97 #7f0a00f8 app:id/ll_frame} measured out of bounds at 97px clamped to 98px
E/Trace   (21657): error opening trace file: No such file or directory (2)
D/dalvikvm( 8810): GC_CONCURRENT freed 1931K, 14% free 20806K/24020K, paused 4ms+20ms, total 195ms
D/IconCustomizer( 8721): Content Ratio = 1.0
I/CalendarProvider2(21640): Sending notification intent: Intent { act=android.intent.action.PROVIDER_CHANGED dat=content://com.android.calendar }
W/ContentResolver(21640): Failed to get type for: content://com.android.calendar (Unknown URL content://com.android.calendar)
D/AlertReceiver(21626): onReceive: a=android.intent.action.PROVIDER_CHANGED Intent { act=android.intent.action.PROVIDER_CHANGED dat=content://com.android.calendar flg=0x10 cmp=com.android.calendar/.alerts.AlertReceiver }
I/MonthViewWidgetProvider(21626): action: android.intent.action.PROVIDER_CHANGED
D/AlertService(21626): 0 Action = android.intent.action.PROVIDER_CHANGED
D/AlertService(21626): Beginning updateAlertNotification
D/IconCustomizer( 8721): Content Ratio = 1.0
D/AlertService(21626): No fired or scheduled alerts
I/MonthViewWidgetProvider(21626): action: com.android.calendar.APPWIDGET_UPDATE
D/IconCustomizer( 8721): Content Ratio = 1.0
D/dalvikvm( 8721): GC_CONCURRENT freed 407K, 39% free 7596K/12312K, paused 4ms+14ms, total 85ms
D/IconCustomizer( 8721): Content Ratio = 1.0
D/IconCustomizer( 8721): Content Ratio = 1.0
D/IconCustomizer( 8721): Content Ratio = 1.0
I/NotifierManager( 8810): onUnregister: miui.maml.NotifierManager$BroadcastNotifier@42012bd8
I/NotifierManager( 8810): onUnregister: miui.maml.NotifierManager$BroadcastNotifier@41cf8b28
I/RenderThread( 8810): RenderThread paused, waiting for signal
I/RenderThread( 8810): RenderThread resumed
I/NotifierManager( 8810): onRegister: miui.maml.NotifierManager$BroadcastNotifier@42012bd8
I/NotifierManager( 8810): onRegister: miui.maml.NotifierManager$BroadcastNotifier@41cf8b28
I/NotifierManager( 8810): onNotify: miui.maml.NotifierManager$BroadcastNotifier@42012bd8
D/IconCustomizer( 8721): Content Ratio = 1.0
D/dalvikvm( 8721): GC_CONCURRENT freed 406K, 39% free 7596K/12312K, paused 10ms+3ms, total 55ms
D/dalvikvm( 8616): GC_FOR_ALLOC freed 1485K, 27% free 9827K/13448K, paused 36ms, total 38ms
D/IconCustomizer( 8721): Content Ratio = 1.0
D/IconCustomizer( 8721): Content Ratio = 1.0
D/IconCustomizer( 8721): Content Ratio = 1.0
D/IconCustomizer( 8721): Content Ratio = 1.0
D/dalvikvm( 8721): GC_CONCURRENT freed 406K, 39% free 7596K/12312K, paused 6ms+5ms, total 63ms
D/IconCustomizer( 8721): Content Ratio = 1.0
D/IconCustomizer( 8721): Content Ratio = 1.0
D/IconCustomizer( 8721): Content Ratio = 1.0
D/IconCustomizer( 8721): Content Ratio = 1.0
D/dalvikvm( 8721): GC_CONCURRENT freed 407K, 39% free 7596K/12312K, paused 7ms+4ms, total 60ms
D/IconCustomizer( 8721): Content Ratio = 1.0
D/IconCustomizer( 8721): Content Ratio = 1.0
D/IconCustomizer( 8721): Content Ratio = 1.0
D/IconCustomizer( 8721): Content Ratio = 1.0
D/dalvikvm( 8721): GC_CONCURRENT freed 406K, 39% free 7596K/12312K, paused 6ms+4ms, total 59ms
D/IconCustomizer( 8721): Content Ratio = 1.0
D/IconCustomizer( 8721): Content Ratio = 1.0
D/IconCustomizer( 8721): Content Ratio = 1.0
D/IconCustomizer( 8721): Content Ratio = 1.0
D/dalvikvm( 8721): GC_CONCURRENT freed 406K, 39% free 7596K/12312K, paused 15ms+3ms, total 60ms
D/IconCustomizer( 8721): Content Ratio = 1.0
D/IconCustomizer( 8721): Content Ratio = 1.0
D/IconCustomizer( 8721): Content Ratio = 1.0
D/IconCustomizer( 8721): Content Ratio = 1.0
D/dalvikvm( 8721): GC_CONCURRENT freed 406K, 39% free 7596K/12312K, paused 13ms+4ms, total 55ms
D/IconCustomizer( 8721): Content Ratio = 1.0
D/IconCustomizer( 8721): Content Ratio = 1.0
D/IconCustomizer( 8721): Content Ratio = 1.0
D/IconCustomizer( 8721): Content Ratio = 1.0
D/dalvikvm( 8721): GC_CONCURRENT freed 407K, 39% free 7596K/12312K, paused 6ms+5ms, total 60ms
D/IconCustomizer( 8721): Content Ratio = 1.0
D/IconCustomizer( 8721): Content Ratio = 1.0
D/IconCustomizer( 8721): Content Ratio = 1.0
D/dalvikvm( 8519): GC_CONCURRENT freed 1932K, 19% free 20710K/25568K, paused 17ms+11ms, total 165ms
D/IconCustomizer( 8721): Content Ratio = 1.0
D/dalvikvm( 8721): GC_CONCURRENT freed 406K, 39% free 7596K/12312K, paused 8ms+2ms, total 51ms
D/dalvikvm( 8616): GC_CONCURRENT freed 1133K, 28% free 9815K/13448K, paused 2ms+3ms, total 45ms
D/IconCustomizer( 8721): Content Ratio = 1.0
D/IconCustomizer( 8721): Content Ratio = 1.0
D/IconCustomizer( 8721): Content Ratio = 1.0
D/IconCustomizer( 8721): Content Ratio = 1.0
D/dalvikvm( 8721): GC_CONCURRENT freed 406K, 39% free 7597K/12312K, paused 14ms+9ms, total 61ms
D/IconCustomizer( 8721): Content Ratio = 1.0
D/IconCustomizer( 8721): Content Ratio = 1.0
D/IconCustomizer( 8721): Content Ratio = 1.0
D/IconCustomizer( 8721): Content Ratio = 1.0
D/dalvikvm( 8721): GC_CONCURRENT freed 407K, 39% free 7596K/12312K, paused 3ms+3ms, total 54ms
D/IconCustomizer( 8721): Content Ratio = 1.0
D/IconCustomizer( 8721): Content Ratio = 1.0
D/IconCustomizer( 8721): Content Ratio = 1.0
D/IconCustomizer( 8721): Content Ratio = 1.0
D/dalvikvm( 8721): GC_CONCURRENT freed 406K, 39% free 7596K/12312K, paused 12ms+3ms, total 53ms
D/IconCustomizer( 8721): Content Ratio = 1.0
D/IconCustomizer( 8721): Content Ratio = 1.0
D/IconCustomizer( 8721): Content Ratio = 1.0
D/IconCustomizer( 8721): Content Ratio = 1.0
D/dalvikvm( 8721): GC_CONCURRENT freed 406K, 39% free 7596K/12312K, paused 6ms+3ms, total 53ms
D/IconCustomizer( 8721): Content Ratio = 1.0
D/IconCustomizer( 8721): Content Ratio = 1.0
D/IconCustomizer( 8721): Content Ratio = 1.0
D/IconCustomizer( 8721): Content Ratio = 1.0
D/dalvikvm( 8721): GC_CONCURRENT freed 406K, 39% free 7595K/12312K, paused 6ms+4ms, total 55ms
D/IconCustomizer( 8721): Content Ratio = 1.0
D/IconCustomizer( 8721): Content Ratio = 1.0
D/IconCustomizer( 8721): Content Ratio = 1.0
D/IconCustomizer( 8721): Content Ratio = 1.0
D/dalvikvm( 8721): GC_CONCURRENT freed 407K, 39% free 7596K/12312K, paused 5ms+2ms, total 190ms
D/LightsService( 8519): Excessive delay setting light: 71ms
I/ActivityManager( 8519): START u0 {act=android.intent.action.MAIN cat=[android.intent.category.LAUNCHER] flg=0x10200000 cmp=pro.burgerz.wsm.manager/.MainActivity bnds=[139,205][229,295]} from pid 8810
D/LightsService( 8519): Excessive delay setting light: 198ms
D/LightsService( 8519): Excessive delay setting light: 105ms
D/PhoneStatusBar( 8616): disable: < expand icons alerts ticker system_info back home recent clock >
I/NotifierManager( 8810): onUnregister: miui.maml.NotifierManager$BroadcastNotifier@42012bd8
I/NotifierManager( 8810): onUnregister: miui.maml.NotifierManager$BroadcastNotifier@41cf8b28
I/RenderThread( 8810): RenderThread paused, waiting for signal
D/IconCustomizer( 8721): Content Ratio = 1.0
D/dalvikvm(20486): GC_CONCURRENT freed 496K, 26% free 10016K/13436K, paused 4ms+52ms, total 599ms
W/CursorWrapperInner(20486): Cursor finalized without prior close()
W/CursorWrapperInner(20486): Cursor finalized without prior close()
W/CursorWrapperInner(20486): Cursor finalized without prior close()
W/CursorWrapperInner(20486): Cursor finalized without prior close()
W/CursorWrapperInner(20486): Cursor finalized without prior close()
W/CursorWrapperInner(20486): Cursor finalized without prior close()
W/CursorWrapperInner(20486): Cursor finalized without prior close()
W/CursorWrapperInner(20486): Cursor finalized without prior close()
W/CursorWrapperInner(20486): Cursor finalized without prior close()
W/CursorWrapperInner(20486): Cursor finalized without prior close()
W/CursorWrapperInner(20486): Cursor finalized without prior close()
W/CursorWrapperInner(20486): Cursor finalized without prior close()
W/CursorWrapperInner(20486): Cursor finalized without prior close()
W/CursorWrapperInner(20486): Cursor finalized without prior close()
W/CursorWrapperInner(20486): Cursor finalized without prior close()
W/CursorWrapperInner(20486): Cursor finalized without prior close()
W/CursorWrapperInner(20486): Cursor finalized without prior close()
V/PhoneStatusBar( 8616): setLightsOn(true)
I/Adreno200-EGL(20486): <qeglDrvAPI_eglInitialize:294>: EGL 1.4 QUALCOMM build: AU_LINUX_ANDROID_JB.04.01.01.00.036_msm8960_JB_CL2644550_release_AU (CL2644550)
I/Adreno200-EGL(20486): Build Date: 07/31/12 Tue
I/Adreno200-EGL(20486): Local Branch: 
I/Adreno200-EGL(20486): Remote Branch: quic/master
I/Adreno200-EGL(20486): Local Patches: NONE
I/Adreno200-EGL(20486): Reconstruct Branch: AU_LINUX_ANDROID_JB.04.01.01.00.036 +  NOTHING
D/IconCustomizer( 8721): Content Ratio = 1.0
D/dalvikvm(20486): GC_CONCURRENT freed 1760K, 29% free 9548K/13436K, paused 9ms+6ms, total 66ms
D/dalvikvm(20486): WAIT_FOR_CONCURRENT_GC blocked 23ms
I/Choreographer(20486): Skipped 44 frames!  The application may be doing too much work on its main thread.
I/ActivityManager( 8519): Displayed pro.burgerz.wsm.manager/.MainActivity: +2s720ms
D/dalvikvm(20486): GC_CONCURRENT freed 469K, 24% free 10230K/13436K, paused 3ms+3ms, total 47ms
D/dalvikvm(20486): WAIT_FOR_CONCURRENT_GC blocked 28ms
D/IconCustomizer( 8721): Content Ratio = 1.0
D/IconCustomizer( 8721): Content Ratio = 1.0
D/dalvikvm( 8721): GC_CONCURRENT freed 408K, 39% free 7596K/12312K, paused 10ms+4ms, total 77ms
I/XIAOMIANALYTICS( 8810): start session(com.miui.home)
I/XIAOMIANALYTICS( 8810): end session(com.miui.home)
D/IconCustomizer( 8721): Content Ratio = 1.0
W/InputMethodManagerService( 8519): Window already focused, ignoring focus gain of: com.android.internal.view.IInputMethodClient$Stub$Proxy@4203d3b8 attribute=null, token = android.os.BinderProxy@41e73968
D/dalvikvm( 8616): GC_CONCURRENT freed 1128K, 23% free 9815K/12680K, paused 9ms+4ms, total 79ms
D/IconCustomizer( 8721): Content Ratio = 1.0
D/IconCustomizer( 8721): Content Ratio = 1.0
D/IconCustomizer( 8721): Content Ratio = 1.0
D/dalvikvm( 8721): GC_CONCURRENT freed 407K, 39% free 7596K/12312K, paused 13ms+3ms, total 55ms
D/IconCustomizer( 8721): Content Ratio = 1.0
D/IconCustomizer( 8721): Content Ratio = 1.0
I/ActivityManager( 8519): START u0 {cmp=pro.burgerz.wsm.manager/.OnlineDetailsActivity (has extras)} from pid 20486
I/dalvikvm(20486): Jit: resizing JitTable from 4096 to 8192
V/PhoneStatusBar( 8616): setLightsOn(true)
D/IconCustomizer( 8721): Content Ratio = 1.0
I/ActivityManager( 8519): Displayed pro.burgerz.wsm.manager/.OnlineDetailsActivity: +344ms
D/IconCustomizer( 8721): Content Ratio = 1.0
D/dalvikvm( 8721): GC_CONCURRENT freed 407K, 39% free 7596K/12312K, paused 3ms+13ms, total 71ms
D/dalvikvm( 8519): GC_CONCURRENT freed 1864K, 19% free 20792K/25568K, paused 18ms+26ms, total 275ms
D/IconCustomizer( 8721): Content Ratio = 1.0
D/IconCustomizer( 8721): Content Ratio = 1.0
D/IconCustomizer( 8721): Content Ratio = 1.0
D/IconCustomizer( 8721): Content Ratio = 1.0
D/dalvikvm( 8721): GC_CONCURRENT freed 407K, 39% free 7596K/12312K, paused 5ms+3ms, total 41ms
D/IconCustomizer( 8721): Content Ratio = 1.0
D/IconCustomizer( 8721): Content Ratio = 1.0
D/IconCustomizer( 8721): Content Ratio = 1.0
D/IconCustomizer( 8721): Content Ratio = 1.0
D/dalvikvm( 8721): GC_CONCURRENT freed 407K, 39% free 7596K/12312K, paused 5ms+4ms, total 72ms
D/dalvikvm(20486): GC_FOR_ALLOC freed 402K, 21% free 10708K/13392K, paused 40ms, total 41ms
I/dalvikvm-heap(20486): Grow heap (frag case) to 12.084MB for 56896-byte allocation
D/dalvikvm(20486): GC_FOR_ALLOC freed 652K, 25% free 10112K/13448K, paused 37ms, total 37ms
W/CursorWrapperInner(20486): Cursor finalized without prior close()
W/CursorWrapperInner(20486): Cursor finalized without prior close()
W/CursorWrapperInner(20486): Cursor finalized without prior close()
W/CursorWrapperInner(20486): Cursor finalized without prior close()
D/PhoneStatusBar( 8616): addNotification score=0; pkg=com.android.providers.downloads
D/DownloadManager( 8679): deleteFileIfExists() deleting /data/data/com.android.providers.downloads/cache/pro.burgerz.wsm.manager_v215_c368bd-1.apk
D/dalvikvm( 8616): GC_CONCURRENT freed 920K, 21% free 10069K/12648K, paused 5ms+3ms, total 61ms
D/SizeAdaptiveLayout( 8616): com.android.internal.widget.SizeAdaptiveLayout{41935ec0 V.E..... ......I. 0,0-0,0 #7f0d008d app:id/adaptive}child view android.widget.FrameLayout{4195c330 G.E..... ......I. 0,0-0,0 #1020324 android:id/status_bar_latest_event_content} measured out of bounds at 97px clamped to 98px
I/DownloadManager( 8679): Initiating request for download 39
D/IconCustomizer( 8721): Content Ratio = 1.0
D/DownloadManager( 8679): deleteDownloadLocked() deleting /data/data/com.android.providers.downloads/cache/pro.burgerz.wsm.manager_v215_c368bd-1.apk
D/PhoneStatusBar( 8616): addNotification score=0; pkg=com.android.providers.downloads
D/SizeAdaptiveLayout( 8616): com.android.internal.widget.SizeAdaptiveLayout{41b7eaf8 V.E..... ......I. 0,0-0,0 #7f0d008d app:id/adaptive}child view android.widget.FrameLayout{41c7a2d0 G.E..... ......I. 0,0-0,0 #1020324 android:id/status_bar_latest_event_content} measured out of bounds at 97px clamped to 98px
D/IconCustomizer( 8721): Content Ratio = 1.0
D/IconCustomizer( 8721): Content Ratio = 1.0
D/IconCustomizer( 8721): Content Ratio = 1.0
D/dalvikvm( 8721): GC_CONCURRENT freed 407K, 39% free 7596K/12312K, paused 9ms+7ms, total 59ms
D/IconCustomizer( 8721): Content Ratio = 1.0
V/DownloadManager( 8679): Use classic method
D/IconCustomizer( 8721): Content Ratio = 1.0
D/SizeAdaptiveLayout( 8616): com.android.internal.widget.SizeAdaptiveLayout{41b7eaf8 V.E..... ......ID 0,0-466,98 #7f0d008d app:id/adaptive}child view android.widget.FrameLayout{41c7a2d0 V.E..... ......ID 0,0-466,97 #1020324 android:id/status_bar_latest_event_content} measured out of bounds at 97px clamped to 98px
D/dalvikvm( 8679): GC_CONCURRENT freed 330K, 32% free 8376K/12312K, paused 4ms+9ms, total 51ms
W/DrmManagerClient( 8679): You should have called release()
D/SizeAdaptiveLayout( 8616): com.android.internal.widget.SizeAdaptiveLayout{41b7eaf8 V.E..... ......ID 0,0-466,98 #7f0d008d app:id/adaptive}child view android.widget.FrameLayout{41c7a2d0 V.E..... ......ID 0,0-466,97 #1020324 android:id/status_bar_latest_event_content} measured out of bounds at 97px clamped to 98px
D/IconCustomizer( 8721): Content Ratio = 1.0
D/dalvikvm( 8616): GC_FOR_ALLOC freed 671K, 19% free 10286K/12648K, paused 60ms, total 61ms
D/IconCustomizer( 8721): Content Ratio = 1.0
D/dalvikvm( 8721): GC_CONCURRENT freed 407K, 39% free 7596K/12312K, paused 5ms+3ms, total 43ms
D/IconCustomizer( 8721): Content Ratio = 1.0
D/SizeAdaptiveLayout( 8616): com.android.internal.widget.SizeAdaptiveLayout{41b7eaf8 V.E..... ......ID 0,0-466,98 #7f0d008d app:id/adaptive}child view android.widget.FrameLayout{41c7a2d0 V.E..... ......ID 0,0-466,97 #1020324 android:id/status_bar_latest_event_content} measured out of bounds at 97px clamped to 98px
D/SizeAdaptiveLayout( 8616): com.android.internal.widget.SizeAdaptiveLayout{41b7eaf8 V.E..... ......ID 0,0-466,98 #7f0d008d app:id/adaptive}child view android.widget.FrameLayout{41c7a2d0 V.E..... ......ID 0,0-466,97 #1020324 android:id/status_bar_latest_event_content} measured out of bounds at 97px clamped to 98px
V/DownloadManager( 8679): track download event : error code = 200, use engine = false, contribution = 0.0%, in white list = false
I/XIAOMIANALYTICS( 8679): start session(com.android.providers.downloads)
I/XIAOMIANALYTICS( 8679): end session(com.android.providers.downloads)
I/ActivityManager( 8519): START u0 {act=android.intent.action.INSTALL_PACKAGE dat=file:///data/data/com.android.providers.downloads/cache/pro.burgerz.wsm.manager_v215_c368bd-1.apk typ=application/vnd.android.package-archive flg=0x10000000 cmp=com.android.packageinstaller/.PackageInstallerActivity (has extras)} from pid 20486
D/IconCustomizer( 8721): Content Ratio = 1.0
D/dalvikvm(21703): Trying to load lib /data/data/com.lbe.security.miui/app_lib/libfwclient.so 0x41902630
D/dalvikvm(21703): Added shared lib /data/data/com.lbe.security.miui/app_lib/libfwclient.so 0x41902630
I/ActivityManager( 8519): Start proc com.android.packageinstaller for activity com.android.packageinstaller/.PackageInstallerActivity: pid=21703 uid=10033 gids={50033, 1028, 1015}
E/Trace   (21703): error opening trace file: No such file or directory (2)
D/Lbe-Sec-Client(21703): init AdBlockClient
W/System.err(21703): java.lang.NoSuchFieldException: mViews
W/System.err(21703): 	at java.lang.Class.getDeclaredField(Class.java:631)
W/System.err(21703): 	at com.lbe.security.client.a.i.<init>(Unknown Source)
W/System.err(21703): 	at com.lbe.security.client.AdBlockClient.<init>(Unknown Source)
W/System.err(21703): 	at com.lbe.security.client.c.<init>(Unknown Source)
W/System.err(21703): 	at com.lbe.security.client.ClientContainer.a(Unknown Source)
W/System.err(21703): 	at com.lbe.security.client.f.put(Unknown Source)
W/System.err(21703): 	at com.lbe.security.client.f.a(Unknown Source)
W/System.err(21703): 	at com.lbe.security.client.d.run(Unknown Source)
W/System.err(21703): 	at android.os.Handler.handleCallback(Handler.java)
W/System.err(21703): 	at android.os.Handler.dispatchMessage(Handler.java)
W/System.err(21703): 	at android.os.Looper.loop(Looper.java)
W/System.err(21703): 	at android.app.ActivityThread.main(ActivityThread.java)
W/System.err(21703): 	at java.lang.reflect.Method.invokeNative(Native Method)
W/System.err(21703): 	at java.lang.reflect.Method.invoke(Method.java:511)
W/System.err(21703): 	at com.android.internal.os.ZygoteInit$MethodAndArgsCaller.run(ZygoteInit.java)
W/System.err(21703): 	at com.android.internal.os.ZygoteInit.main(ZygoteInit.java)
W/System.err(21703): 	at de.robv.android.xposed.XposedBridge.main(XposedBridge.java:127)
W/System.err(21703): 	at dalvik.system.NativeStart.main(Native Method)
I/PackageInstaller(21703): no recommeded for this package: pro.burgerz.wsm.manager(ver=215)
E/ActivityThread(21703): Failed to find provider info for com.xiaomi.gamecenter.miui.recommend
W/Settings(21703): Setting install_non_market_apps has moved from android.provider.Settings.Secure to android.provider.Settings.Global.
V/PhoneStatusBar( 8616): setLightsOn(true)
I/ GuardProvider(21508): LRL query:uri:content://guard/virus_infomation match:1019
E/QScanCacheManager(21508): /data/data/com.miui.guardprovider/files/qscan.cache: open failed: ENOENT (No such file or directory)
D/IconCustomizer( 8721): Content Ratio = 1.0
E/getCommonFilePath(21508): getCommonFilePath error
D/libEGL  (21703): loaded /system/lib/egl/libEGL_adreno200.so
D/libEGL  (21703): loaded /system/lib/egl/libGLESv1_CM_adreno200.so
D/libEGL  (21703): loaded /system/lib/egl/libGLESv2_adreno200.so
I/Adreno200-EGL(21703): <qeglDrvAPI_eglInitialize:294>: EGL 1.4 QUALCOMM build: AU_LINUX_ANDROID_JB.04.01.01.00.036_msm8960_JB_CL2644550_release_AU (CL2644550)
I/Adreno200-EGL(21703): Build Date: 07/31/12 Tue
I/Adreno200-EGL(21703): Local Branch: 
I/Adreno200-EGL(21703): Remote Branch: quic/master
I/Adreno200-EGL(21703): Local Patches: NONE
I/Adreno200-EGL(21703): Reconstruct Branch: AU_LINUX_ANDROID_JB.04.01.01.00.036 +  NOTHING
D/OpenGLRenderer(21703): Enabling debug mode 0
I/ActivityManager( 8519): Displayed com.android.packageinstaller/.PackageInstallerActivity: +1s448ms
D/IconCustomizer( 8721): Content Ratio = 1.0
D/dalvikvm( 8721): GC_CONCURRENT freed 409K, 39% free 7596K/12312K, paused 8ms+3ms, total 59ms
D/IconCustomizer( 8721): Content Ratio = 1.0
