I/ActivityManager( 8519): Start proc com.miui.bugreport for broadcast com.miui.bugreport/.receiver.NetworkChangeReceiver: pid=16371 uid=1000 gids={41000, 3006, 1015, 1028, 3002, 3001, 3003, 3007, 1007}
I/ActivityManager( 8519): Start proc com.miui.gallery for broadcast com.miui.gallery/.cloud.AlbumShareInvitationReceiver: pid=16385 uid=10024 gids={50024, 3003, 1028, 1015, 1006}
I/ActivityManager( 8519): Start proc com.miui.player for broadcast com.miui.player/.receiver.AccountBroadcastReceiver: pid=16406 uid=10029 gids={50029, 3003, 1015, 1006, 1028}
W/SocketClient( 8300): write error (Broken pipe)
W/ContextImpl(15316): Calling a method in the system process without a qualified user: android.app.ContextImpl.startService:-1 android.content.ContextWrapper.startService:-1 android.content.ContextWrapper.startService:-1 com.android.settings.MiuiSettingsReceiver.onReceive:74 android.app.ActivityThread.handleReceiver:-1 
I/ActivityManager( 8519): Killing proc 15316:com.android.settings/1000: kill background
W/ActivityManager( 8519): Scheduling restart of crashed service com.android.settings/.analytics.ObserverService in 5000ms
W/ActivityManager( 8519): Scheduling restart of crashed service com.android.settings/.wifi.WifiRestoreService in 14999ms
I/ActivityManager( 8519): Killing proc 15660:com.miui.cloudservice/u0a10007: kill background
I/ActivityManager( 8519): Killing proc 16165:com.android.mms/u0a10028: kill background
W/ActivityManager( 8519): Scheduling restart of crashed service com.android.mms/.transaction.SmsReportService in 24990ms
I/ActivityManager( 8519): Killing proc 16217:com.miui.transfer:remote/u0a10040: kill background
I/ActivityManager( 8519): Killing proc 16357:com.android.updater/9802: kill background
I/ActivityManager( 8519): Killing proc 16315:com.xiaomi.market/u0a10039: kill background
I/ActivityManager( 8519): Killing proc 16406:com.miui.player/u0a10029: kill background
I/ActivityManager( 8519): Killing proc 16385:com.miui.gallery/u0a10024: kill background
I/ActivityManager( 8519): Killing proc 16120:com.android.fileexplorer:remote/u0a10014: kill background
I/ActivityManager( 8519): Killing proc 16298:com.xiaomi.payment/u0a10034: kill background
I/ActivityManager( 8519): Killing proc 16371:com.miui.bugreport/1000: kill background
I/ActivityManager( 8519): Killing proc 16337:com.android.thememanager/9801: kill background
I/ActivityManager( 8519): Killing proc 16277:com.android.browser/u0a10002: kill background
I/ActivityManager( 8519): Killing proc 16198:com.miui.guardprovider/u0a10018: kill background
W/ActivityManager( 8519): Scheduling restart of crashed service com.miui.guardprovider/.SecureService in 34841ms
I/ActivityManager( 8519): Killing proc 16149:com.miui.providers.datahub/u0a10008: kill background
W/ActivityManager( 8519): Invalid packageName: 
I/ActivityManager( 8519): Start proc com.android.settings for broadcast com.android.settings/.MiuiSettingsReceiver: pid=16443 uid=1000 gids={41000, 3006, 1015, 1028, 3002, 3001, 3003, 3007, 1007}
W/ContextImpl(16443): Calling a method in the system process without a qualified user: android.app.ContextImpl.startService:-1 android.content.ContextWrapper.startService:-1 com.miui.securitycenter.SecurityCenterApplication.onCreate:20 com.android.settings.MiuiSettingApplication.onCreate:18 android.app.Instrumentation.callApplicationOnCreate:-1 
W/ContextImpl(16443): Calling a method in the system process without a qualified user: android.app.ContextImpl.startService:-1 android.content.ContextWrapper.startService:-1 com.miui.securitycenter.SecurityCenterApplication.onCreate:23 com.android.settings.MiuiSettingApplication.onCreate:18 android.app.Instrumentation.callApplicationOnCreate:-1 
W/ContextImpl(16443): Calling a method in the system process without a qualified user: android.app.ContextImpl.startService:-1 android.content.ContextWrapper.startService:-1 android.content.ContextWrapper.startService:-1 com.android.settings.MiuiSettingsReceiver.onReceive:74 android.app.ActivityThread.handleReceiver:-1 
W/ContextImpl(16443): Calling a method in the system process without a qualified user: android.app.ContextImpl.startService:-1 android.content.ContextWrapper.startService:-1 android.content.ContextWrapper.startService:-1 com.android.settings.MiuiSettingsReceiver.onReceive:74 android.app.ActivityThread.handleReceiver:-1 
I/ActivityManager( 8519): Start proc com.android.mms for service com.android.mms/.transaction.SmsReportService: pid=16460 uid=10028 gids={50028, 3003, 1015, 1006, 1007, 1028}
D/ConnectivityService( 8519): NetTransition Wakelock for WifiStateMachine released by timeout
W/ContextImpl(16443): Calling a method in the system process without a qualified user: android.app.ContextImpl.startService:-1 android.content.ContextWrapper.startService:-1 android.content.ContextWrapper.startService:-1 com.android.settings.MiuiSettingsReceiver.onReceive:74 android.app.ActivityThread.handleReceiver:-1 
I/ActivityManager( 8519): Start proc com.miui.guardprovider for service com.miui.guardprovider/.SecureService: pid=16501 uid=10018 gids={50018, 3003, 1015, 1028}
D/ConnectivityService( 8519): Captive portal check NetworkInfo: type: WIFI[], state: CONNECTING/CAPTIVE_PORTAL_CHECK, reason: (unspecified), extra: "DIR-300NRUB7", roaming: false, failover: false, isAvailable: true
D/ConnectivityService( 8519): ConnectivityChange for WIFI: CONNECTED/CONNECTED
I/ActivityManager( 8519): Start proc com.android.browser for broadcast com.android.browser/com.xiaomi.push.service.receivers.NetworkStatusReceiver: pid=16536 uid=10002 gids={50002, 3003, 1015, 1007, 1028}
D/StatusBar.NetworkController( 8616): updateTelephonySignalStrength: mSignalStrength == 10(GSM) 99(CDMA)
I/ActivityManager( 8519): Start proc com.miui.cloudservice for service com.miui.cloudservice/.calllog.CallLogSyncService: pid=16560 uid=10007 gids={50007, 3003, 1028}
I/ActivityManager( 8519): Start proc com.xiaomi.payment for broadcast com.xiaomi.payment/com.xiaomi.push.service.receivers.NetworkStatusReceiver: pid=16572 uid=10034 gids={50034, 3003, 1015, 1006, 1028}
I/ActivityManager( 8519): Start proc com.xiaomi.market for broadcast com.xiaomi.market/com.xiaomi.push.service.receivers.NetworkStatusReceiver: pid=16591 uid=10039 gids={50039, 1015, 3003, 1028}
I/ActivityManager( 8519): Start proc com.android.thememanager for broadcast com.android.thememanager/com.xiaomi.push.service.receivers.NetworkStatusReceiver: pid=16615 uid=9801 gids={49801, 2001, 3003, 1015, 1028}
I/ActivityManager( 8519): Start proc com.android.updater for broadcast com.android.updater/com.xiaomi.push.service.receivers.NetworkStatusReceiver: pid=16635 uid=9802 gids={49802, 3003, 1015, 2001, 1007, 1028}
I/ActivityManager( 8519): Start proc com.miui.bugreport for broadcast com.miui.bugreport/.receiver.NetworkChangeReceiver: pid=16649 uid=1000 gids={41000, 3006, 1015, 1028, 3002, 3001, 3003, 3007, 1007}
W/ContextImpl(16649): Calling a method in the system process without a qualified user: android.app.ContextImpl.startService:-1 android.content.ContextWrapper.startService:-1 android.content.ContextWrapper.startService:-1 com.miui.bugreport.receiver.NetworkChangeReceiver.onReceive:34 android.app.ActivityThread.handleReceiver:-1 
I/ActivityManager( 8519): Start proc com.android.fileexplorer:remote for broadcast com.android.fileexplorer/cn.kuaipan.android.service.NetChangeReceiver: pid=16664 uid=10014 gids={50014, 3003, 1015, 1028}
I/ActivityManager( 8519): Start proc com.miui.gallery for broadcast com.miui.gallery/.cloud.AlbumShareInvitationReceiver: pid=16682 uid=10024 gids={50024, 3003, 1028, 1015, 1006}
I/ActivityManager( 8519): Start proc com.miui.player for broadcast com.miui.player/.receiver.AccountBroadcastReceiver: pid=16711 uid=10029 gids={50029, 3003, 1015, 1006, 1028}
W/ContextImpl(16443): Calling a method in the system process without a qualified user: android.app.ContextImpl.startService:-1 android.content.ContextWrapper.startService:-1 android.content.ContextWrapper.startService:-1 com.android.settings.MiuiSettingsReceiver.UpdateVirusLib:200 com.android.settings.MiuiSettingsReceiver.onReceive:64 
W/ActivityManager( 8519): Unable to start service Intent { act=miui.intent.action.UPDATE_VIRUS_LIB } U=0: not found
W/ContextImpl(16443): Calling a method in the system process without a qualified user: android.app.ContextImpl.startService:-1 android.content.ContextWrapper.startService:-1 android.content.ContextWrapper.startService:-1 com.android.settings.MiuiSettingsReceiver.onReceive:67 android.app.ActivityThread.handleReceiver:-1 
I/ActivityManager( 8519): Start proc com.miui.transfer:remote for broadcast com.miui.transfer/cn.kuaipan.android.service.NetChangeReceiver: pid=16736 uid=10040 gids={50040, 1007, 1015, 3003, 3002, 3001, 1006, 1028}
W/ActivityManager( 8519): Unable to start service Intent { cmp=com.miui.weather2/.service.UpdateService } U=0: not found
D/ConnectivityService( 8519): handleInetConditionHoldEnd: net=1, condition=100, published condition=0
D/StatusBar.NetworkController( 8616): updateTelephonySignalStrength: mSignalStrength == 10(GSM) 99(CDMA)
I/ActivityManager( 8519): Start proc com.miui.notes for content provider com.miui.notes/.data.NotesProvider: pid=16790 uid=10032 gids={50032, 1015, 3003, 1028}
I/ActivityManager( 8519): Start proc com.android.fileexplorer for content provider com.android.fileexplorer/.push.PushProvider: pid=16806 uid=10014 gids={50014, 3003, 1015, 1028}
E/NotificationService( 8519): Ignoring notification with icon==0: Notification(pri=0 contentView=com.android.fileexplorer/0x109008f vibrate=null sound=null defaults=0x0 flags=0x62 kind=[null])
I/ActivityManager( 8519): Start proc com.miui.video for content provider com.miui.video/.MiuiVideoWatermarkProvider: pid=16829 uid=10026 gids={50026, 3003, 1028, 1015, 1007}
W/ThrottleService( 8519): unable to find stats for iface rmnet0
D/ConnectivityService( 8519): ConnectivityChange for WIFI: DISCONNECTED/DISCONNECTED
D/ConnectivityService( 8519): Attempting to switch to mobile
D/ConnectivityService( 8519): Attempting to switch to BLUETOOTH_TETHER
D/ConnectivityService( 8519): resetConnections(wlan0, 3)
D/ConnectivityService( 8519): handleInetConditionChange: no active default network - ignore
W/ContextImpl(16443): Calling a method in the system process without a qualified user: android.app.ContextImpl.startService:-1 android.content.ContextWrapper.startService:-1 android.content.ContextWrapper.startService:-1 com.android.settings.MiuiSettingsReceiver.onReceive:74 android.app.ActivityThread.handleReceiver:-1 
D/StatusBar.NetworkController( 8616): updateTelephonySignalStrength: mSignalStrength == 10(GSM) 99(CDMA)
W/ContextImpl(16443): Calling a method in the system process without a qualified user: android.app.ContextImpl.startService:-1 android.content.ContextWrapper.startService:-1 android.content.ContextWrapper.startService:-1 com.android.settings.MiuiSettingsReceiver.onReceive:74 android.app.ActivityThread.handleReceiver:-1 
W/ContextImpl( 8519): Calling a method in the system process without a qualified user: android.app.ContextImpl.sendBroadcast:-1 com.android.internal.policy.impl.MiuiPhoneWindowManager.interceptKeyBeforeQueueing:469 com.android.server.wm.InputMonitor.interceptKeyBeforeQueueing:-1 com.android.server.input.InputManagerService.interceptKeyBeforeQueueing:-1 dalvik.system.NativeStart.run:-2 
I/PowerManagerService( 8519): Waking up from sleep...
I/WindowManager( 8519): Lock screen displayed!
W/ContextImpl( 8519): Calling a method in the system process without a qualified user: android.app.ContextImpl.sendBroadcast:-1 com.android.internal.policy.impl.PhoneWindowManager$Injector.sendPowerUpBroadcast:248 com.android.internal.policy.impl.PhoneWindowManager.interceptKeyBeforeQueueing:-1 com.android.internal.policy.impl.MiuiPhoneWindowManager.interceptKeyBeforeQueueing:507 com.android.server.wm.InputMonitor.interceptKeyBeforeQueueing:-1 
I/ActivityManager( 8519): Start proc com.miui.providers.datahub for content provider com.miui.providers.datahub/.DataHubProvider: pid=16892 uid=10008 gids={50008, 3006, 1028}
D/StatusBar.NetworkController( 8616): updateTelephonySignalStrength: mSignalStrength == 29(GSM) 99(CDMA)
W/ContextImpl( 8519): Calling a method in the system process without a qualified user: android.app.ContextImpl.sendBroadcast:-1 com.android.internal.policy.impl.MiuiPhoneWindowManager.interceptKeyBeforeQueueing:469 com.android.server.wm.InputMonitor.interceptKeyBeforeQueueing:-1 com.android.server.input.InputManagerService.interceptKeyBeforeQueueing:-1 dalvik.system.NativeStart.run:-2 
W/ContextImpl( 8519): Calling a method in the system process without a qualified user: android.app.ContextImpl.sendBroadcast:-1 com.android.internal.policy.impl.PhoneWindowManager$Injector.sendPowerUpBroadcast:248 com.android.internal.policy.impl.PhoneWindowManager.interceptKeyBeforeQueueing:-1 com.android.internal.policy.impl.MiuiPhoneWindowManager.interceptKeyBeforeQueueing:507 com.android.server.wm.InputMonitor.interceptKeyBeforeQueueing:-1 
I/PowerManagerService( 8519): Going to sleep by user request...
W/ContextImpl( 8519): Calling a method in the system process without a qualified user: android.app.ContextImpl.sendBroadcast:-1 android.content.ContextWrapper.sendBroadcast:-1 com.android.internal.policy.impl.MiuiLockPatternKeyguardView.sendKeyguardDurationAnalytics:803 com.android.internal.policy.impl.MiuiLockPatternKeyguardView.onScreenTurnedOff:762 com.android.internal.policy.impl.AbstractKeyguardViewManager.onScreenTurnedOff:249 
W/ContextImpl( 8519): Calling a method in the system process without a qualified user: android.app.ContextImpl.sendBroadcast:-1 android.content.ContextWrapper.sendBroadcast:-1 com.android.internal.policy.impl.MiuiLockPatternKeyguardView.sendKeyguardUsageAnalytics:794 com.android.internal.policy.impl.MiuiLockPatternKeyguardView.onScreenTurnedOff:763 com.android.internal.policy.impl.AbstractKeyguardViewManager.onScreenTurnedOff:249 
W/ContextImpl( 8519): Calling a method in the system process without a qualified user: android.app.ContextImpl.sendBroadcast:-1 android.content.ContextWrapper.sendBroadcast:-1 com.android.internal.policy.impl.MiuiLockPatternKeyguardView.sendKeyguardUsageAnalytics:794 com.android.internal.policy.impl.MiuiLockPatternKeyguardView.onScreenTurnedOff:763 com.android.internal.policy.impl.AbstractKeyguardViewManager.onScreenTurnedOff:249 
W/ContextImpl(16443): Calling a method in the system process without a qualified user: android.app.ContextImpl.startService:-1 android.content.ContextWrapper.startService:-1 android.content.ContextWrapper.startService:-1 com.android.settings.AnalyticsReceiver.onReceive:23 android.app.ActivityThread.handleReceiver:-1 
W/ContextImpl(16443): Calling a method in the system process without a qualified user: android.app.ContextImpl.startService:-1 android.content.ContextWrapper.startService:-1 android.content.ContextWrapper.startService:-1 com.android.settings.AnalyticsReceiver.onReceive:23 android.app.ActivityThread.handleReceiver:-1 
W/ContextImpl(16443): Calling a method in the system process without a qualified user: android.app.ContextImpl.startService:-1 android.content.ContextWrapper.startService:-1 android.content.ContextWrapper.startService:-1 com.android.settings.AnalyticsReceiver.onReceive:23 android.app.ActivityThread.handleReceiver:-1 
W/ContextImpl(16443): Calling a method in the system process without a qualified user: android.app.ContextImpl.startService:-1 android.content.ContextWrapper.startService:-1 android.content.ContextWrapper.startService:-1 com.android.settings.MiuiSettingsReceiver.onReceive:74 android.app.ActivityThread.handleReceiver:-1 
W/ContextImpl(16443): Calling a method in the system process without a qualified user: android.app.ContextImpl.startService:-1 android.content.ContextWrapper.startService:-1 android.content.ContextWrapper.startService:-1 com.android.settings.MiuiSettingsReceiver.onReceive:74 android.app.ActivityThread.handleReceiver:-1 
W/ContextImpl(16443): Calling a method in the system process without a qualified user: android.app.ContextImpl.startService:-1 android.content.ContextWrapper.startService:-1 android.content.ContextWrapper.startService:-1 com.android.settings.MiuiSettingsReceiver.onReceive:74 android.app.ActivityThread.handleReceiver:-1 
D/ConnectivityService( 8519): NetTransition Wakelock for WifiStateMachine released by timeout
D/ConnectivityService( 8519): Captive portal check NetworkInfo: type: WIFI[], state: CONNECTING/CAPTIVE_PORTAL_CHECK, reason: (unspecified), extra: "Troj80 Wi-Fi", roaming: false, failover: false, isAvailable: true
D/ConnectivityService( 8519): ConnectivityChange for WIFI: CONNECTED/CONNECTED
D/StatusBar.NetworkController( 8616): updateTelephonySignalStrength: mSignalStrength == 29(GSM) 99(CDMA)
W/ContextImpl(16649): Calling a method in the system process without a qualified user: android.app.ContextImpl.startService:-1 android.content.ContextWrapper.startService:-1 android.content.ContextWrapper.startService:-1 com.miui.bugreport.receiver.NetworkChangeReceiver.onReceive:34 android.app.ActivityThread.handleReceiver:-1 
W/ContextImpl(16443): Calling a method in the system process without a qualified user: android.app.ContextImpl.startService:-1 android.content.ContextWrapper.startService:-1 android.content.ContextWrapper.startService:-1 com.android.settings.MiuiSettingsReceiver.UpdateVirusLib:200 com.android.settings.MiuiSettingsReceiver.onReceive:64 
W/ActivityManager( 8519): Unable to start service Intent { act=miui.intent.action.UPDATE_VIRUS_LIB } U=0: not found
W/ContextImpl(16443): Calling a method in the system process without a qualified user: android.app.ContextImpl.startService:-1 android.content.ContextWrapper.startService:-1 android.content.ContextWrapper.startService:-1 com.android.settings.MiuiSettingsReceiver.onReceive:67 android.app.ActivityThread.handleReceiver:-1 
D/ConnectivityService( 8519): ConnectivityChange for WIFI: DISCONNECTED/DISCONNECTED
D/ConnectivityService( 8519): Attempting to switch to mobile
D/ConnectivityService( 8519): Attempting to switch to BLUETOOTH_TETHER
D/ConnectivityService( 8519): resetConnections(wlan0, 3)
W/ActivityManager( 8519): Unable to start service Intent { cmp=com.miui.weather2/.service.UpdateService } U=0: not found
D/ConnectivityService( 8519): handleInetConditionChange: no active default network - ignore
W/SocketClient( 8300): write error (Broken pipe)
W/SocketClient( 8300): write error (Broken pipe)
W/ContextImpl(16443): Calling a method in the system process without a qualified user: android.app.ContextImpl.startService:-1 android.content.ContextWrapper.startService:-1 android.content.ContextWrapper.startService:-1 com.android.settings.MiuiSettingsReceiver.onReceive:74 android.app.ActivityThread.handleReceiver:-1 
D/StatusBar.NetworkController( 8616): updateTelephonySignalStrength: mSignalStrength == 29(GSM) 99(CDMA)
D/ConnectivityService( 8519): NetTransition Wakelock for WifiStateMachine released by timeout
E/NetdConnector( 8519): NDC Command {59 interface ipv6 wlan0 disable} took too long (132804ms)
W/ThrottleService( 8519): unable to find stats for iface rmnet0
I/ActivityManager( 8519): Killing proc 16443:com.android.settings/1000: kill background
W/ActivityManager( 8519): Scheduling restart of crashed service com.android.settings/.analytics.ObserverService in 5000ms
W/ActivityManager( 8519): Scheduling restart of crashed service com.android.settings/.wifi.WifiRestoreService in 15000ms
I/ActivityManager( 8519): Killing proc 16560:com.miui.cloudservice/u0a10007: kill background
I/ActivityManager( 8519): Killing proc 16460:com.android.mms/u0a10028: kill background
W/ActivityManager( 8519): Scheduling restart of crashed service com.android.mms/.transaction.SmsReportService in 24977ms
I/ActivityManager( 8519): Killing proc 16736:com.miui.transfer:remote/u0a10040: kill background
I/ActivityManager( 8519): Killing proc 16635:com.android.updater/9802: kill background
W/ActivityManager( 8519): Scheduling restart of crashed service com.android.updater/.UpdaterBackgroundService in 34962ms
I/ActivityManager( 8519): Killing proc 16591:com.xiaomi.market/u0a10039: kill background
I/ActivityManager( 8519): Killing proc 16711:com.miui.player/u0a10029: kill background
I/ActivityManager( 8519): Killing proc 16682:com.miui.gallery/u0a10024: kill background
I/ActivityManager( 8519): Killing proc 16806:com.android.fileexplorer/u0a10014: kill background
I/ActivityManager( 8519): Killing proc 16572:com.xiaomi.payment/u0a10034: kill background
I/ActivityManager( 8519): Killing proc 16649:com.miui.bugreport/1000: kill background
I/ActivityManager( 8519): Killing proc 16615:com.android.thememanager/9801: kill background
I/ActivityManager( 8519): Killing proc 16536:com.android.browser/u0a10002: kill background
I/ActivityManager( 8519): Killing proc 16892:com.miui.providers.datahub/u0a10008: kill background
I/ActivityManager( 8519): Killing proc 16829:com.miui.video/u0a10026: kill background
I/ActivityManager( 8519): Killing proc 16664:com.android.fileexplorer:remote/u0a10014: kill background
W/ActivityManager( 8519): Scheduling restart of crashed service com.android.fileexplorer/cn.kuaipan.android.service.KscService in 34822ms
I/ActivityManager( 8519): Killing proc 16790:com.miui.notes/u0a10032: kill background
I/ActivityManager( 8519): Killing proc 16501:com.miui.guardprovider/u0a10018: kill background
W/ActivityManager( 8519): Scheduling restart of crashed service com.miui.guardprovider/.SecureService in 44798ms
W/ActivityManager( 8519): Invalid packageName: 
W/ContextImpl( 8519): Calling a method in the system process without a qualified user: android.app.ContextImpl.sendBroadcast:-1 com.android.internal.policy.impl.MiuiPhoneWindowManager.interceptKeyBeforeQueueing:469 com.android.server.wm.InputMonitor.interceptKeyBeforeQueueing:-1 com.android.server.input.InputManagerService.interceptKeyBeforeQueueing:-1 dalvik.system.NativeStart.run:-2 
I/PowerManagerService( 8519): Waking up from sleep...
I/WindowManager( 8519): Lock screen displayed!
D/StatusBar.NetworkController( 8616): updateTelephonySignalStrength: mSignalStrength == 7(GSM) 99(CDMA)
W/ContextImpl( 8519): Calling a method in the system process without a qualified user: android.app.ContextImpl.sendBroadcast:-1 com.android.internal.policy.impl.PhoneWindowManager$Injector.sendPowerUpBroadcast:248 com.android.internal.policy.impl.PhoneWindowManager.interceptKeyBeforeQueueing:-1 com.android.internal.policy.impl.MiuiPhoneWindowManager.interceptKeyBeforeQueueing:507 com.android.server.wm.InputMonitor.interceptKeyBeforeQueueing:-1 
D/PhoneStatusBar( 8616): disable: < expand icons alerts TICKER* system_info back* home* RECENT clock >
I/ActivityManager( 8519): Start proc com.android.settings for broadcast com.android.settings/.MiuiSettingsReceiver: pid=16968 uid=1000 gids={41000, 3006, 1015, 1028, 3002, 3001, 3003, 3007, 1007}
D/PhoneStatusBar( 8616): disable: < expand icons alerts ticker* system_info BACK* HOME* RECENT clock >
W/ContextImpl(16968): Calling a method in the system process without a qualified user: android.app.ContextImpl.startService:-1 android.content.ContextWrapper.startService:-1 com.miui.securitycenter.SecurityCenterApplication.onCreate:20 com.android.settings.MiuiSettingApplication.onCreate:18 android.app.Instrumentation.callApplicationOnCreate:-1 
W/ContextImpl(16968): Calling a method in the system process without a qualified user: android.app.ContextImpl.startService:-1 android.content.ContextWrapper.startService:-1 com.miui.securitycenter.SecurityCenterApplication.onCreate:23 com.android.settings.MiuiSettingApplication.onCreate:18 android.app.Instrumentation.callApplicationOnCreate:-1 
W/ContextImpl(16968): Calling a method in the system process without a qualified user: android.app.ContextImpl.startService:-1 android.content.ContextWrapper.startService:-1 android.content.ContextWrapper.startService:-1 com.android.settings.MiuiSettingsReceiver.onReceive:74 android.app.ActivityThread.handleReceiver:-1 
D/PhoneStatusBar( 8616): disable: < expand icons alerts TICKER* system_info back* home* RECENT clock >
D/StatusBar.NetworkController( 8616): updateTelephonySignalStrength: mSignalStrength == 7(GSM) 99(CDMA)
W/ContextImpl(16968): Calling a method in the system process without a qualified user: android.app.ContextImpl.startService:-1 android.content.ContextWrapper.startService:-1 android.content.ContextWrapper.startService:-1 com.android.settings.MiuiSettingsReceiver.onReceive:74 android.app.ActivityThread.handleReceiver:-1 
D/PhoneStatusBar( 8616): disable: < expand icons alerts ticker* system_info BACK* HOME* RECENT clock >
D/PhoneStatusBar( 8616): disable: < expand icons alerts TICKER* system_info back* home* RECENT clock >
D/PhoneStatusBar( 8616): disable: < expand icons alerts ticker* system_info BACK* HOME* RECENT clock >
D/StatusBar.NetworkController( 8616): updateTelephonySignalStrength: mSignalStrength == 8(GSM) 99(CDMA)
D/PhoneStatusBar( 8616): disable: < expand icons alerts TICKER* system_info back* home* RECENT clock >
D/PhoneStatusBar( 8616): disable: < expand icons alerts ticker* system_info BACK* HOME* RECENT clock >
D/StatusBar.NetworkController( 8616): updateTelephonySignalStrength: mSignalStrength == 11(GSM) 99(CDMA)
D/PhoneStatusBar( 8616): disable: < expand icons alerts TICKER* system_info back* home* RECENT clock >
D/PhoneStatusBar( 8616): disable: < expand icons alerts ticker* system_info BACK* HOME* RECENT clock >
D/PhoneStatusBar( 8616): disable: < expand icons alerts TICKER* system_info back* home* RECENT clock >
D/StatusBar.NetworkController( 8616): updateTelephonySignalStrength: mSignalStrength == 16(GSM) 99(CDMA)
D/PhoneStatusBar( 8616): disable: < expand icons alerts ticker* system_info BACK* HOME* RECENT clock >
D/StatusBar.NetworkController( 8616): updateTelephonySignalStrength: mSignalStrength == 24(GSM) 99(CDMA)
D/PhoneStatusBar( 8616): disable: < expand icons alerts TICKER* system_info back* home* RECENT clock >
D/PhoneStatusBar( 8616): disable: < expand icons alerts ticker* system_info BACK* HOME* RECENT clock >
D/PhoneStatusBar( 8616): disable: < expand icons alerts TICKER* system_info back* home* RECENT clock >
D/PhoneStatusBar( 8616): disable: < expand icons alerts ticker* system_info BACK* HOME* RECENT clock >
D/StatusBar.NetworkController( 8616): updateTelephonySignalStrength: mSignalStrength == 26(GSM) 99(CDMA)
D/PhoneStatusBar( 8616): disable: < expand icons alerts TICKER* system_info back* home* RECENT clock >
D/PhoneStatusBar( 8616): disable: < expand icons alerts ticker* system_info BACK* HOME* RECENT clock >
W/ContextImpl(16968): Calling a method in the system process without a qualified user: android.app.ContextImpl.startService:-1 android.content.ContextWrapper.startService:-1 android.content.ContextWrapper.startService:-1 com.android.settings.MiuiSettingsReceiver.onReceive:74 android.app.ActivityThread.handleReceiver:-1 
D/PhoneStatusBar( 8616): disable: < expand icons alerts TICKER* system_info back* home* RECENT clock >
D/PhoneStatusBar( 8616): disable: < expand icons alerts ticker* system_info BACK* HOME* RECENT clock >
D/StatusBar.NetworkController( 8616): updateTelephonySignalStrength: mSignalStrength == 28(GSM) 99(CDMA)
D/ConnectivityService( 8519): Captive portal check NetworkInfo: type: WIFI[], state: CONNECTING/CAPTIVE_PORTAL_CHECK, reason: (unspecified), extra: "DIR-300NRUB7", roaming: false, failover: false, isAvailable: true
D/ConnectivityService( 8519): ConnectivityChange for WIFI: CONNECTED/CONNECTED
D/PhoneStatusBar( 8616): disable: < expand icons alerts TICKER* system_info back* home* RECENT clock >
I/ActivityManager( 8519): Start proc com.android.mms for service com.android.mms/.transaction.SmsReportService: pid=17045 uid=10028 gids={50028, 3003, 1015, 1006, 1007, 1028}
D/PhoneStatusBar( 8616): disable: < expand icons alerts ticker* system_info BACK* HOME* RECENT clock >
I/ActivityManager( 8519): Start proc com.android.browser for broadcast com.android.browser/com.xiaomi.push.service.receivers.NetworkStatusReceiver: pid=17068 uid=10002 gids={50002, 3003, 1015, 1007, 1028}
D/StatusBar.NetworkController( 8616): updateTelephonySignalStrength: mSignalStrength == 28(GSM) 99(CDMA)
I/ActivityManager( 8519): Start proc com.xiaomi.payment for broadcast com.xiaomi.payment/com.xiaomi.push.service.receivers.NetworkStatusReceiver: pid=17093 uid=10034 gids={50034, 3003, 1015, 1006, 1028}
I/ActivityManager( 8519): Start proc com.miui.cloudservice for service com.miui.cloudservice/.wifi.WifiSyncService: pid=17106 uid=10007 gids={50007, 3003, 1028}
D/StatusBar.NetworkController( 8616): updateTelephonySignalStrength: mSignalStrength == 25(GSM) 99(CDMA)
I/ActivityManager( 8519): Start proc com.xiaomi.market for broadcast com.xiaomi.market/com.xiaomi.push.service.receivers.NetworkStatusReceiver: pid=17123 uid=10039 gids={50039, 1015, 3003, 1028}
I/ActivityManager( 8519): Start proc com.android.thememanager for broadcast com.android.thememanager/com.xiaomi.push.service.receivers.NetworkStatusReceiver: pid=17150 uid=9801 gids={49801, 2001, 3003, 1015, 1028}
I/ActivityManager( 8519): Start proc com.android.updater for broadcast com.android.updater/com.xiaomi.push.service.receivers.NetworkStatusReceiver: pid=17171 uid=9802 gids={49802, 3003, 1015, 2001, 1007, 1028}
I/ActivityManager( 8519): Start proc com.miui.bugreport for broadcast com.miui.bugreport/.receiver.NetworkChangeReceiver: pid=17186 uid=1000 gids={41000, 3006, 1015, 1028, 3002, 3001, 3003, 3007, 1007}
W/ContextImpl(17186): Calling a method in the system process without a qualified user: android.app.ContextImpl.startService:-1 android.content.ContextWrapper.startService:-1 android.content.ContextWrapper.startService:-1 com.miui.bugreport.receiver.NetworkChangeReceiver.onReceive:34 android.app.ActivityThread.handleReceiver:-1 
I/ActivityManager( 8519): Start proc com.android.fileexplorer:remote for broadcast com.android.fileexplorer/cn.kuaipan.android.service.NetChangeReceiver: pid=17204 uid=10014 gids={50014, 3003, 1015, 1028}
D/StatusBar.NetworkController( 8616): updateTelephonySignalStrength: mSignalStrength == 24(GSM) 99(CDMA)
I/ActivityManager( 8519): Start proc com.miui.gallery for broadcast com.miui.gallery/.cloud.AlbumShareInvitationReceiver: pid=17222 uid=10024 gids={50024, 3003, 1028, 1015, 1006}
I/ActivityManager( 8519): Start proc com.miui.player for broadcast com.miui.player/.receiver.AccountBroadcastReceiver: pid=17249 uid=10029 gids={50029, 3003, 1015, 1006, 1028}
D/StatusBar.NetworkController( 8616): updateTelephonySignalStrength: mSignalStrength == 23(GSM) 99(CDMA)
W/ContextImpl(16968): Calling a method in the system process without a qualified user: android.app.ContextImpl.startService:-1 android.content.ContextWrapper.startService:-1 android.content.ContextWrapper.startService:-1 com.android.settings.MiuiSettingsReceiver.UpdateVirusLib:200 com.android.settings.MiuiSettingsReceiver.onReceive:64 
W/ActivityManager( 8519): Unable to start service Intent { act=miui.intent.action.UPDATE_VIRUS_LIB } U=0: not found
W/ContextImpl(16968): Calling a method in the system process without a qualified user: android.app.ContextImpl.startService:-1 android.content.ContextWrapper.startService:-1 android.content.ContextWrapper.startService:-1 com.android.settings.MiuiSettingsReceiver.onReceive:67 android.app.ActivityThread.handleReceiver:-1 
I/ActivityManager( 8519): Start proc com.miui.transfer:remote for broadcast com.miui.transfer/cn.kuaipan.android.service.NetChangeReceiver: pid=17270 uid=10040 gids={50040, 1007, 1015, 3003, 3002, 3001, 1006, 1028}
D/StatusBar.NetworkController( 8616): updateTelephonySignalStrength: mSignalStrength == 22(GSM) 99(CDMA)
W/ActivityManager( 8519): Unable to start service Intent { cmp=com.miui.weather2/.service.UpdateService } U=0: not found
D/StatusBar.NetworkController( 8616): updateTelephonySignalStrength: mSignalStrength == 20(GSM) 99(CDMA)
D/StatusBar.NetworkController( 8616): updateTelephonySignalStrength: mSignalStrength == 19(GSM) 99(CDMA)
I/ActivityManager( 8519): Start proc com.miui.guardprovider for service com.miui.guardprovider/.SecureService: pid=17308 uid=10018 gids={50018, 3003, 1015, 1028}
D/PhoneStatusBar( 8616): disable: < expand icons alerts TICKER* system_info back* home* RECENT clock >
D/StatusBar.NetworkController( 8616): updateTelephonySignalStrength: mSignalStrength == 18(GSM) 99(CDMA)
D/StatusBar.NetworkController( 8616): updateTelephonySignalStrength: mSignalStrength == 15(GSM) 99(CDMA)
D/PhoneStatusBar( 8616): disable: < expand icons alerts ticker* system_info BACK* HOME* RECENT clock >
D/PhoneStatusBar( 8616): disable: < expand icons alerts TICKER* system_info back* home* RECENT clock >
D/PhoneStatusBar( 8616): disable: < expand icons alerts ticker* system_info BACK* HOME* RECENT clock >
D/StatusBar.NetworkController( 8616): updateTelephonySignalStrength: mSignalStrength == 16(GSM) 99(CDMA)
D/StatusBar.NetworkController( 8616): updateTelephonySignalStrength: mSignalStrength == 15(GSM) 99(CDMA)
D/PhoneStatusBar( 8616): disable: < expand icons alerts TICKER* system_info back* home* RECENT clock >
D/PhoneStatusBar( 8616): disable: < expand icons alerts ticker* system_info BACK* HOME* RECENT clock >
D/PhoneStatusBar( 8616): disable: < expand icons alerts TICKER* system_info back* home* RECENT clock >
D/PhoneStatusBar( 8616): disable: < expand icons alerts ticker* system_info BACK* HOME* RECENT clock >
D/PhoneStatusBar( 8616): disable: < expand icons alerts TICKER* system_info back* home* RECENT clock >
D/StatusBar.NetworkController( 8616): updateTelephonySignalStrength: mSignalStrength == 16(GSM) 99(CDMA)
D/PhoneStatusBar( 8616): disable: < expand icons alerts ticker* system_info BACK* HOME* RECENT clock >
D/StatusBar.NetworkController( 8616): updateTelephonySignalStrength: mSignalStrength == 18(GSM) 99(CDMA)
D/PhoneStatusBar( 8616): disable: < expand icons alerts TICKER* system_info back* home* RECENT clock >
D/PhoneStatusBar( 8616): disable: < expand icons alerts ticker* system_info BACK* HOME* RECENT clock >
D/PhoneStatusBar( 8616): disable: < expand icons alerts TICKER* system_info back* home* RECENT clock >
D/PhoneStatusBar( 8616): disable: < expand icons alerts ticker* system_info BACK* HOME* RECENT clock >
D/PhoneStatusBar( 8616): disable: < expand icons alerts TICKER* system_info back* home* RECENT clock >
D/PhoneStatusBar( 8616): disable: < expand icons alerts ticker* system_info BACK* HOME* RECENT clock >
D/PhoneStatusBar( 8616): disable: < expand icons alerts TICKER* system_info back* home* RECENT clock >
D/ConnectivityService( 8519): handleInetConditionHoldEnd: net=1, condition=100, published condition=0
D/StatusBar.NetworkController( 8616): updateTelephonySignalStrength: mSignalStrength == 18(GSM) 99(CDMA)
D/PhoneStatusBar( 8616): disable: < expand icons alerts ticker* system_info BACK* HOME* RECENT clock >
D/PhoneStatusBar( 8616): disable: < expand icons alerts TICKER* system_info back* home* RECENT clock >
D/PhoneStatusBar( 8616): disable: < expand icons alerts ticker* system_info BACK* HOME* RECENT clock >
D/PhoneStatusBar( 8616): disable: < expand icons alerts TICKER* system_info back* home* RECENT clock >
D/StatusBar.NetworkController( 8616): updateTelephonySignalStrength: mSignalStrength == 17(GSM) 99(CDMA)
D/PhoneStatusBar( 8616): disable: < expand icons alerts ticker* system_info BACK* HOME* RECENT clock >
D/PhoneStatusBar( 8616): disable: < expand icons alerts TICKER* system_info back* home* RECENT clock >
D/PhoneStatusBar( 8616): disable: < expand icons alerts ticker* system_info BACK* HOME* RECENT clock >
D/PhoneStatusBar( 8616): disable: < expand icons alerts TICKER* system_info back* home* RECENT clock >
D/PhoneStatusBar( 8616): disable: < expand icons alerts ticker* system_info BACK* HOME* RECENT clock >
D/PhoneStatusBar( 8616): disable: < expand icons alerts TICKER* system_info back* home* RECENT clock >
D/PhoneStatusBar( 8616): disable: < expand icons alerts ticker* system_info BACK* HOME* RECENT clock >
D/PhoneStatusBar( 8616): disable: < expand icons alerts TICKER* system_info back* home* RECENT clock >
D/StatusBar.NetworkController( 8616): updateTelephonySignalStrength: mSignalStrength == 18(GSM) 99(CDMA)
D/PhoneStatusBar( 8616): disable: < expand icons alerts ticker* system_info BACK* HOME* RECENT clock >
D/PhoneStatusBar( 8616): disable: < expand icons alerts TICKER* system_info back* home* RECENT clock >
D/StatusBar.NetworkController( 8616): updateTelephonySignalStrength: mSignalStrength == 16(GSM) 99(CDMA)
D/PhoneStatusBar( 8616): disable: < expand icons alerts ticker* system_info BACK* HOME* RECENT clock >
D/StatusBar.NetworkController( 8616): updateTelephonySignalStrength: mSignalStrength == 13(GSM) 99(CDMA)
D/PhoneStatusBar( 8616): disable: < expand icons alerts TICKER* system_info back* home* RECENT clock >
D/PhoneStatusBar( 8616): disable: < expand icons alerts ticker* system_info BACK* HOME* RECENT clock >
D/StatusBar.NetworkController( 8616): updateTelephonySignalStrength: mSignalStrength == 14(GSM) 99(CDMA)
D/PhoneStatusBar( 8616): disable: < expand icons alerts TICKER* system_info back* home* RECENT clock >
D/PhoneStatusBar( 8616): disable: < expand icons alerts ticker* system_info BACK* HOME* RECENT clock >
D/PhoneStatusBar( 8616): disable: < expand icons alerts TICKER* system_info back* home* RECENT clock >
D/StatusBar.NetworkController( 8616): updateTelephonySignalStrength: mSignalStrength == 18(GSM) 99(CDMA)
D/PhoneStatusBar( 8616): disable: < expand icons alerts ticker* system_info BACK* HOME* RECENT clock >
D/StatusBar.NetworkController( 8616): updateTelephonySignalStrength: mSignalStrength == 17(GSM) 99(CDMA)
D/StatusBar.NetworkController( 8616): updateTelephonySignalStrength: mSignalStrength == 18(GSM) 99(CDMA)
D/StatusBar.NetworkController( 8616): updateTelephonySignalStrength: mSignalStrength == 19(GSM) 99(CDMA)
D/StatusBar.NetworkController( 8616): updateTelephonySignalStrength: mSignalStrength == 18(GSM) 99(CDMA)
D/ConnectivityService( 8519): ConnectivityChange for WIFI: DISCONNECTED/DISCONNECTED
D/ConnectivityService( 8519): Attempting to switch to mobile
D/ConnectivityService( 8519): Attempting to switch to BLUETOOTH_TETHER
D/ConnectivityService( 8519): resetConnections(wlan0, 3)
W/SocketClient( 8300): write error (Broken pipe)
D/ConnectivityService( 8519): handleInetConditionChange: no active default network - ignore
W/ContextImpl(16968): Calling a method in the system process without a qualified user: android.app.ContextImpl.startService:-1 android.content.ContextWrapper.startService:-1 android.content.ContextWrapper.startService:-1 com.android.settings.MiuiSettingsReceiver.onReceive:74 android.app.ActivityThread.handleReceiver:-1 
D/PhoneStatusBar( 8616): disable: < expand icons alerts TICKER* system_info back* home* RECENT clock >
D/StatusBar.NetworkController( 8616): updateTelephonySignalStrength: mSignalStrength == 18(GSM) 99(CDMA)
W/ContextImpl(16968): Calling a method in the system process without a qualified user: android.app.ContextImpl.startService:-1 android.content.ContextWrapper.startService:-1 android.content.ContextWrapper.startService:-1 com.android.settings.MiuiSettingsReceiver.onReceive:74 android.app.ActivityThread.handleReceiver:-1 
D/PhoneStatusBar( 8616): disable: < expand icons alerts ticker* system_info BACK* HOME* RECENT clock >
D/StatusBar.NetworkController( 8616): updateTelephonySignalStrength: mSignalStrength == 21(GSM) 99(CDMA)
W/ContextImpl(16968): Calling a method in the system process without a qualified user: android.app.ContextImpl.startService:-1 android.content.ContextWrapper.startService:-1 android.content.ContextWrapper.startService:-1 com.android.settings.MiuiSettingsReceiver.onReceive:74 android.app.ActivityThread.handleReceiver:-1 
D/PhoneStatusBar( 8616): addNotification score=0; pkg=android
D/PhoneStatusBar( 8616): disable: < expand icons alerts TICKER* system_info back* home* RECENT clock >
D/PhoneStatusBar( 8616): disable: < expand icons alerts ticker* system_info BACK* HOME* RECENT clock >
D/PhoneStatusBar( 8616): disable: < expand icons alerts TICKER* system_info back* home* RECENT clock >
D/PhoneStatusBar( 8616): disable: < expand icons alerts ticker* system_info BACK* HOME* RECENT clock >
D/StatusBar.NetworkController( 8616): updateTelephonySignalStrength: mSignalStrength == 26(GSM) 99(CDMA)
D/PhoneStatusBar( 8616): disable: < expand icons alerts TICKER* system_info back* home* RECENT clock >
W/ContextImpl(16968): Calling a method in the system process without a qualified user: android.app.ContextImpl.startService:-1 android.content.ContextWrapper.startService:-1 android.content.ContextWrapper.startService:-1 com.android.settings.MiuiSettingsReceiver.onReceive:74 android.app.ActivityThread.handleReceiver:-1 
D/PhoneStatusBar( 8616): disable: < expand icons alerts ticker* system_info BACK* HOME* RECENT clock >
D/PhoneStatusBar( 8616): disable: < expand icons alerts TICKER* system_info back* home* RECENT clock >
D/PhoneStatusBar( 8616): disable: < expand icons alerts ticker* system_info BACK* HOME* RECENT clock >
D/PhoneStatusBar( 8616): disable: < expand icons alerts TICKER* system_info back* home* RECENT clock >
D/PhoneStatusBar( 8616): disable: < expand icons alerts ticker* system_info BACK* HOME* RECENT clock >
D/PhoneStatusBar( 8616): disable: < expand icons alerts TICKER* system_info back* home* RECENT clock >
D/StatusBar.NetworkController( 8616): updateTelephonySignalStrength: mSignalStrength == 29(GSM) 99(CDMA)
W/ContextImpl(16968): Calling a method in the system process without a qualified user: android.app.ContextImpl.startService:-1 android.content.ContextWrapper.startService:-1 android.content.ContextWrapper.startService:-1 com.android.settings.MiuiSettingsReceiver.onReceive:74 android.app.ActivityThread.handleReceiver:-1 
D/PhoneStatusBar( 8616): disable: < expand icons alerts ticker* system_info BACK* HOME* RECENT clock >
D/PhoneStatusBar( 8616): disable: < expand icons alerts TICKER* system_info back* home* RECENT clock >
D/NetlinkEvent( 8300): Unexpected netlink message. type=0xf
D/PhoneStatusBar( 8616): disable: < expand icons alerts ticker* system_info BACK* HOME* RECENT clock >
D/PhoneStatusBar( 8616): disable: < expand icons alerts TICKER* system_info back* home* RECENT clock >
D/StatusBar.NetworkController( 8616): updateTelephonySignalStrength: mSignalStrength == 30(GSM) 99(CDMA)
W/ContextImpl(16968): Calling a method in the system process without a qualified user: android.app.ContextImpl.startService:-1 android.content.ContextWrapper.startService:-1 android.content.ContextWrapper.startService:-1 com.android.settings.MiuiSettingsReceiver.onReceive:74 android.app.ActivityThread.handleReceiver:-1 
D/NetlinkEvent( 8300): Unexpected netlink message. type=0x30
D/NetlinkEvent( 8300): Unexpected netlink message. type=0x30
D/NetlinkEvent( 8300): Unexpected netlink message. type=0x30
D/NetlinkEvent( 8300): Unexpected netlink message. type=0x30
D/NetlinkEvent( 8300): Unexpected netlink message. type=0x30
D/NetlinkEvent( 8300): Unexpected netlink message. type=0x30
D/NetlinkEvent( 8300): Unexpected netlink message. type=0x30
D/NetlinkEvent( 8300): Unexpected netlink message. type=0x30
D/NetlinkEvent( 8300): Unexpected netlink message. type=0x30
D/NetlinkEvent( 8300): Unexpected netlink message. type=0x30
D/PhoneStatusBar( 8616): disable: < expand icons alerts ticker* system_info BACK* HOME* RECENT clock >
D/PhoneStatusBar( 8616): disable: < expand icons alerts TICKER* system_info back* home* RECENT clock >
D/PhoneStatusBar( 8616): disable: < expand icons alerts ticker* system_info BACK* HOME* RECENT clock >
D/PhoneStatusBar( 8616): disable: < expand icons alerts TICKER* system_info back* home* RECENT clock >
W/ContextImpl(16968): Calling a method in the system process without a qualified user: android.app.ContextImpl.startService:-1 android.content.ContextWrapper.startService:-1 android.content.ContextWrapper.startService:-1 com.android.settings.MiuiSettingsReceiver.onReceive:74 android.app.ActivityThread.handleReceiver:-1 
D/StatusBar.NetworkController( 8616): updateTelephonySignalStrength: mSignalStrength == 31(GSM) 99(CDMA)
D/PhoneStatusBar( 8616): disable: < expand icons alerts ticker* system_info BACK* HOME* RECENT clock >
D/NetlinkEvent( 8300): Unexpected netlink message. type=0xf
D/PhoneStatusBar( 8616): disable: < expand icons alerts TICKER* system_info back* home* RECENT clock >
D/PhoneStatusBar( 8616): disable: < expand icons alerts ticker* system_info BACK* HOME* RECENT clock >
D/PhoneStatusBar( 8616): disable: < expand icons alerts TICKER* system_info back* home* RECENT clock >
D/PhoneStatusBar( 8616): disable: < expand icons alerts ticker* system_info BACK* HOME* RECENT clock >
W/ContextImpl(16968): Calling a method in the system process without a qualified user: android.app.ContextImpl.startService:-1 android.content.ContextWrapper.startService:-1 android.content.ContextWrapper.startService:-1 com.android.settings.MiuiSettingsReceiver.onReceive:74 android.app.ActivityThread.handleReceiver:-1 
D/PhoneStatusBar( 8616): disable: < expand icons alerts TICKER* system_info back* home* RECENT clock >
D/NetlinkEvent( 8300): Unexpected netlink message. type=0xf
D/PhoneStatusBar( 8616): disable: < expand icons alerts ticker* system_info BACK* HOME* RECENT clock >
D/PhoneStatusBar( 8616): disable: < expand icons alerts TICKER* system_info back* home* RECENT clock >
D/PhoneStatusBar( 8616): disable: < expand icons alerts ticker* system_info BACK* HOME* RECENT clock >
D/PhoneStatusBar( 8616): disable: < expand icons alerts TICKER* system_info back* home* RECENT clock >
D/PhoneStatusBar( 8616): disable: < expand icons alerts ticker* system_info BACK* HOME* RECENT clock >
W/ContextImpl(16968): Calling a method in the system process without a qualified user: android.app.ContextImpl.startService:-1 android.content.ContextWrapper.startService:-1 android.content.ContextWrapper.startService:-1 com.android.settings.MiuiSettingsReceiver.onReceive:74 android.app.ActivityThread.handleReceiver:-1 
D/PhoneStatusBar( 8616): disable: < expand icons alerts TICKER* system_info back* home* RECENT clock >
D/NetlinkEvent( 8300): Unexpected netlink message. type=0xf
D/PhoneStatusBar( 8616): disable: < expand icons alerts ticker* system_info BACK* HOME* RECENT clock >
D/PhoneStatusBar( 8616): disable: < expand icons alerts TICKER* system_info back* home* RECENT clock >
D/PhoneStatusBar( 8616): disable: < expand icons alerts ticker* system_info BACK* HOME* RECENT clock >
D/PhoneStatusBar( 8616): disable: < expand icons alerts TICKER* system_info back* home* RECENT clock >
D/PhoneStatusBar( 8616): disable: < expand icons alerts ticker* system_info BACK* HOME* RECENT clock >
W/ContextImpl(16968): Calling a method in the system process without a qualified user: android.app.ContextImpl.startService:-1 android.content.ContextWrapper.startService:-1 android.content.ContextWrapper.startService:-1 com.android.settings.MiuiSettingsReceiver.onReceive:74 android.app.ActivityThread.handleReceiver:-1 
D/StatusBar.NetworkController( 8616): updateTelephonySignalStrength: mSignalStrength == 29(GSM) 99(CDMA)
D/NetlinkEvent( 8300): Unexpected netlink message. type=0xf
W/ContextImpl(16968): Calling a method in the system process without a qualified user: android.app.ContextImpl.startService:-1 android.content.ContextWrapper.startService:-1 android.content.ContextWrapper.startService:-1 com.android.settings.MiuiSettingsReceiver.onReceive:74 android.app.ActivityThread.handleReceiver:-1 
D/StatusBar.NetworkController( 8616): updateTelephonySignalStrength: mSignalStrength == 27(GSM) 99(CDMA)
D/PhoneStatusBar( 8616): disable: < expand icons alerts TICKER* system_info back* home* RECENT clock >
D/PhoneStatusBar( 8616): disable: < expand icons alerts ticker* system_info BACK* HOME* RECENT clock >
D/PhoneStatusBar( 8616): disable: < expand icons alerts TICKER* system_info back* home* RECENT clock >
D/PhoneStatusBar( 8616): disable: < expand icons alerts ticker* system_info BACK* HOME* RECENT clock >
D/StatusBar.NetworkController( 8616): updateTelephonySignalStrength: mSignalStrength == 26(GSM) 99(CDMA)
D/PhoneStatusBar( 8616): disable: < expand icons alerts TICKER* system_info back* home* RECENT clock >
D/StatusBar.NetworkController( 8616): updateTelephonySignalStrength: mSignalStrength == 25(GSM) 99(CDMA)
D/PhoneStatusBar( 8616): disable: < expand icons alerts ticker* system_info BACK* HOME* RECENT clock >
D/PhoneStatusBar( 8616): disable: < expand icons alerts TICKER* system_info back* home* RECENT clock >
D/PhoneStatusBar( 8616): disable: < expand icons alerts ticker* system_info BACK* HOME* RECENT clock >
D/PhoneStatusBar( 8616): disable: < expand icons alerts TICKER* system_info back* home* RECENT clock >
D/PhoneStatusBar( 8616): disable: < expand icons alerts ticker* system_info BACK* HOME* RECENT clock >
D/PhoneStatusBar( 8616): disable: < expand icons alerts TICKER* system_info back* home* RECENT clock >
D/StatusBar.NetworkController( 8616): updateTelephonySignalStrength: mSignalStrength == 26(GSM) 99(CDMA)
D/PhoneStatusBar( 8616): disable: < expand icons alerts ticker* system_info BACK* HOME* RECENT clock >
D/PhoneStatusBar( 8616): disable: < expand icons alerts TICKER* system_info back* home* RECENT clock >
D/PhoneStatusBar( 8616): disable: < expand icons alerts ticker* system_info BACK* HOME* RECENT clock >
D/PhoneStatusBar( 8616): disable: < expand icons alerts TICKER* system_info back* home* RECENT clock >
W/ContextImpl(16968): Calling a method in the system process without a qualified user: android.app.ContextImpl.startService:-1 android.content.ContextWrapper.startService:-1 android.content.ContextWrapper.startService:-1 com.android.settings.MiuiSettingsReceiver.onReceive:74 android.app.ActivityThread.handleReceiver:-1 
