D/PhoneStatusBar( 8616): disable: < expand icons alerts TICKER* system_info back home recent clock >
I/PackageInstaller(21354): no recommeded for this package: pro.burgerz.wsm.manager(ver=215)
E/ActivityThread(21354): Failed to find provider info for com.xiaomi.gamecenter.miui.recommend
I/XIAOMIANALYTICS( 8616): start session(com.android.systemui)
I/XIAOMIANALYTICS( 8616): end session(com.android.systemui)
W/Settings(21354): Setting install_non_market_apps has moved from android.provider.Settings.Secure to android.provider.Settings.Global.
D/dalvikvm( 8721): GC_CONCURRENT freed 407K, 39% free 7595K/12312K, paused 19ms+3ms, total 163ms
D/dalvikvm(21371): Trying to load lib /data/data/com.lbe.security.miui/app_lib/libfwclient.so 0x41902190
D/dalvikvm(21371): Added shared lib /data/data/com.lbe.security.miui/app_lib/libfwclient.so 0x41902190
I/ActivityManager( 8519): Start proc com.android.fileexplorer:remote for service com.android.fileexplorer/cn.kuaipan.android.service.KscService: pid=21371 uid=10014 gids={50014, 3003, 1015, 1028}
D/dalvikvm( 8519): GC_EXPLICIT freed 1909K, 19% free 20725K/25568K, paused 4ms+14ms, total 194ms
E/Trace   (21371): error opening trace file: No such file or directory (2)
I/ GuardProvider(21295): LRL query:uri:content://guard/virus_infomation match:1019
E/QScanCacheManager(21295): /data/data/com.miui.guardprovider/files/qscan.cache: open failed: ENOENT (No such file or directory)
V/KscService(21371): Not found createProvider(KssProvicer, String) in service: local_file
V/KscService(21371): Not found createProvider(KssProvicer, String) in service: file_oper
V/KscService(21371): Not found createProvider(KssProvicer, String) in service: report
V/KscService(21371): Not found createProvider(KssProvicer, String) in service: file_push
V/KscService(21371): Not found createProvider(KssProvicer, String) in service: thumb
E/getCommonFilePath(21295): getCommonFilePath error
D/IconCustomizer( 8721): Content Ratio = 1.0
I/Choreographer(21354): Skipped 49 frames!  The application may be doing too much work on its main thread.
D/libEGL  (21354): loaded /system/lib/egl/libEGL_adreno200.so
D/libEGL  (21354): loaded /system/lib/egl/libGLESv1_CM_adreno200.so
D/libEGL  (21354): loaded /system/lib/egl/libGLESv2_adreno200.so
I/Adreno200-EGL(21354): <qeglDrvAPI_eglInitialize:294>: EGL 1.4 QUALCOMM build: AU_LINUX_ANDROID_JB.04.01.01.00.036_msm8960_JB_CL2644550_release_AU (CL2644550)
I/Adreno200-EGL(21354): Build Date: 07/31/12 Tue
I/Adreno200-EGL(21354): Local Branch: 
I/Adreno200-EGL(21354): Remote Branch: quic/master
I/Adreno200-EGL(21354): Local Patches: NONE
I/Adreno200-EGL(21354): Reconstruct Branch: AU_LINUX_ANDROID_JB.04.01.01.00.036 +  NOTHING
D/OpenGLRenderer(21354): Enabling debug mode 0
I/ActivityManager( 8519): Displayed com.android.packageinstaller/.PackageInstallerActivity: +2s500ms
D/dalvikvm(21371): GC_CONCURRENT freed 4777K, 48% free 6434K/12312K, paused 29ms+3ms, total 112ms
D/dalvikvm(21371): WAIT_FOR_CONCURRENT_GC blocked 63ms
D/dalvikvm(21371): GC_CONCURRENT freed 474K, 48% free 6472K/12312K, paused 11ms+2ms, total 52ms
D/dalvikvm(21371): WAIT_FOR_CONCURRENT_GC blocked 24ms
D/dalvikvm(21371): GC_CONCURRENT freed 438K, 47% free 6545K/12312K, paused 14ms+3ms, total 61ms
D/dalvikvm(21371): WAIT_FOR_CONCURRENT_GC blocked 33ms
D/dalvikvm(21371): GC_CONCURRENT freed 470K, 47% free 6586K/12312K, paused 5ms+2ms, total 41ms
D/dalvikvm(21371): WAIT_FOR_CONCURRENT_GC blocked 16ms
D/dalvikvm(21371): GC_CONCURRENT freed 508K, 47% free 6590K/12312K, paused 13ms+20ms, total 88ms
D/dalvikvm(21371): WAIT_FOR_CONCURRENT_GC blocked 76ms
D/IconCustomizer( 8721): Content Ratio = 1.0
D/SizeAdaptiveLayout( 8616): com.android.internal.widget.SizeAdaptiveLayout{4198a680 V.E..... ......ID 0,0-466,98 #7f0d008d app:id/adaptive}child view android.widget.LinearLayout{41b70fd8 V.E...C. ......ID 0,0-466,97 #7f0a00f8 app:id/ll_frame} measured out of bounds at 97px clamped to 98px
D/PhoneStatusBar( 8616): disable: < expand icons alerts ticker* system_info back home recent clock >
V/PhoneStatusBar( 8616): setLightsOn(true)
D/dalvikvm(21371): GC_CONCURRENT freed 527K, 47% free 6574K/12312K, paused 9ms+25ms, total 160ms
D/dalvikvm(21371): WAIT_FOR_CONCURRENT_GC blocked 95ms
V/FileExplorerApplication(21371): Application Created.
D/Lbe-Sec-Client(21371): init AdBlockClient
W/System.err(21371): java.lang.NoSuchFieldException: mViews
W/System.err(21371): 	at java.lang.Class.getDeclaredField(Class.java:631)
W/System.err(21371): 	at com.lbe.security.client.a.i.<init>(Unknown Source)
W/System.err(21371): 	at com.lbe.security.client.AdBlockClient.<init>(Unknown Source)
W/System.err(21371): 	at com.lbe.security.client.c.<init>(Unknown Source)
W/System.err(21371): 	at com.lbe.security.client.ClientContainer.a(Unknown Source)
W/System.err(21371): 	at com.lbe.security.client.f.put(Unknown Source)
W/System.err(21371): 	at com.lbe.security.client.f.a(Unknown Source)
W/System.err(21371): 	at com.lbe.security.client.d.run(Unknown Source)
W/System.err(21371): 	at android.os.Handler.handleCallback(Handler.java)
W/System.err(21371): 	at android.os.Handler.dispatchMessage(Handler.java)
W/System.err(21371): 	at android.os.Looper.loop(Looper.java)
W/System.err(21371): 	at android.app.ActivityThread.main(ActivityThread.java)
W/System.err(21371): 	at java.lang.reflect.Method.invokeNative(Native Method)
W/System.err(21371): 	at java.lang.reflect.Method.invoke(Method.java:511)
W/System.err(21371): 	at com.android.internal.os.ZygoteInit$MethodAndArgsCaller.run(ZygoteInit.java)
W/System.err(21371): 	at com.android.internal.os.ZygoteInit.main(ZygoteInit.java)
W/System.err(21371): 	at de.robv.android.xposed.XposedBridge.main(XposedBridge.java:127)
W/System.err(21371): 	at dalvik.system.NativeStart.main(Native Method)
V/ServiceManager(21371): Process: com.android.fileexplorer:remote started
I/Choreographer(20486): Skipped 45 frames!  The application may be doing too much work on its main thread.
D/dalvikvm(21371): GC_CONCURRENT freed 455K, 47% free 6629K/12312K, paused 10ms+2ms, total 66ms
D/dalvikvm(21371): WAIT_FOR_CONCURRENT_GC blocked 13ms
D/SizeAdaptiveLayout( 8616): com.android.internal.widget.SizeAdaptiveLayout{4198a680 V.E..... ......ID 0,0-466,98 #7f0d008d app:id/adaptive}child view android.widget.LinearLayout{41b70fd8 V.E...C. ......ID 0,0-466,97 #7f0a00f8 app:id/ll_frame} measured out of bounds at 97px clamped to 98px
I/PackageInstaller(21354): Canceling installation
V/PhoneStatusBar( 8616): setLightsOn(true)
I/Adreno200-EGL(20486): <qeglDrvAPI_eglInitialize:294>: EGL 1.4 QUALCOMM build: AU_LINUX_ANDROID_JB.04.01.01.00.036_msm8960_JB_CL2644550_release_AU (CL2644550)
I/Adreno200-EGL(20486): Build Date: 07/31/12 Tue
I/Adreno200-EGL(20486): Local Branch: 
I/Adreno200-EGL(20486): Remote Branch: quic/master
I/Adreno200-EGL(20486): Local Patches: NONE
I/Adreno200-EGL(20486): Reconstruct Branch: AU_LINUX_ANDROID_JB.04.01.01.00.036 +  NOTHING
D/IconCustomizer( 8721): Content Ratio = 1.0
W/InputMethodManagerService( 8519): Window already focused, ignoring focus gain of: com.android.internal.view.IInputMethodClient$Stub$Proxy@41e65bd0 attribute=null, token = android.os.BinderProxy@41feaa40
D/IconCustomizer( 8721): Content Ratio = 1.0
D/dalvikvm( 8721): GC_CONCURRENT freed 409K, 39% free 7596K/12312K, paused 14ms+3ms, total 83ms
D/IconCustomizer( 8721): Content Ratio = 1.0
D/IconCustomizer( 8721): Content Ratio = 1.0
I/ActivityManager( 8519): START u0 {act=android.intent.action.MAIN cat=[android.intent.category.HOME] flg=0x10200000 cmp=com.miui.home/.launcher.Launcher} from pid 8519
I/RenderThread( 8810): RenderThread resumed
I/NotifierManager( 8810): onRegister: miui.maml.NotifierManager$BroadcastNotifier@42012bd8
I/NotifierManager( 8810): onRegister: miui.maml.NotifierManager$BroadcastNotifier@41cf8b28
V/PhoneStatusBar( 8616): setLightsOn(true)
D/PhoneStatusBar( 8616): disable: < expand icons alerts ticker system_info back home recent clock >
I/NotifierManager( 8810): onNotify: miui.maml.NotifierManager$BroadcastNotifier@42012bd8
D/FancyDrawable( 8810): doPause:   [miui.maml.FancyDrawable@420072e0]
D/MultipleRenderable( 8810): setPause: true miui.maml.FancyDrawable@420072e0
D/FancyDrawable( 8810): doResume:   [miui.maml.FancyDrawable@420072e0]
D/MultipleRenderable( 8810): setPause: false miui.maml.FancyDrawable@420072e0
D/RendererCore( 8810): self resume: miui.maml.RendererCore@420572c0
D/IconCustomizer( 8721): Content Ratio = 1.0
D/SizeAdaptiveLayout( 8616): com.android.internal.widget.SizeAdaptiveLayout{4198a680 V.E..... ......ID 0,0-466,98 #7f0d008d app:id/adaptive}child view android.widget.LinearLayout{41b70fd8 V.E...C. ......ID 0,0-466,97 #7f0a00f8 app:id/ll_frame} measured out of bounds at 97px clamped to 98px
D/IconCustomizer( 8721): Content Ratio = 1.0
D/dalvikvm( 8721): GC_CONCURRENT freed 408K, 39% free 7596K/12312K, paused 5ms+5ms, total 80ms
D/SizeAdaptiveLayout( 8616): com.android.internal.widget.SizeAdaptiveLayout{4198a680 V.E..... ......ID 0,0-466,98 #7f0d008d app:id/adaptive}child view android.widget.LinearLayout{41b70fd8 V.E...C. ......ID 0,0-466,97 #7f0a00f8 app:id/ll_frame} measured out of bounds at 97px clamped to 98px
D/IconCustomizer( 8721): Content Ratio = 1.0
D/IconCustomizer( 8721): Content Ratio = 1.0
D/dalvikvm( 8616): GC_CONCURRENT freed 1250K, 27% free 9247K/12648K, paused 7ms+4ms, total 65ms
D/IconCustomizer( 8721): Content Ratio = 1.0
D/IconCustomizer( 8721): Content Ratio = 1.0
D/dalvikvm( 8721): GC_CONCURRENT freed 407K, 39% free 7595K/12312K, paused 8ms+5ms, total 65ms
D/IconCustomizer( 8721): Content Ratio = 1.0
D/IconCustomizer( 8721): Content Ratio = 1.0
D/IconCustomizer( 8721): Content Ratio = 1.0
D/IconCustomizer( 8721): Content Ratio = 1.0
D/dalvikvm( 8721): GC_CONCURRENT freed 406K, 39% free 7595K/12312K, paused 3ms+10ms, total 72ms
D/IconCustomizer( 8721): Content Ratio = 1.0
I/ActivityManager( 8519): START u0 {act=android.intent.action.MAIN cat=[android.intent.category.LAUNCHER] flg=0x10200000 cmp=com.android.providers.downloads.ui/.DownloadList bnds=[323,183][413,273]} from pid 8810
D/PhoneStatusBar( 8616): disable: < expand icons alerts ticker system_info back home recent clock >
I/NotifierManager( 8810): onUnregister: miui.maml.NotifierManager$BroadcastNotifier@42012bd8
I/NotifierManager( 8810): onUnregister: miui.maml.NotifierManager$BroadcastNotifier@41cf8b28
I/RenderThread( 8810): RenderThread paused, waiting for signal
D/IconCustomizer( 8721): Content Ratio = 1.0
V/PhoneStatusBar( 8616): setLightsOn(true)
D/IconCustomizer( 8721): Content Ratio = 1.0
D/dalvikvm( 8679): GC_CONCURRENT freed 390K, 35% free 8071K/12312K, paused 3ms+10ms, total 75ms
I/ActivityManager( 8519): Displayed com.android.providers.downloads.ui/.DownloadList: +838ms
I/XIAOMIANALYTICS( 8810): start session(com.miui.home)
I/XIAOMIANALYTICS( 8810): end session(com.miui.home)
D/IconCustomizer( 8721): Content Ratio = 1.0
D/dalvikvm( 8721): GC_CONCURRENT freed 407K, 39% free 7596K/12312K, paused 14ms+3ms, total 63ms
D/IconCustomizer( 8721): Content Ratio = 1.0
D/IconCustomizer( 8721): Content Ratio = 1.0
I/ActivityManager( 8519): START u0 {act=android.intent.action.VIEW dat=content://downloads/all_downloads/38 typ=application/vnd.android.package-archive flg=0x10000001 cmp=com.android.packageinstaller/.PackageInstallerActivity} from pid 8679
W/PackageInstaller(21354): Parse error when parsing manifest. Discontinuing installation
W/PackageParser(21354): Skipping dir: /all_downloads/38
D/IconCustomizer( 8721): Content Ratio = 1.0
V/PhoneStatusBar( 8616): setLightsOn(true)
I/Adreno200-EGL(21354): <qeglDrvAPI_eglInitialize:294>: EGL 1.4 QUALCOMM build: AU_LINUX_ANDROID_JB.04.01.01.00.036_msm8960_JB_CL2644550_release_AU (CL2644550)
I/Adreno200-EGL(21354): Build Date: 07/31/12 Tue
I/Adreno200-EGL(21354): Local Branch: 
I/Adreno200-EGL(21354): Remote Branch: quic/master
I/Adreno200-EGL(21354): Local Patches: NONE
I/Adreno200-EGL(21354): Reconstruct Branch: AU_LINUX_ANDROID_JB.04.01.01.00.036 +  NOTHING
I/ActivityManager( 8519): Displayed com.android.packageinstaller/.PackageInstallerActivity: +389ms
D/IconCustomizer( 8721): Content Ratio = 1.0
D/dalvikvm( 8721): GC_CONCURRENT freed 408K, 39% free 7596K/12312K, paused 13ms+5ms, total 76ms
D/IconCustomizer( 8721): Content Ratio = 1.0
D/IconCustomizer( 8721): Content Ratio = 1.0
D/dalvikvm( 8519): GC_CONCURRENT freed 1796K, 19% free 20859K/25568K, paused 13ms+28ms, total 181ms
V/PhoneStatusBar( 8616): setLightsOn(true)
W/InputMethodManagerService( 8519): Window already focused, ignoring focus gain of: com.android.internal.view.IInputMethodClient$Stub$Proxy@4208f7f0 attribute=android.view.inputmethod.EditorInfo@42143118, token = android.os.BinderProxy@41ecded0
D/IconCustomizer( 8721): Content Ratio = 1.0
D/IconCustomizer( 8721): Content Ratio = 1.0
D/dalvikvm( 8721): GC_CONCURRENT freed 407K, 39% free 7595K/12312K, paused 9ms+3ms, total 54ms
D/IconCustomizer( 8721): Content Ratio = 1.0
D/IconCustomizer( 8721): Content Ratio = 1.0
D/IconCustomizer( 8721): Content Ratio = 1.0
D/IconCustomizer( 8721): Content Ratio = 1.0
D/dalvikvm( 8721): GC_CONCURRENT freed 407K, 39% free 7595K/12312K, paused 10ms+2ms, total 52ms
D/IconCustomizer( 8721): Content Ratio = 1.0
D/IconCustomizer( 8721): Content Ratio = 1.0
D/dalvikvm( 8616): GC_CONCURRENT freed 975K, 28% free 9220K/12648K, paused 3ms+3ms, total 58ms
D/IconCustomizer( 8721): Content Ratio = 1.0
D/IconCustomizer( 8721): Content Ratio = 1.0
D/dalvikvm( 8721): GC_CONCURRENT freed 407K, 39% free 7595K/12312K, paused 3ms+5ms, total 52ms
D/IconCustomizer( 8721): Content Ratio = 1.0
D/IconCustomizer( 8721): Content Ratio = 1.0
D/IconCustomizer( 8721): Content Ratio = 1.0
D/IconCustomizer( 8721): Content Ratio = 1.0
D/dalvikvm( 8721): GC_CONCURRENT freed 407K, 39% free 7595K/12312K, paused 14ms+7ms, total 59ms
D/IconCustomizer( 8721): Content Ratio = 1.0
D/IconCustomizer( 8721): Content Ratio = 1.0
D/IconCustomizer( 8721): Content Ratio = 1.0
D/IconCustomizer( 8721): Content Ratio = 1.0
D/dalvikvm( 8721): GC_CONCURRENT freed 407K, 39% free 7595K/12312K, paused 6ms+5ms, total 60ms
D/IconCustomizer( 8721): Content Ratio = 1.0
D/IconCustomizer( 8721): Content Ratio = 1.0
D/IconCustomizer( 8721): Content Ratio = 1.0
D/IconCustomizer( 8721): Content Ratio = 1.0
D/dalvikvm( 8721): GC_CONCURRENT freed 407K, 39% free 7596K/12312K, paused 7ms+4ms, total 52ms
D/IconCustomizer( 8721): Content Ratio = 1.0
D/IconCustomizer( 8721): Content Ratio = 1.0
D/IconCustomizer( 8721): Content Ratio = 1.0
D/IconCustomizer( 8721): Content Ratio = 1.0
D/dalvikvm( 8721): GC_CONCURRENT freed 407K, 39% free 7595K/12312K, paused 6ms+4ms, total 62ms
D/IconCustomizer( 8721): Content Ratio = 1.0
D/IconCustomizer( 8721): Content Ratio = 1.0
D/IconCustomizer( 8721): Content Ratio = 1.0
D/IconCustomizer( 8721): Content Ratio = 1.0
D/dalvikvm( 8721): GC_CONCURRENT freed 407K, 39% free 7595K/12312K, paused 7ms+4ms, total 55ms
D/IconCustomizer( 8721): Content Ratio = 1.0
D/IconCustomizer( 8721): Content Ratio = 1.0
D/dalvikvm( 8616): GC_CONCURRENT freed 934K, 28% free 9219K/12648K, paused 3ms+3ms, total 59ms
D/IconCustomizer( 8721): Content Ratio = 1.0
D/IconCustomizer( 8721): Content Ratio = 1.0
D/dalvikvm( 8721): GC_CONCURRENT freed 407K, 39% free 7596K/12312K, paused 6ms+4ms, total 56ms
D/IconCustomizer( 8721): Content Ratio = 1.0
D/IconCustomizer( 8721): Content Ratio = 1.0
D/IconCustomizer( 8721): Content Ratio = 1.0
D/IconCustomizer( 8721): Content Ratio = 1.0
D/dalvikvm( 8721): GC_CONCURRENT freed 407K, 39% free 7595K/12312K, paused 10ms+2ms, total 56ms
D/IconCustomizer( 8721): Content Ratio = 1.0
D/IconCustomizer( 8721): Content Ratio = 1.0
D/IconCustomizer( 8721): Content Ratio = 1.0
D/IconCustomizer( 8721): Content Ratio = 1.0
D/dalvikvm( 8721): GC_CONCURRENT freed 407K, 39% free 7595K/12312K, paused 6ms+3ms, total 59ms
D/IconCustomizer( 8721): Content Ratio = 1.0
I/RenderThread( 8810): RenderThread resumed
I/NotifierManager( 8810): onRegister: miui.maml.NotifierManager$BroadcastNotifier@42012bd8
I/NotifierManager( 8810): onRegister: miui.maml.NotifierManager$BroadcastNotifier@41cf8b28
V/PhoneStatusBar( 8616): setLightsOn(true)
D/PhoneStatusBar( 8616): disable: < expand icons alerts ticker system_info back home recent clock >
I/NotifierManager( 8810): onNotify: miui.maml.NotifierManager$BroadcastNotifier@42012bd8
D/POWER_TEST( 8721): intent action: android.intent.action.BATTERY_CHANGED
D/POWER_TEST( 8721): : 0.37
D/BatteryInfoReceiver( 8721): 37
D/FancyDrawable( 8810): doPause:   [miui.maml.FancyDrawable@420072e0]
D/MultipleRenderable( 8810): setPause: true miui.maml.FancyDrawable@420072e0
I/NotifierManager( 8810): onNotify: miui.maml.NotifierManager$BroadcastNotifier@42012bd8
D/FancyDrawable( 8810): doResume:   [miui.maml.FancyDrawable@420072e0]
D/MultipleRenderable( 8810): setPause: false miui.maml.FancyDrawable@420072e0
D/RendererCore( 8810): self resume: miui.maml.RendererCore@420572c0
D/BatteryInfoReceiver( 8721): BatteryInfoReceiver.updateBatteryInfo(...).
D/IconCustomizer( 8721): Content Ratio = 1.0
D/dalvikvm( 8519): GC_CONCURRENT freed 2065K, 19% free 20727K/25568K, paused 9ms+11ms, total 128ms
D/IconCustomizer( 8721): Content Ratio = 1.0
D/IconCustomizer( 8721): Content Ratio = 1.0
D/dalvikvm( 8721): GC_CONCURRENT freed 440K, 39% free 7596K/12312K, paused 5ms+3ms, total 66ms
I/NotifierManager( 8810): onUnregister: miui.maml.NotifierManager$BroadcastNotifier@42012bd8
I/NotifierManager( 8810): onUnregister: miui.maml.NotifierManager$BroadcastNotifier@41cf8b28
I/RenderThread( 8810): RenderThread paused, waiting for signal
I/RenderThread( 8810): RenderThread resumed
I/NotifierManager( 8810): onRegister: miui.maml.NotifierManager$BroadcastNotifier@42012bd8
I/NotifierManager( 8810): onRegister: miui.maml.NotifierManager$BroadcastNotifier@41cf8b28
I/ContentProviderBinder( 8810): query result count: 11 content://pro.burgerz.weather/weather
I/NotifierManager( 8810): onNotify: miui.maml.NotifierManager$BroadcastNotifier@42012bd8
D/IconCustomizer( 8721): Content Ratio = 1.0
D/IconCustomizer( 8721): Content Ratio = 1.0
D/IconCustomizer( 8721): Content Ratio = 1.0
D/IconCustomizer( 8721): Content Ratio = 1.0
D/dalvikvm( 8721): GC_CONCURRENT freed 406K, 39% free 7595K/12312K, paused 4ms+4ms, total 81ms
D/IconCustomizer( 8721): Content Ratio = 1.0
D/IconCustomizer( 8721): Content Ratio = 1.0
D/IconCustomizer( 8721): Content Ratio = 1.0
D/IconCustomizer( 8721): Content Ratio = 1.0
D/dalvikvm( 8721): GC_CONCURRENT freed 406K, 39% free 7596K/12312K, paused 5ms+2ms, total 76ms
D/IconCustomizer( 8721): Content Ratio = 1.0
D/dalvikvm( 8810): GC_CONCURRENT freed 1517K, 12% free 20957K/23684K, paused 5ms+25ms, total 186ms
D/IconCustomizer( 8721): Content Ratio = 1.0
D/IconCustomizer( 8721): Content Ratio = 1.0
D/dalvikvm( 8616): GC_CONCURRENT freed 940K, 28% free 9220K/12648K, paused 14ms+12ms, total 107ms
D/IconCustomizer( 8721): Content Ratio = 1.0
D/dalvikvm( 8721): GC_CONCURRENT freed 406K, 39% free 7595K/12312K, paused 9ms+11ms, total 82ms
D/IconCustomizer( 8721): Content Ratio = 1.0
D/IconCustomizer( 8721): Content Ratio = 1.0
D/IconCustomizer( 8721): Content Ratio = 1.0
D/POWER_TEST( 8721): intent action: android.intent.action.BATTERY_CHANGED
D/POWER_TEST( 8721): : 0.37
D/dalvikvm(21434): Trying to load lib /data/data/com.lbe.security.miui/app_lib/libfwclient.so 0x41902fa8
D/dalvikvm(21434): Added shared lib /data/data/com.lbe.security.miui/app_lib/libfwclient.so 0x41902fa8
I/ActivityManager( 8519): Start proc com.google.android.gallery3d for broadcast com.google.android.gallery3d/com.google.android.picasasync.BatteryReceiver: pid=21434 uid=10016 gids={50016, 1006, 3003, 1015, 1028}
I/EventHandler( 9227): [PowerConnectionReceiver] charging[true]
I/EventHandler( 9227): [trySendStartAutoBackupMsg] shortDelay[true]
D/BatteryInfoReceiver( 8721): 37
D/POWER_TEST( 8721): intent action: android.intent.action.BATTERY_CHANGED
D/POWER_TEST( 8721): : 0.37
D/BatteryInfoReceiver( 8721): 37
I/NotifierManager( 8810): onNotify: miui.maml.NotifierManager$BroadcastNotifier@42012bd8
I/NotifierManager( 8810): onNotify: miui.maml.NotifierManager$BroadcastNotifier@42012bd8
E/Trace   (21434): error opening trace file: No such file or directory (2)
D/dalvikvm( 8616): GC_FOR_ALLOC freed 527K, 25% free 9525K/12648K, paused 104ms, total 106ms
W/PowerUI ( 8616): unknown intent: Intent { act=android.intent.action.ACTION_POWER_CONNECTED flg=0x8000010 }
I/StorageNotification( 8616): UMS connection changed to true (media state mounted)
D/IconCustomizer( 8721): Content Ratio = 1.0
V/PhoneStatusBar( 8616): setLightsOn(true)
W/Settings( 8616): Setting adb_enabled has moved from android.provider.Settings.Secure to android.provider.Settings.Global.
D/PhoneStatusBar( 8616): addNotification score=0; pkg=com.android.systemui
W/Settings( 8616): Setting adb_enabled has moved from android.provider.Settings.Secure to android.provider.Settings.Global.
I/StorageNotification( 8616): UMS connection changed to true (media state mounted)
D/dalvikvm( 8721): GC_CONCURRENT freed 416K, 39% free 7596K/12312K, paused 3ms+2ms, total 138ms
D/dalvikvm( 8616): GC_FOR_ALLOC freed 468K, 23% free 9834K/12648K, paused 162ms, total 162ms
I/dalvikvm-heap( 8616): Grow heap (frag case) to 11.334MB for 161296-byte allocation
D/dalvikvm( 8616): GC_FOR_ALLOC freed 15K, 22% free 10074K/12808K, paused 103ms, total 103ms
I/dalvikvm-heap( 8616): Grow heap (frag case) to 11.664MB for 261136-byte allocation
D/Lbe-Sec-Client(21434): init AdBlockClient
W/StatusBar( 8616): updateNotification for unknown key: android.os.BinderProxy@41945618
W/System.err(21434): java.lang.NoSuchFieldException: mViews
W/System.err(21434): 	at java.lang.Class.getDeclaredField(Class.java:631)
W/System.err(21434): 	at com.lbe.security.client.a.i.<init>(Unknown Source)
W/System.err(21434): 	at com.lbe.security.client.AdBlockClient.<init>(Unknown Source)
W/System.err(21434): 	at com.lbe.security.client.c.<init>(Unknown Source)
W/System.err(21434): 	at com.lbe.security.client.ClientContainer.a(Unknown Source)
W/System.err(21434): 	at com.lbe.security.client.f.put(Unknown Source)
W/System.err(21434): 	at com.lbe.security.client.f.a(Unknown Source)
W/System.err(21434): 	at com.lbe.security.client.d.run(Unknown Source)
W/System.err(21434): 	at android.os.Handler.handleCallback(Handler.java)
W/System.err(21434): 	at android.os.Handler.dispatchMessage(Handler.java)
W/System.err(21434): 	at android.os.Looper.loop(Looper.java)
W/System.err(21434): 	at android.app.ActivityThread.main(ActivityThread.java)
W/System.err(21434): 	at java.lang.reflect.Method.invokeNative(Native Method)
W/System.err(21434): 	at java.lang.reflect.Method.invoke(Method.java:511)
W/System.err(21434): 	at com.android.internal.os.ZygoteInit$MethodAndArgsCaller.run(ZygoteInit.java)
W/System.err(21434): 	at com.android.internal.os.ZygoteInit.main(ZygoteInit.java)
W/System.err(21434): 	at de.robv.android.xposed.XposedBridge.main(XposedBridge.java:127)
W/System.err(21434): 	at dalvik.system.NativeStart.main(Native Method)
D/dalvikvm(21453): Trying to load lib /data/data/com.lbe.security.miui/app_lib/libfwclient.so 0x41903d78
D/dalvikvm(21453): Added shared lib /data/data/com.lbe.security.miui/app_lib/libfwclient.so 0x41903d78
I/ActivityManager( 8519): Start proc com.miui.gallery for broadcast com.miui.gallery/.cloud.PowerChangedRequestSyncReceiver: pid=21453 uid=10024 gids={50024, 3003, 1028, 1015, 1006}
D/dalvikvm( 8616): GC_FOR_ALLOC freed 3K, 20% free 10471K/13064K, paused 153ms, total 153ms
I/dalvikvm-heap( 8616): Grow heap (frag case) to 11.895MB for 97936-byte allocation
D/dalvikvm( 8616): GC_FOR_ALLOC freed 0K, 20% free 10566K/13160K, paused 38ms, total 38ms
I/dalvikvm-heap( 8616): Grow heap (frag case) to 12.144MB for 261136-byte allocation
E/Trace   (21453): error opening trace file: No such file or directory (2)
I/Xposed  (21453): [00:45] [MiTools] [MiuiGalleryPackage] Method not found! Skipping...
D/dalvikvm(21453): No JNI_OnLoad found in /system/lib/libMiuiGalleryJNI.so 0x41912790, skipping init
D/UploadsManager(21434):    wifiOnlyPhoto changed to true
D/UploadsManager(21434):    wifiOnlyVideo changed to true
D/UploadsManager(21434):    syncOnBattery changed to true
D/SizeAdaptiveLayout( 8616): com.android.internal.widget.SizeAdaptiveLayout{4198a680 V.E..... ......ID 0,0-466,98 #7f0d008d app:id/adaptive}child view android.widget.LinearLayout{41b70fd8 V.E...C. ......ID 0,0-466,97 #7f0a00f8 app:id/ll_frame} measured out of bounds at 97px clamped to 98px
D/IconCustomizer( 8721): Content Ratio = 1.0
D/PicasaSync(21434): sync account database
D/Lbe-Sec-Client(21453): init AdBlockClient
W/System.err(21453): java.lang.NoSuchFieldException: mViews
W/System.err(21453): 	at java.lang.Class.getDeclaredField(Class.java:631)
W/System.err(21453): 	at com.lbe.security.client.a.i.<init>(Unknown Source)
W/System.err(21453): 	at com.lbe.security.client.AdBlockClient.<init>(Unknown Source)
W/System.err(21453): 	at com.lbe.security.client.c.<init>(Unknown Source)
W/System.err(21453): 	at com.lbe.security.client.ClientContainer.a(Unknown Source)
W/System.err(21453): 	at com.lbe.security.client.f.put(Unknown Source)
W/System.err(21453): 	at com.lbe.security.client.f.a(Unknown Source)
W/System.err(21453): 	at com.lbe.security.client.d.run(Unknown Source)
W/System.err(21453): 	at android.os.Handler.handleCallback(Handler.java)
W/System.err(21453): 	at android.os.Handler.dispatchMessage(Handler.java)
W/System.err(21453): 	at android.os.Looper.loop(Looper.java)
W/System.err(21453): 	at android.app.ActivityThread.main(ActivityThread.java)
W/System.err(21453): 	at java.lang.reflect.Method.invokeNative(Native Method)
W/System.err(21453): 	at java.lang.reflect.Method.invoke(Method.java:511)
W/System.err(21453): 	at com.android.internal.os.ZygoteInit$MethodAndArgsCaller.run(ZygoteInit.java)
W/System.err(21453): 	at com.android.internal.os.ZygoteInit.main(ZygoteInit.java)
W/System.err(21453): 	at de.robv.android.xposed.XposedBridge.main(XposedBridge.java:127)
W/System.err(21453): 	at dalvik.system.NativeStart.main(Native Method)
D/PowerChangedRequestSyncReceiver(21453): onReceive broadcast
D/PowerChangedRequestSyncReceiver(21453): ACTION_POWER_CONNECTED.
D/PowerChangedRequestSyncReceiver(21453): request sync: sync not completely finish, or gallery app does not start
W/ContextImpl(18921): Calling a method in the system process without a qualified user: android.app.ContextImpl.startService:-1 android.content.ContextWrapper.startService:-1 android.content.ContextWrapper.startService:-1 com.android.settings.AnalyticsReceiver.onReceive:23 android.app.ActivityThread.handleReceiver:-1 
I/XIAOMIANALYTICS(18921): start session(com.android.settings)
W/Settings(18921): Setting adb_enabled has moved from android.provider.Settings.Secure to android.provider.Settings.Global.
I/XIAOMIANALYTICS(18921): end session(com.android.settings)
W/CursorWrapperInner( 8679): Cursor finalized without prior close()
D/dalvikvm( 8679): GC_CONCURRENT freed 459K, 34% free 8143K/12312K, paused 4ms+13ms, total 145ms
V/SimpleConfigParser(21453): start
V/SimpleConfigParser(21453): invalid line (comment or empty) """# '#'"""
V/SimpleConfigParser(21453): invalid line (comment or empty) """# {...}GalleryAppImplSD"""
V/SimpleConfigParser(21453): invalid line (comment or empty) """"""
V/SimpleConfigParser(21453): invalid line (comment or empty) """# samples"""
V/SimpleConfigParser(21453): invalid line (comment or empty) """#{SD}"""
V/SimpleConfigParser(21453): invalid line (comment or empty) """#{SD}/DCIM/Camera"""
V/SimpleConfigParser(21453): invalid line (comment or empty) """"""
V/SimpleConfigParser(21453): invalid line (comment or empty) """#"""
V/SimpleConfigParser(21453): pre-processed line ==> {SD}/Download
V/SimpleConfigParser(21453): compile to """/storage/sdcard/Download"""
V/SimpleConfigParser(21453): invalid line (comment or empty) """"""
V/SimpleConfigParser(21453): invalid line (comment or empty) """#UC"""
V/SimpleConfigParser(21453): pre-processed line ==> {SD}/Ucdownloads/screenshot
V/SimpleConfigParser(21453): compile to """/storage/sdcard/Ucdownloads/screenshot"""
W/WhiteListObserver(21453): please add exist folder! [/storage/sdcard/Ucdownloads/screenshot]
V/SimpleConfigParser(21453): invalid line (comment or empty) """"""
V/SimpleConfigParser(21453): invalid line (comment or empty) """#QQ2012"""
V/SimpleConfigParser(21453): pre-processed line ==> {SD}/Tencent/MobileQQImgSave/
V/SimpleConfigParser(21453): compile to """/storage/sdcard/Tencent/MobileQQImgSave/"""
W/WhiteListObserver(21453): please add exist folder! [/storage/sdcard/Tencent/MobileQQImgSave/]
V/SimpleConfigParser(21453): invalid line (comment or empty) """"""
V/SimpleConfigParser(21453): invalid line (comment or empty) """#"""
V/SimpleConfigParser(21453): pre-processed line ==> {SD}/androidesk/wallpapers
V/SimpleConfigParser(21453): compile to """/storage/sdcard/androidesk/wallpapers"""
W/WhiteListObserver(21453): please add exist folder! [/storage/sdcard/androidesk/wallpapers]
V/SimpleConfigParser(21453): invalid line (comment or empty) """"""
V/SimpleConfigParser(21453): invalid line (comment or empty) """#Q"""
V/SimpleConfigParser(21453): pre-processed line ==> {SD}/DCIM/OpaiPic
V/SimpleConfigParser(21453): compile to """/storage/sdcard/DCIM/OpaiPic"""
W/WhiteListObserver(21453): please add exist folder! [/storage/sdcard/DCIM/OpaiPic]
V/SimpleConfigParser(21453): invalid line (comment or empty) """"""
V/SimpleConfigParser(21453): invalid line (comment or empty) """#"""
V/SimpleConfigParser(21453): pre-processed line ==> {SD}/MTXX
V/SimpleConfigParser(21453): compile to """/storage/sdcard/MTXX"""
W/WhiteListObserver(21453): please add exist folder! [/storage/sdcard/MTXX]
V/SimpleConfigParser(21453): invalid line (comment or empty) """"""
V/SimpleConfigParser(21453): invalid line (comment or empty) """#"""
V/SimpleConfigParser(21453): pre-processed line ==> {SD}/miliao/saved/
V/SimpleConfigParser(21453): compile to """/storage/sdcard/miliao/saved/"""
W/WhiteListObserver(21453): please add exist folder! [/storage/sdcard/miliao/saved/]
V/SimpleConfigParser(21453): invalid line (comment or empty) """"""
V/SimpleConfigParser(21453): invalid line (comment or empty) """#QQ HD"""
V/SimpleConfigParser(21453): pre-processed line ==> {SD}/Tencent/QQHD_pic/
V/SimpleConfigParser(21453): compile to """/storage/sdcard/Tencent/QQHD_pic/"""
W/WhiteListObserver(21453): please add exist folder! [/storage/sdcard/Tencent/QQHD_pic/]
V/SimpleConfigParser(21453): invalid line (comment or empty) """"""
V/SimpleConfigParser(21453): invalid line (comment or empty) """#"""
V/SimpleConfigParser(21453): pre-processed line ==> {SD}/immomo/camera/
V/SimpleConfigParser(21453): compile to """/storage/sdcard/immomo/camera/"""
W/WhiteListObserver(21453): please add exist folder! [/storage/sdcard/immomo/camera/]
V/SimpleConfigParser(21453): invalid line (comment or empty) """"""
V/SimpleConfigParser(21453): invalid line (comment or empty) """#"""
V/SimpleConfigParser(21453): pre-processed line ==> {SD}/weikan/weikan
V/SimpleConfigParser(21453): compile to """/storage/sdcard/weikan/weikan"""
W/WhiteListObserver(21453): please add exist folder! [/storage/sdcard/weikan/weikan]
V/SimpleConfigParser(21453): invalid line (comment or empty) """"""
V/SimpleConfigParser(21453): invalid line (comment or empty) """#QQ"""
V/SimpleConfigParser(21453): pre-processed line ==> {SD}/tencent/QzonePic
V/SimpleConfigParser(21453): compile to """/storage/sdcard/tencent/QzonePic"""
W/WhiteListObserver(21453): please add exist folder! [/storage/sdcard/tencent/QzonePic]
V/SimpleConfigParser(21453): invalid line (comment or empty) """"""
V/SimpleConfigParser(21453): invalid line (comment or empty) """#"""
V/SimpleConfigParser(21453): pre-processed line ==> {SD}/qsbk/save
V/SimpleConfigParser(21453): compile to """/storage/sdcard/qsbk/save"""
W/WhiteListObserver(21453): please add exist folder! [/storage/sdcard/qsbk/save]
V/SimpleConfigParser(21453): invalid line (comment or empty) """"""
V/SimpleConfigParser(21453): invalid line (comment or empty) """#"""
V/SimpleConfigParser(21453): pre-processed line ==> {SD}/sina/weibo/save
V/SimpleConfigParser(21453): compile to """/storage/sdcard/sina/weibo/save"""
W/WhiteListObserver(21453): please add exist folder! [/storage/sdcard/sina/weibo/save]
V/SimpleConfigParser(21453): invalid line (comment or empty) """"""
V/SimpleConfigParser(21453): invalid line (comment or empty) """#QQ"""
V/SimpleConfigParser(21453): pre-processed line ==> {SD}/QQBrowser/
V/SimpleConfigParser(21453): compile to """/storage/sdcard/QQBrowser/"""
W/WhiteListObserver(21453): please add exist folder! [/storage/sdcard/QQBrowser/]
V/SimpleConfigParser(21453): invalid line (comment or empty) """"""
V/SimpleConfigParser(21453): invalid line (comment or empty) """#"""
V/SimpleConfigParser(21453): pre-processed line ==> {SD}/Android/Tencent/tencentWeibo
V/SimpleConfigParser(21453): compile to """/storage/sdcard/Android/Tencent/tencentWeibo"""
W/WhiteListObserver(21453): please add exist folder! [/storage/sdcard/Android/Tencent/tencentWeibo]
V/SimpleConfigParser(21453): invalid line (comment or empty) """"""
V/SimpleConfigParser(21453): invalid line (comment or empty) """#"""
V/SimpleConfigParser(21453): pre-processed line ==> {SD}/netease/newsreader/netease_down_pic
V/SimpleConfigParser(21453): compile to """/storage/sdcard/netease/newsreader/netease_down_pic"""
W/WhiteListObserver(21453): please add exist folder! [/storage/sdcard/netease/newsreader/netease_down_pic]
V/SimpleConfigParser(21453): invalid line (comment or empty) """"""
V/SimpleConfigParser(21453): invalid line (comment or empty) """#"""
V/SimpleConfigParser(21453): pre-processed line ==> {SD}/Renren/image
V/SimpleConfigParser(21453): compile to """/storage/sdcard/Renren/image"""
W/WhiteListObserver(21453): please add exist folder! [/storage/sdcard/Renren/image]
V/SimpleConfigParser(21453): invalid line (comment or empty) """"""
V/SimpleConfigParser(21453): invalid line (comment or empty) """#"""
V/SimpleConfigParser(21453): pre-processed line ==> {SD}/ppmm_gallery
V/SimpleConfigParser(21453): compile to """/storage/sdcard/ppmm_gallery"""
W/WhiteListObserver(21453): please add exist folder! [/storage/sdcard/ppmm_gallery]
V/SimpleConfigParser(21453): invalid line (comment or empty) """"""
V/SimpleConfigParser(21453): invalid line (comment or empty) """#"""
V/SimpleConfigParser(21453): pre-processed line ==> {SD}/DCIM/100MEDIA/
V/SimpleConfigParser(21453): compile to """/storage/sdcard/DCIM/100MEDIA/"""
V/SimpleConfigParser(21453): invalid line (comment or empty) """"""
V/SimpleConfigParser(21453): invalid line (comment or empty) """#"""
V/SimpleConfigParser(21453): pre-processed line ==> {SD}/beautyPhone
V/SimpleConfigParser(21453): compile to """/storage/sdcard/beautyPhone"""
W/WhiteListObserver(21453): please add exist folder! [/storage/sdcard/beautyPhone]
V/SimpleConfigParser(21453): invalid line (comment or empty) """"""
V/SimpleConfigParser(21453): invalid line (comment or empty) """#VIVA"""
V/SimpleConfigParser(21453): pre-processed line ==> {SD}/DCIM/viva-pics
V/SimpleConfigParser(21453): compile to """/storage/sdcard/DCIM/viva-pics"""
W/WhiteListObserver(21453): please add exist folder! [/storage/sdcard/DCIM/viva-pics]
V/SimpleConfigParser(21453): invalid line (comment or empty) """"""
V/SimpleConfigParser(21453): invalid line (comment or empty) """#"""
V/SimpleConfigParser(21453): pre-processed line ==> {SD}/baidu/flyflow/downloads
V/SimpleConfigParser(21453): compile to """/storage/sdcard/baidu/flyflow/downloads"""
W/WhiteListObserver(21453): please add exist folder! [/storage/sdcard/baidu/flyflow/downloads]
V/SimpleConfigParser(21453): invalid line (comment or empty) """"""
V/SimpleConfigParser(21453): invalid line (comment or empty) """#GIF"""
V/SimpleConfigParser(21453): pre-processed line ==> {SD}/MTGIF
V/SimpleConfigParser(21453): compile to """/storage/sdcard/MTGIF"""
W/WhiteListObserver(21453): please add exist folder! [/storage/sdcard/MTGIF]
V/SimpleConfigParser(21453): invalid line (comment or empty) """"""
V/SimpleConfigParser(21453): invalid line (comment or empty) """#"""
V/SimpleConfigParser(21453): pre-processed line ==> {SD}/autohomemain
V/SimpleConfigParser(21453): compile to """/storage/sdcard/autohomemain"""
W/WhiteListObserver(21453): please add exist folder! [/storage/sdcard/autohomemain]
V/SimpleConfigParser(21453): invalid line (comment or empty) """"""
V/SimpleConfigParser(21453): invalid line (comment or empty) """#"""
V/SimpleConfigParser(21453): pre-processed line ==> {SD}/baidu/bdmobile/downloads
V/SimpleConfigParser(21453): compile to """/storage/sdcard/baidu/bdmobile/downloads"""
W/WhiteListObserver(21453): please add exist folder! [/storage/sdcard/baidu/bdmobile/downloads]
V/SimpleConfigParser(21453): invalid line (comment or empty) """"""
V/SimpleConfigParser(21453): invalid line (comment or empty) """#"""
V/SimpleConfigParser(21453): pre-processed line ==> {SD}/tieba
V/SimpleConfigParser(21453): compile to """/storage/sdcard/tieba"""
W/WhiteListObserver(21453): please add exist folder! [/storage/sdcard/tieba]
V/SimpleConfigParser(21453): invalid line (comment or empty) """"""
V/SimpleConfigParser(21453): invalid line (comment or empty) """#JeffreyZhang.LongWB"""
V/SimpleConfigParser(21453): pre-processed line ==> {SD}/LongWB
V/SimpleConfigParser(21453): compile to """/storage/sdcard/LongWB"""
W/WhiteListObserver(21453): please add exist folder! [/storage/sdcard/LongWB]
V/SimpleConfigParser(21453): finish
D/WhiteListObserver(21453): /storage/sdcard/Download is old dir, skip it.
D/WhiteListObserver(21453): /storage/sdcard/DCIM/100MEDIA is old dir, skip it.
D/PicasaSync(21434): accounts in DB=0
D/PicasaSyncManager(21434): active network: NetworkInfo: type: WIFI[], state: CONNECTED/CONNECTED, reason: (unspecified), extra: "Troj80 Wi-Fi", roaming: false, failover: false, isAvailable: true
D/PicasaSyncManager(21434): background data: true
D/PicasaSyncManager(21434): battery info: true
D/IconCustomizer( 8721): Content Ratio = 1.0
D/IconCustomizer( 8721): Content Ratio = 1.0
D/IconCustomizer( 8721): Content Ratio = 1.0
D/dalvikvm( 8721): GC_CONCURRENT freed 438K, 39% free 7596K/12312K, paused 5ms+2ms, total 93ms
D/IconCustomizer( 8721): Content Ratio = 1.0
D/IconCustomizer( 8721): Content Ratio = 1.0
D/IconCustomizer( 8721): Content Ratio = 1.0
D/IconCustomizer( 8721): Content Ratio = 1.0
D/dalvikvm( 8721): GC_CONCURRENT freed 407K, 39% free 7596K/12312K, paused 5ms+14ms, total 86ms
D/IconCustomizer( 8721): Content Ratio = 1.0
D/IconCustomizer( 8721): Content Ratio = 1.0
D/IconCustomizer( 8721): Content Ratio = 1.0
D/IconCustomizer( 8721): Content Ratio = 1.0
D/dalvikvm( 8721): GC_CONCURRENT freed 406K, 39% free 7596K/12312K, paused 4ms+3ms, total 78ms
D/IconCustomizer( 8721): Content Ratio = 1.0
D/dalvikvm( 8616): GC_FOR_ALLOC freed 1473K, 27% free 9860K/13408K, paused 80ms, total 81ms
D/IconCustomizer( 8721): Content Ratio = 1.0
D/IconCustomizer( 8721): Content Ratio = 1.0
D/IconCustomizer( 8721): Content Ratio = 1.0
D/dalvikvm( 8721): GC_CONCURRENT freed 406K, 39% free 7596K/12312K, paused 20ms+4ms, total 79ms
D/IconCustomizer( 8721): Content Ratio = 1.0
D/IconCustomizer( 8721): Content Ratio = 1.0
D/IconCustomizer( 8721): Content Ratio = 1.0
D/IconCustomizer( 8721): Content Ratio = 1.0
D/dalvikvm( 8721): GC_CONCURRENT freed 406K, 39% free 7596K/12312K, paused 4ms+3ms, total 79ms
D/IconCustomizer( 8721): Content Ratio = 1.0
D/IconCustomizer( 8721): Content Ratio = 1.0
D/IconCustomizer( 8721): Content Ratio = 1.0
D/dalvikvm( 8519): GC_CONCURRENT freed 1932K, 19% free 20739K/25568K, paused 18ms+31ms, total 285ms
D/dalvikvm( 8810): GC_CONCURRENT freed 2094K, 14% free 20805K/24020K, paused 5ms+22ms, total 179ms
D/IconCustomizer( 8721): Content Ratio = 1.0
D/dalvikvm( 8721): GC_CONCURRENT freed 406K, 39% free 7596K/12312K, paused 3ms+5ms, total 85ms
D/IconCustomizer( 8721): Content Ratio = 1.0
D/IconCustomizer( 8721): Content Ratio = 1.0
D/IconCustomizer( 8721): Content Ratio = 1.0
D/IconCustomizer( 8721): Content Ratio = 1.0
D/dalvikvm( 8721): GC_CONCURRENT freed 406K, 39% free 7597K/12312K, paused 5ms+23ms, total 93ms
D/IconCustomizer( 8721): Content Ratio = 1.0
D/IconCustomizer( 8721): Content Ratio = 1.0
D/IconCustomizer( 8721): Content Ratio = 1.0
D/IconCustomizer( 8721): Content Ratio = 1.0
D/dalvikvm( 8721): GC_CONCURRENT freed 406K, 39% free 7596K/12312K, paused 3ms+4ms, total 71ms
D/IconCustomizer( 8721): Content Ratio = 1.0
D/IconCustomizer( 8721): Content Ratio = 1.0
D/IconCustomizer( 8721): Content Ratio = 1.0
D/IconCustomizer( 8721): Content Ratio = 1.0
D/dalvikvm( 8721): GC_CONCURRENT freed 406K, 39% free 7596K/12312K, paused 4ms+3ms, total 72ms
D/IconCustomizer( 8721): Content Ratio = 1.0
D/IconCustomizer( 8721): Content Ratio = 1.0
D/IconCustomizer( 8721): Content Ratio = 1.0
D/IconCustomizer( 8721): Content Ratio = 1.0
D/dalvikvm( 8721): GC_CONCURRENT freed 406K, 39% free 7596K/12312K, paused 4ms+17ms, total 88ms
D/IconCustomizer( 8721): Content Ratio = 1.0
D/dalvikvm( 8616): GC_CONCURRENT freed 1185K, 27% free 9821K/13408K, paused 13ms+3ms, total 95ms
D/IconCustomizer( 8721): Content Ratio = 1.0
D/IconCustomizer( 8721): Content Ratio = 1.0
D/IconCustomizer( 8721): Content Ratio = 1.0
D/dalvikvm( 8721): GC_CONCURRENT freed 407K, 39% free 7596K/12312K, paused 4ms+3ms, total 75ms
D/IconCustomizer( 8721): Content Ratio = 1.0
D/IconCustomizer( 8721): Content Ratio = 1.0
D/IconCustomizer( 8721): Content Ratio = 1.0
D/IconCustomizer( 8721): Content Ratio = 1.0
D/dalvikvm( 8721): GC_CONCURRENT freed 407K, 39% free 7596K/12312K, paused 5ms+4ms, total 76ms
D/IconCustomizer( 8721): Content Ratio = 1.0
I/PowerManagerService( 8519): Going to sleep due to screen timeout...
D/IconCustomizer( 8721): Content Ratio = 1.0
D/IconCustomizer( 8721): Content Ratio = 1.0
D/SurfaceFlinger( 1507): Screen released, type=0 flinger=0x108318
E/CM PowerHAL( 8519): Error opening /sys/devices/system/cpu/cpufreq/ondemand/sampling_rate: No such file or directory
D/AbstractScreenOnProximityLock( 8519): try to release
D/ScreenActionReceiver( 8721):  60
I/EventHandler( 9227): [ScreenStateReceiver] screen off
I/EventHandler( 9227): [trySendStartAutoBackupMsg] shortDelay[true]
I/NotifierManager( 8810): onUnregister: miui.maml.NotifierManager$BroadcastNotifier@42012bd8
I/NotifierManager( 8810): onUnregister: miui.maml.NotifierManager$BroadcastNotifier@41cf8b28
I/RenderThread( 8810): RenderThread paused, waiting for signal
D/PowerManagerService-JNI( 8519): Excessive delay in autosuspend_enable() while turning screen off: 113ms
D/AK8975  ( 1514): Compass CLOSE 
D/IconCustomizer( 8721): Content Ratio = 1.0
D/dalvikvm( 8721): GC_CONCURRENT freed 407K, 39% free 7596K/12312K, paused 6ms+4ms, total 70ms
D/IconCustomizer( 8721): Content Ratio = 1.0
D/IconCustomizer( 8721): Content Ratio = 1.0
D/IconCustomizer( 8721): Content Ratio = 1.0
D/IconCustomizer( 8721): Content Ratio = 1.0
D/dalvikvm( 8721): GC_CONCURRENT freed 406K, 39% free 7596K/12312K, paused 6ms+4ms, total 66ms
D/IconCustomizer( 8721): Content Ratio = 1.0
D/IconCustomizer( 8721): Content Ratio = 1.0
D/IconCustomizer( 8721): Content Ratio = 1.0
D/PushService( 8782): 2014-02-22 00:46:11,457 - [DEBUG::PushService] - Ping XMChannelService on timer
D/PushService( 8782): 2014-02-22 00:46:11,463 - [DEBUG::PushService] - onStart() with intent.Action = com.xiaomi.push.timer
W/PushService( 8782): 2014-02-22 00:46:11,464 - [WARN::PushService] - Service called on timer
I/PushService( 8782): 2014-02-22 00:46:11,465 - [INFO::PushService] - SMACK: SENT (1100485072): <iq to='xiaomi.com' id='0' chid='0' type='get'><ping xmlns='urn:xmpp:ping'><pf><p>t:4679</p></pf></ping></iq>
I/PushService( 8782): 
I/keystore( 1512): uid: 1000 action: z -> 7 state: 1 -> 1 retry: 4
V/LockPatternKeyguardView( 8519): Set visibility on com.android.internal.policy.impl.MiuiLockPatternKeyguardView$4@41e02aa8 to 0
D/RootHolder( 8519): init:com.android.internal.policy.impl.AwesomeLockScreen{41eb8d88 VFE..... ......I. 0,0-0,0}
I/keystore( 1512): uid: 1000 action: z -> 7 state: 1 -> 1 retry: 4
I/keystore( 1512): uid: 1000 action: z -> 7 state: 1 -> 1 retry: 4
D/FramerateTokenList( 8519): createToken: com.miui.internal.policy.impl.AwesomeLockScreenImp.LockScreenRoot@41ac77f8
I/NotifierManager( 8519): acquireNotifier:android.intent.action.TIME_SET  miui.maml.data.DateTimeVariableUpdater@41a14ef0
I/NotifierManager( 8519): createNotifier:android.intent.action.TIME_SET
I/NotifierManager( 8519): onRegister: miui.maml.NotifierManager$BroadcastNotifier@41eb4c28
I/NotifierManager( 8519): acquireNotifier:android.intent.action.BATTERY_CHANGED  miui.maml.data.BatteryVariableUpdater@41a11fa0
I/NotifierManager( 8519): createNotifier:android.intent.action.BATTERY_CHANGED
I/NotifierManager( 8519): onNotify: miui.maml.NotifierManager$BroadcastNotifier@421d6dc8
I/NotifierManager( 8519): onRegister: miui.maml.NotifierManager$BroadcastNotifier@421d6dc8
I/NotifierManager( 8519): acquireNotifier:android.media.VOLUME_CHANGED_ACTION  miui.maml.data.VolumeVariableUpdater@41ec9b08
I/NotifierManager( 8519): createNotifier:android.media.VOLUME_CHANGED_ACTION
I/NotifierManager( 8519): onRegister: miui.maml.NotifierManager$BroadcastNotifier@41ecfe40
D/IconCustomizer( 8721): Content Ratio = 1.0
W/ContextImpl( 8519): Unable to create files directory files
I/NotifierManager( 8519): acquireNotifier:android.intent.action.TIME_SET  miui.maml.elements.TimepanelScreenElement@41fd5210
I/NotifierManager( 8519): acquireNotifier:android.intent.action.TIME_TICK  miui.maml.elements.TimepanelScreenElement@41fd5210
I/NotifierManager( 8519): createNotifier:android.intent.action.TIME_TICK
I/NotifierManager( 8519): onRegister: miui.maml.NotifierManager$BroadcastNotifier@421cefb0
D/RootHolder( 8519): createView
D/AwesomeLockScreen( 8519): onRefreshBatteryInfo: true true 37
D/AwesomeLockScreen( 8519): onRefreshCarrierInfo(null, )
D/AwesomeLockScreen( 8519): onPause
V/KeyguardViewManager( 8519): KGVM: Set visibility on com.android.internal.policy.impl.AbstractKeyguardViewManager$KeyguardViewHost{41e76848 G.E..... ......ID 0,0-480,800} to 6291456
I/keystore( 1512): uid: 1000 action: z -> 7 state: 1 -> 1 retry: 4
I/keystore( 1512): uid: 1000 action: z -> 7 state: 1 -> 1 retry: 4
D/dalvikvm( 8721): GC_CONCURRENT freed 406K, 39% free 7597K/12312K, paused 4ms+133ms, total 231ms
I/keystore( 1512): uid: 1000 action: z -> 7 state: 1 -> 1 retry: 4
D/PhoneStatusBar( 8616): disable: < expand icons alerts ticker system_info back home RECENT* clock >
D/PhoneStatusBar( 8616): disable: < expand icons alerts ticker system_info back home RECENT clock >
I/ContentProviderBinder( 8519): query result count: 1 content://pro.burgerz.weather/cities
I/ContentProviderBinder( 8519): query result count: 0 content://weather/weather
I/ContentProviderBinder( 8519): query result count: 1 content://com.android.deskclock/alarm
I/ContentProviderBinder( 8519): query result count: 0 content://call_log/calls
I/ContentProviderBinder( 8519): query result count: 0 content://sms/inbox
I/ContentProviderBinder( 8519): query result count: 0 content://call_log/calls
I/ContentProviderBinder( 8519): query result count: 0 content://sms/inbox
D/dalvikvm(21475): Trying to load lib /data/data/com.lbe.security.miui/app_lib/libfwclient.so 0x418f82f0
D/dalvikvm(21475): Added shared lib /data/data/com.lbe.security.miui/app_lib/libfwclient.so 0x418f82f0
D/dalvikvm( 8301): GC_EXPLICIT freed 38K, 51% free 6102K/12312K, paused 2ms+2ms, total 114ms
D/dalvikvm( 8519): JIT code cache reset in 7 ms (1048460 bytes 17/0)
D/dalvikvm( 8301): GC_EXPLICIT freed <1K, 51% free 6102K/12312K, paused 2ms+8ms, total 82ms
D/dalvikvm( 8519): GC_CONCURRENT freed 1962K, 19% free 20824K/25568K, paused 19ms+51ms, total 427ms
D/dalvikvm( 8519): WAIT_FOR_CONCURRENT_GC blocked 234ms
D/dalvikvm( 8519): WAIT_FOR_CONCURRENT_GC blocked 210ms
D/dalvikvm( 8519): WAIT_FOR_CONCURRENT_GC blocked 200ms
D/dalvikvm( 8519): WAIT_FOR_CONCURRENT_GC blocked 181ms
I/ActivityManager( 8519): Start proc com.miui.providers.datahub for content provider com.miui.providers.datahub/.DataHubProvider: pid=21475 uid=10008 gids={50008, 3006, 1028}
D/dalvikvm( 8301): GC_EXPLICIT freed <1K, 51% free 6102K/12312K, paused 2ms+2ms, total 76ms
V/PhoneStatusBar( 8616): setLightsOn(true)
D/MiAdvancedView( 8519): canvas hardware render: true
I/ResourceManager( 8519): load image wallpaper_overlay_charging.9.png
D/PhoneStatusBar( 8616): disable: < expand icons alerts ticker system_info BACK* HOME* RECENT clock >
E/Trace   (21475): error opening trace file: No such file or directory (2)
I/ResourceManager( 8519): load image charging_bg.png
I/ResourceManager( 8519): load image charging_progress_light_small_l.png
I/ResourceManager( 8519): load image charging_progress_light_small_r.png
I/ResourceManager( 8519): load image charging_progress_light_small_lmask.png
I/ResourceManager( 8519): load image charging_progress_light_small_rmask.png
D/IconCustomizer( 8721): Content Ratio = 1.0
D/Lbe-Sec-Client(21475): init AdBlockClient
I/ContentProviderBinder( 8519): query result count: 11 content://pro.burgerz.weather/weather
I/ContentProviderBinder( 8519): query result count: 0 content://com.android.contacts/data
I/ContentProviderBinder( 8519): query result count: 0 content://com.android.contacts/data
W/System.err(21475): java.lang.NoSuchFieldException: mViews
W/System.err(21475): 	at java.lang.Class.getDeclaredField(Class.java:631)
W/System.err(21475): 	at com.lbe.security.client.a.i.<init>(Unknown Source)
W/System.err(21475): 	at com.lbe.security.client.AdBlockClient.<init>(Unknown Source)
W/System.err(21475): 	at com.lbe.security.client.c.<init>(Unknown Source)
W/System.err(21475): 	at com.lbe.security.client.ClientContainer.a(Unknown Source)
W/System.err(21475): 	at com.lbe.security.client.f.put(Unknown Source)
W/System.err(21475): 	at com.lbe.security.client.f.a(Unknown Source)
