W/System.err(21475): 	at com.lbe.security.client.d.run(Unknown Source)
W/System.err(21475): 	at android.os.Handler.handleCallback(Handler.java)
W/System.err(21475): 	at android.os.Handler.dispatchMessage(Handler.java)
W/System.err(21475): 	at android.os.Looper.loop(Looper.java)
W/System.err(21475): 	at android.app.ActivityThread.main(ActivityThread.java)
W/System.err(21475): 	at java.lang.reflect.Method.invokeNative(Native Method)
W/System.err(21475): 	at java.lang.reflect.Method.invoke(Method.java:511)
W/System.err(21475): 	at com.android.internal.os.ZygoteInit$MethodAndArgsCaller.run(ZygoteInit.java)
W/System.err(21475): 	at com.android.internal.os.ZygoteInit.main(ZygoteInit.java)
W/System.err(21475): 	at de.robv.android.xposed.XposedBridge.main(XposedBridge.java:127)
W/System.err(21475): 	at dalvik.system.NativeStart.main(Native Method)
D/IconCustomizer( 8721): Content Ratio = 1.0
D/IconCustomizer( 8721): Content Ratio = 1.0
D/IconCustomizer( 8721): Content Ratio = 1.0
D/dalvikvm( 8721): GC_CONCURRENT freed 406K, 39% free 7596K/12312K, paused 6ms+5ms, total 64ms
D/IconCustomizer( 8721): Content Ratio = 1.0
D/IconCustomizer( 8721): Content Ratio = 1.0
D/IconCustomizer( 8721): Content Ratio = 1.0
D/IconCustomizer( 8721): Content Ratio = 1.0
D/dalvikvm( 8721): GC_CONCURRENT freed 407K, 39% free 7596K/12312K, paused 9ms+3ms, total 101ms
D/IconCustomizer( 8721): Content Ratio = 1.0
D/IconCustomizer( 8721): Content Ratio = 1.0
D/dalvikvm( 8616): GC_CONCURRENT freed 1122K, 23% free 9820K/12708K, paused 5ms+4ms, total 65ms
D/IconCustomizer( 8721): Content Ratio = 1.0
D/IconCustomizer( 8721): Content Ratio = 1.0
D/dalvikvm( 8721): GC_CONCURRENT freed 407K, 39% free 7596K/12312K, paused 7ms+4ms, total 68ms
D/IconCustomizer( 8721): Content Ratio = 1.0
I/PushService( 8782): 2014-02-22 00:46:20,118 - [INFO::PushService] - SMACK: RCV  (1100485072): <iq chid='0' id='0' type='result'/>
D/IconCustomizer( 8721): Content Ratio = 1.0
D/IconCustomizer( 8721): Content Ratio = 1.0
D/IconCustomizer( 8721): Content Ratio = 1.0
D/dalvikvm( 8721): GC_CONCURRENT freed 406K, 39% free 7595K/12312K, paused 10ms+3ms, total 66ms
D/IconCustomizer( 8721): Content Ratio = 1.0
D/IconCustomizer( 8721): Content Ratio = 1.0
D/IconCustomizer( 8721): Content Ratio = 1.0
D/IconCustomizer( 8721): Content Ratio = 1.0
D/dalvikvm( 8721): GC_CONCURRENT freed 406K, 39% free 7596K/12312K, paused 6ms+4ms, total 66ms
D/IconCustomizer( 8721): Content Ratio = 1.0
D/IconCustomizer( 8721): Content Ratio = 1.0
D/IconCustomizer( 8721): Content Ratio = 1.0
D/IconCustomizer( 8721): Content Ratio = 1.0
D/dalvikvm( 8721): GC_CONCURRENT freed 406K, 39% free 7596K/12312K, paused 6ms+4ms, total 65ms
D/IconCustomizer( 8721): Content Ratio = 1.0
D/IconCustomizer( 8721): Content Ratio = 1.0
D/IconCustomizer( 8721): Content Ratio = 1.0
D/IconCustomizer( 8721): Content Ratio = 1.0
D/dalvikvm( 8721): GC_CONCURRENT freed 406K, 39% free 7596K/12312K, paused 7ms+3ms, total 66ms
D/IconCustomizer( 8721): Content Ratio = 1.0
D/IconCustomizer( 8721): Content Ratio = 1.0
D/IconCustomizer( 8721): Content Ratio = 1.0
D/IconCustomizer( 8721): Content Ratio = 1.0
D/dalvikvm( 8721): GC_CONCURRENT freed 407K, 39% free 7596K/12312K, paused 7ms+4ms, total 70ms
D/IconCustomizer( 8721): Content Ratio = 1.0
D/IconCustomizer( 8721): Content Ratio = 1.0
D/IconCustomizer( 8721): Content Ratio = 1.0
D/IconCustomizer( 8721): Content Ratio = 1.0
D/dalvikvm( 8721): GC_CONCURRENT freed 406K, 39% free 7596K/12312K, paused 9ms+4ms, total 64ms
D/IconCustomizer( 8721): Content Ratio = 1.0
D/IconCustomizer( 8721): Content Ratio = 1.0
D/IconCustomizer( 8721): Content Ratio = 1.0
D/dalvikvm( 8519): GC_CONCURRENT freed 1956K, 19% free 20811K/25568K, paused 15ms+12ms, total 156ms
D/IconCustomizer( 8721): Content Ratio = 1.0
D/dalvikvm( 8721): GC_CONCURRENT freed 406K, 39% free 7596K/12312K, paused 8ms+5ms, total 70ms
D/dalvikvm( 8616): GC_FOR_ALLOC freed 1110K, 23% free 9820K/12680K, paused 38ms, total 39ms
D/IconCustomizer( 8721): Content Ratio = 1.0
D/IconCustomizer( 8721): Content Ratio = 1.0
D/IconCustomizer( 8721): Content Ratio = 1.0
D/IconCustomizer( 8721): Content Ratio = 1.0
D/dalvikvm( 8721): GC_CONCURRENT freed 406K, 39% free 7596K/12312K, paused 6ms+4ms, total 66ms
D/IconCustomizer( 8721): Content Ratio = 1.0
D/IconCustomizer( 8721): Content Ratio = 1.0
D/IconCustomizer( 8721): Content Ratio = 1.0
D/IconCustomizer( 8721): Content Ratio = 1.0
D/dalvikvm( 8721): GC_CONCURRENT freed 406K, 39% free 7596K/12312K, paused 6ms+5ms, total 67ms
D/IconCustomizer( 8721): Content Ratio = 1.0
D/IconCustomizer( 8721): Content Ratio = 1.0
D/IconCustomizer( 8721): Content Ratio = 1.0
D/IconCustomizer( 8721): Content Ratio = 1.0
D/dalvikvm( 8721): GC_CONCURRENT freed 406K, 39% free 7596K/12312K, paused 9ms+5ms, total 67ms
D/IconCustomizer( 8721): Content Ratio = 1.0
D/IconCustomizer( 8721): Content Ratio = 1.0
D/IconCustomizer( 8721): Content Ratio = 1.0
I/ActivityManager( 8519): Start proc com.android.thememanager for service com.android.thememanager/.service.ThemeTaskService: pid=21488 uid=9801 gids={49801, 2001, 3003, 1015, 1028}
E/Trace   (21488): error opening trace file: No such file or directory (2)
I/Theme   (21488): loginManager: account has changed, current account: 54254330
D/ads-notify-fd5dfce4(21488): app: com.android.thememanager
D/ads-notify-fd5dfce4(21488): logSender: com.xiaomi.miui.pushads.sdk.trace.AdsLogSender@419f7fa0
D/ads-notify-fd5dfce4(21488): com.android.thememanager--->init channel
D/ads-notify-fd5dfce4(21488): com.android.thememanager--->cahnel OK
D/PushService( 8782): 2014-02-22 00:46:42,871 - [DEBUG::PushService] - onStart() with intent.Action = null
I/Theme   (21488): loginManager: asyncUpdateServiceToken, token: 0QxjFrjieRMkJ7AH4gTZJA+I2V3/lGZkuV2AaRel6BhmoD4uBhhN/t8bWkKG/bO8HnK95sGasOPtrJsJdqdpU4mFi43gEml6kblU7tySFfc=
D/ads-notify-fd5dfce4(21488): com.android.thememanager-->set alias: null thread: main
D/ads-notify-fd5dfce4(21488): com.android.thememanager--->onCommandResult == set-alias resultCode: 0 reason: null
D/ads-notify-fd5dfce4(21488): param: com.xiaomi.miui.pushads.sdk54254330
D/ads-notify-fd5dfce4(21488): com.android.thememanager--->alias failed, retry: null
D/IconCustomizer( 8721): Content Ratio = 1.0
D/dalvikvm( 8721): GC_CONCURRENT freed 407K, 39% free 7596K/12312K, paused 7ms+5ms, total 69ms
D/IconCustomizer( 8721): Content Ratio = 1.0
D/IconCustomizer( 8721): Content Ratio = 1.0
D/IconCustomizer( 8721): Content Ratio = 1.0
D/IconCustomizer( 8721): Content Ratio = 1.0
D/dalvikvm( 8721): GC_CONCURRENT freed 406K, 39% free 7596K/12312K, paused 5ms+4ms, total 63ms
D/IconCustomizer( 8721): Content Ratio = 1.0
D/IconCustomizer( 8721): Content Ratio = 1.0
D/IconCustomizer( 8721): Content Ratio = 1.0
D/IconCustomizer( 8721): Content Ratio = 1.0
D/dalvikvm( 8721): GC_CONCURRENT freed 406K, 39% free 7596K/12312K, paused 7ms+4ms, total 68ms
D/IconCustomizer( 8721): Content Ratio = 1.0
D/IconCustomizer( 8721): Content Ratio = 1.0
D/IconCustomizer( 8721): Content Ratio = 1.0
D/IconCustomizer( 8721): Content Ratio = 1.0
D/dalvikvm( 8721): GC_CONCURRENT freed 406K, 39% free 7596K/12312K, paused 6ms+4ms, total 65ms
D/IconCustomizer( 8721): Content Ratio = 1.0
D/dalvikvm( 8616): GC_FOR_ALLOC freed 1109K, 23% free 9820K/12680K, paused 43ms, total 43ms
D/IconCustomizer( 8721): Content Ratio = 1.0
D/IconCustomizer( 8721): Content Ratio = 1.0
D/IconCustomizer( 8721): Content Ratio = 1.0
D/dalvikvm( 8721): GC_CONCURRENT freed 407K, 39% free 7596K/12312K, paused 7ms+6ms, total 64ms
D/IconCustomizer( 8721): Content Ratio = 1.0
D/IconCustomizer( 8721): Content Ratio = 1.0
D/IconCustomizer( 8721): Content Ratio = 1.0
D/IconCustomizer( 8721): Content Ratio = 1.0
D/dalvikvm( 8721): GC_CONCURRENT freed 406K, 39% free 7596K/12312K, paused 9ms+7ms, total 65ms
D/IconCustomizer( 8721): Content Ratio = 1.0
D/IconCustomizer( 8721): Content Ratio = 1.0
D/IconCustomizer( 8721): Content Ratio = 1.0
D/IconCustomizer( 8721): Content Ratio = 1.0
D/dalvikvm( 8721): GC_CONCURRENT freed 406K, 39% free 7596K/12312K, paused 6ms+4ms, total 69ms
D/IconCustomizer( 8721): Content Ratio = 1.0
D/IconCustomizer( 8721): Content Ratio = 1.0
D/IconCustomizer( 8721): Content Ratio = 1.0
D/IconCustomizer( 8721): Content Ratio = 1.0
D/dalvikvm( 8721): GC_CONCURRENT freed 406K, 39% free 7596K/12312K, paused 6ms+4ms, total 69ms
D/IconCustomizer( 8721): Content Ratio = 1.0
D/IconCustomizer( 8721): Content Ratio = 1.0
D/IconCustomizer( 8721): Content Ratio = 1.0
D/dalvikvm( 8519): GC_CONCURRENT freed 1923K, 19% free 20817K/25568K, paused 14ms+10ms, total 138ms
I/NotifierManager( 8519): onNotify: miui.maml.NotifierManager$BroadcastNotifier@421cefb0
D/IconCustomizer( 8721): Content Ratio = 1.0
D/dalvikvm( 8721): GC_CONCURRENT freed 407K, 39% free 7596K/12312K, paused 6ms+4ms, total 68ms
D/IconCustomizer( 8721): Content Ratio = 1.0
D/IconCustomizer( 8721): Content Ratio = 1.0
D/IconCustomizer( 8721): Content Ratio = 1.0
D/IconCustomizer( 8721): Content Ratio = 1.0
D/dalvikvm( 8721): GC_CONCURRENT freed 406K, 39% free 7596K/12312K, paused 6ms+3ms, total 68ms
D/IconCustomizer( 8721): Content Ratio = 1.0
D/IconCustomizer( 8721): Content Ratio = 1.0
D/IconCustomizer( 8721): Content Ratio = 1.0
D/IconCustomizer( 8721): Content Ratio = 1.0
D/dalvikvm( 8721): GC_CONCURRENT freed 407K, 39% free 7596K/12312K, paused 6ms+6ms, total 68ms
D/IconCustomizer( 8721): Content Ratio = 1.0
D/dalvikvm( 8616): GC_CONCURRENT freed 1124K, 23% free 9820K/12680K, paused 7ms+5ms, total 53ms
D/IconCustomizer( 8721): Content Ratio = 1.0
D/IconCustomizer( 8721): Content Ratio = 1.0
D/IconCustomizer( 8721): Content Ratio = 1.0
D/dalvikvm( 8721): GC_CONCURRENT freed 406K, 39% free 7596K/12312K, paused 11ms+4ms, total 67ms
D/IconCustomizer( 8721): Content Ratio = 1.0
I/ActivityManager( 8519): Killing proc 21488:com.android.thememanager/9801: kill background
W/ActivityManager( 8519): Scheduling restart of crashed service com.android.thememanager/.service.ThemeTaskService in 559056ms
I/ActivityManager( 8519): Killing proc 21475:com.miui.providers.datahub/u0a10008: kill background
I/ActivityManager( 8519): Killing proc 21453:com.miui.gallery/u0a10024: kill background
I/ActivityManager( 8519): Killing proc 21434:com.google.android.gallery3d/u0a10016: kill background
I/ActivityManager( 8519): Killing proc 21354:com.android.packageinstaller/u0a10033: kill background
W/ActivityManager( 8519): Invalid packageName: 
I/ActivityManager( 8519): Killing proc 21295:com.miui.guardprovider/u0a10018: kill background
W/ActivityManager( 8519): Scheduling restart of crashed service com.miui.guardprovider/.SecureService in 5000ms
I/ActivityManager( 8519): Killing proc 21371:com.android.fileexplorer:remote/u0a10014: kill background
I/ActivityManager( 8519): Killing proc 21315:com.android.mms/u0a10028: kill background
W/ActivityManager( 8519): Scheduling restart of crashed service com.android.mms/.transaction.SmsReportService in 14995ms
D/IconCustomizer( 8721): Content Ratio = 1.0
D/IconCustomizer( 8721): Content Ratio = 1.0
D/SizeAdaptiveLayout( 8616): com.android.internal.widget.SizeAdaptiveLayout{4198a680 V.E..... ......ID 0,0-466,98 #7f0d008d app:id/adaptive}child view android.widget.LinearLayout{41b70fd8 V.E...C. ......ID 0,0-466,97 #7f0a00f8 app:id/ll_frame} measured out of bounds at 97px clamped to 98px
D/IconCustomizer( 8721): Content Ratio = 1.0
D/dalvikvm( 8721): GC_CONCURRENT freed 407K, 39% free 7596K/12312K, paused 6ms+4ms, total 72ms
D/IconCustomizer( 8721): Content Ratio = 1.0
D/IconCustomizer( 8721): Content Ratio = 1.0
D/IconCustomizer( 8721): Content Ratio = 1.0
D/IconCustomizer( 8721): Content Ratio = 1.0
D/dalvikvm( 8721): GC_CONCURRENT freed 406K, 39% free 7595K/12312K, paused 6ms+4ms, total 70ms
D/IconCustomizer( 8721): Content Ratio = 1.0
D/IconCustomizer( 8721): Content Ratio = 1.0
D/IconCustomizer( 8721): Content Ratio = 1.0
D/dalvikvm(21508): Trying to load lib /data/data/com.lbe.security.miui/app_lib/libfwclient.so 0x418fc4e0
D/dalvikvm(21508): Added shared lib /data/data/com.lbe.security.miui/app_lib/libfwclient.so 0x418fc4e0
I/ActivityManager( 8519): Start proc com.miui.guardprovider for service com.miui.guardprovider/.SecureService: pid=21508 uid=10018 gids={50018, 3003, 1015, 1028}
E/Trace   (21508): error opening trace file: No such file or directory (2)
I/FunctionHandler(21508): META-INF/CERT.RSA
I/FunctionHandler(21508): META-INF/CERT.SF
I/FunctionHandler(21508): META-INF/MANIFEST.MF
I/FunctionHandler(21508): assets/licence.conf
I/FunctionHandler(21508): assets/qv_base.amf
I/FunctionHandler(21508): assets/rule_store.sys
I/FunctionHandler(21508): lib/armeabi-v7a/libams-1.1.0-legacy.so
I/FunctionHandler(21508): lib/armeabi-v7a/libcryptor-1.0.0-legacy.so
I/FunctionHandler(21508): lib/armeabi-v7a/libsmschecker-1.0.1.so
I/FunctionHandler(21508): lib/armeabi-v7a/libsmsparser-1.0.0.so
I/FunctionHandler(21508): res/drawable-xhdpi/ic_action_search.png
I/FunctionHandler(21508): res/drawable-xhdpi/ic_launcher.png
I/FunctionHandler(21508): res/layout/activity_main.xml
I/FunctionHandler(21508): res/menu/activity_main.xml
I/FunctionHandler(21508): AndroidManifest.xml
I/FunctionHandler(21508): classes.dex
I/FunctionHandler(21508): resources.arsc
D/LicMan  (21508): expirySeconds=1451599200(2016-0-1) expired=false
D/dalvikvm(21508): Trying to load lib /data/data/com.miui.guardprovider/app_libs/libsmschecker-1.0.1.so 0x4190a098
D/dalvikvm(21508): Added shared lib /data/data/com.miui.guardprovider/app_libs/libsmschecker-1.0.1.so 0x4190a098
D/dalvikvm(21508): No JNI_OnLoad found in /data/data/com.miui.guardprovider/app_libs/libsmschecker-1.0.1.so 0x4190a098, skipping init
D/dalvikvm(21508): Trying to load lib /data/data/com.miui.guardprovider/app_libs/libams-1.1.0-legacy.so 0x4190a098
D/dalvikvm(21508): Added shared lib /data/data/com.miui.guardprovider/app_libs/libams-1.1.0-legacy.so 0x4190a098
D/dalvikvm(21508): No JNI_OnLoad found in /data/data/com.miui.guardprovider/app_libs/libams-1.1.0-legacy.so 0x4190a098, skipping init
D/Lbe-Sec-Client(21508): init AdBlockClient
W/System.err(21508): java.lang.NoSuchFieldException: mViews
W/System.err(21508): 	at java.lang.Class.getDeclaredField(Class.java:631)
W/System.err(21508): 	at com.lbe.security.client.a.i.<init>(Unknown Source)
W/System.err(21508): 	at com.lbe.security.client.AdBlockClient.<init>(Unknown Source)
W/System.err(21508): 	at com.lbe.security.client.c.<init>(Unknown Source)
W/System.err(21508): 	at com.lbe.security.client.ClientContainer.a(Unknown Source)
W/System.err(21508): 	at com.lbe.security.client.f.put(Unknown Source)
W/System.err(21508): 	at com.lbe.security.client.f.a(Unknown Source)
W/System.err(21508): 	at com.lbe.security.client.d.run(Unknown Source)
W/System.err(21508): 	at android.os.Handler.handleCallback(Handler.java)
W/System.err(21508): 	at android.os.Handler.dispatchMessage(Handler.java)
W/System.err(21508): 	at android.os.Looper.loop(Looper.java)
W/System.err(21508): 	at android.app.ActivityThread.main(ActivityThread.java)
W/System.err(21508): 	at java.lang.reflect.Method.invokeNative(Native Method)
W/System.err(21508): 	at java.lang.reflect.Method.invoke(Method.java:511)
W/System.err(21508): 	at com.android.internal.os.ZygoteInit$MethodAndArgsCaller.run(ZygoteInit.java)
W/System.err(21508): 	at com.android.internal.os.ZygoteInit.main(ZygoteInit.java)
W/System.err(21508): 	at de.robv.android.xposed.XposedBridge.main(XposedBridge.java:127)
W/System.err(21508): 	at dalvik.system.NativeStart.main(Native Method)
D/IconCustomizer( 8721): Content Ratio = 1.0
D/dalvikvm( 8721): GC_CONCURRENT freed 406K, 39% free 7596K/12312K, paused 10ms+3ms, total 68ms
D/IconCustomizer( 8721): Content Ratio = 1.0
D/IconCustomizer( 8721): Content Ratio = 1.0
D/IconCustomizer( 8721): Content Ratio = 1.0
D/IconCustomizer( 8721): Content Ratio = 1.0
D/dalvikvm( 8721): GC_CONCURRENT freed 406K, 39% free 7596K/12312K, paused 10ms+4ms, total 67ms
D/IconCustomizer( 8721): Content Ratio = 1.0
D/IconCustomizer( 8721): Content Ratio = 1.0
D/IconCustomizer( 8721): Content Ratio = 1.0
D/IconCustomizer( 8721): Content Ratio = 1.0
D/dalvikvm( 8721): GC_CONCURRENT freed 407K, 39% free 7596K/12312K, paused 6ms+4ms, total 69ms
D/IconCustomizer( 8721): Content Ratio = 1.0
D/IconCustomizer( 8721): Content Ratio = 1.0
D/IconCustomizer( 8721): Content Ratio = 1.0
D/dalvikvm( 8616): GC_CONCURRENT freed 1117K, 23% free 9822K/12680K, paused 9ms+4ms, total 69ms
D/IconCustomizer( 8721): Content Ratio = 1.0
D/dalvikvm( 8721): GC_CONCURRENT freed 406K, 39% free 7595K/12312K, paused 6ms+5ms, total 69ms
D/IconCustomizer( 8721): Content Ratio = 1.0
D/IconCustomizer( 8721): Content Ratio = 1.0
D/IconCustomizer( 8721): Content Ratio = 1.0
D/IconCustomizer( 8721): Content Ratio = 1.0
D/dalvikvm( 8721): GC_CONCURRENT freed 406K, 39% free 7596K/12312K, paused 6ms+4ms, total 68ms
D/IconCustomizer( 8721): Content Ratio = 1.0
I/ActivityManager( 8519): Start proc com.android.mms for service com.android.mms/.transaction.SmsReportService: pid=21524 uid=10028 gids={50028, 3003, 1015, 1006, 1007, 1028}
D/dalvikvm(21524): Trying to load lib /data/data/com.lbe.security.miui/app_lib/libfwclient.so 0x418fd2e8
D/dalvikvm(21524): Added shared lib /data/data/com.lbe.security.miui/app_lib/libfwclient.so 0x418fd2e8
E/Trace   (21524): error opening trace file: No such file or directory (2)
I/Xposed  (21524): [00:47] [MiTools] [MMSConversion] Class not found! Skipping...
I/Xposed  (21524): [00:47] [MiTools] [MMSConversion] Error (android.content.res.Resources$NotFoundException: com.android.mms:integer/smsToMmsTextThreshold)! Skipping...
I/Xposed  (21524): [00:47] [MiTools] [MMSUnicodeConversion] Error hooking mms. Maybe Proguard was used to strip apk.
V/MmsConfig(21524): mnc/mcc: 25502
V/MmsConfig(21524): tag: bool value: enabledMMS - true
V/MmsConfig(21524): tag: int value: maxMessageSize - 307200
V/MmsConfig(21524): tag: int value: maxImageHeight - 1920
V/MmsConfig(21524): tag: int value: maxImageWidth - 1920
V/MmsConfig(21524): tag: int value: defaultSMSMessagesPerThread - 500
V/MmsConfig(21524): tag: int value: defaultMMSMessagesPerThread - 50
V/MmsConfig(21524): tag: int value: minMessageCountPerThread - 10
V/MmsConfig(21524): tag: int value: maxMessageCountPerThread - 5000
V/MmsConfig(21524): tag: string value: uaProfUrl - http://www.google.com/oha/rdf/ua-profile-kila.xml
V/MmsConfig(21524): tag: int value: recipientLimit - -1
V/MmsConfig(21524): tag: int value: smsToMmsTextThreshold - 9
V/MmsConfig(21524): tag: bool value: enableMultipartSMS - false
V/MmsConfig(21524): tag: bool value: enableSlideDuration - true
V/MmsConfig(21524): tag: int value: maxMessageTextSize - -1
V/MmsSmsProvider( 8755): Start query content://mms-sms/draft with selection null
V/MmsSmsProvider( 8755): Query content://mms-sms/draft with selection null returns 1 results
W/Settings(21524): Setting mobile_data has moved from android.provider.Settings.Secure to android.provider.Settings.Global, returning global URI.
D/Lbe-Sec-Client(21524): init AdBlockClient
W/System.err(21524): java.lang.NoSuchFieldException: mViews
W/System.err(21524): 	at java.lang.Class.getDeclaredField(Class.java:631)
W/System.err(21524): 	at com.lbe.security.client.a.i.<init>(Unknown Source)
W/System.err(21524): 	at com.lbe.security.client.AdBlockClient.<init>(Unknown Source)
W/System.err(21524): 	at com.lbe.security.client.c.<init>(Unknown Source)
W/System.err(21524): 	at com.lbe.security.client.ClientContainer.a(Unknown Source)
W/System.err(21524): 	at com.lbe.security.client.f.put(Unknown Source)
W/System.err(21524): 	at com.lbe.security.client.f.a(Unknown Source)
W/System.err(21524): 	at com.lbe.security.client.d.run(Unknown Source)
W/System.err(21524): 	at android.os.Handler.handleCallback(Handler.java)
W/System.err(21524): 	at android.os.Handler.dispatchMessage(Handler.java)
W/System.err(21524): 	at android.os.Looper.loop(Looper.java)
W/System.err(21524): 	at android.app.ActivityThread.main(ActivityThread.java)
W/System.err(21524): 	at java.lang.reflect.Method.invokeNative(Native Method)
W/System.err(21524): 	at java.lang.reflect.Method.invoke(Method.java:511)
W/System.err(21524): 	at com.android.internal.os.ZygoteInit$MethodAndArgsCaller.run(ZygoteInit.java)
W/System.err(21524): 	at com.android.internal.os.ZygoteInit.main(ZygoteInit.java)
W/System.err(21524): 	at de.robv.android.xposed.XposedBridge.main(XposedBridge.java:127)
W/System.err(21524): 	at dalvik.system.NativeStart.main(Native Method)
E/SmsReportService(21524): Could not initialize TextToSpeech.
I/MiuiSimManager(21524): use standard sim manager
V/Mms     (21524): [1] MmsSystemEventReceiver.java(167): Intent received: Intent { act=android.intent.action.SIM_STATE_CHANGED flg=0x20000010 (has extras) }
V/Mms     (21524): [1] MmsSystemEventReceiver.java(167): Intent received: Intent { act=android.net.conn.CONNECTIVITY_CHANGE flg=0x8000010 (has extras) }
D/IconCustomizer( 8721): Content Ratio = 1.0
D/IconCustomizer( 8721): Content Ratio = 1.0
D/IconCustomizer( 8721): Content Ratio = 1.0
D/dalvikvm( 8721): GC_CONCURRENT freed 406K, 39% free 7596K/12312K, paused 11ms+5ms, total 69ms
D/IconCustomizer( 8721): Content Ratio = 1.0
D/dalvikvm( 8519): GC_CONCURRENT freed 1911K, 19% free 20831K/25568K, paused 13ms+11ms, total 139ms
D/IconCustomizer( 8721): Content Ratio = 1.0
D/IconCustomizer( 8721): Content Ratio = 1.0
D/IconCustomizer( 8721): Content Ratio = 1.0
D/dalvikvm( 8721): GC_CONCURRENT freed 407K, 39% free 7596K/12312K, paused 6ms+4ms, total 70ms
D/IconCustomizer( 8721): Content Ratio = 1.0
V/MmsSmsProvider( 8755): Start query content://mms-sms/conversations?simple=true&privacy_flag=2 with selection null
V/MmsSmsProvider( 8755): Query content://mms-sms/conversations?simple=true&privacy_flag=2 with selection null returns 54 results
D/Mms     (21524): [1] SmsMessageSender.java(251): SmsReceiverService.ACTION_SEND_MESSAGE
W/Mms/cache(21524): RecipientId 3 not in cache!
D/Mms     (21524): [1115] RecipientIdCache.java(67): [RecipientIdCache] fill: begin
V/MmsSmsProvider( 8755): Start query content://mms-sms/expired/1393022842669?privacy_flag=1 with selection null
V/MmsSmsProvider( 8755): Start query content://mms-sms/canonical-addresses with selection null
V/MmsSmsProvider( 8755): Query content://mms-sms/canonical-addresses with selection null returns 54 results
V/MmsSmsProvider( 8755): Query content://mms-sms/expired/1393022842669?privacy_flag=1 with selection null returns 0 results
V/MmsSmsProvider( 8755): Start query content://mms-sms/expired/1393022842669?privacy_flag=0 with selection null
V/MmsSmsProvider( 8755): Query content://mms-sms/expired/1393022842669?privacy_flag=0 with selection null returns 0 results
I/MiuiTelephonyManager(21524): use standard telephony manager
V/ExtraTelephonyManager(21524): phone type: 1
D/Mms     (21524): [1] TransactionService.java(183): Creating TransactionService...
V/Mms     (21524): [1] TransactionService.java(960): register Phone Call Listener.
D/Mms     (21524): [1] TransactionService.java(247): onStartService: startId=1
V/Mms     (21524): [1] TransactionService.java(269): Posting enqueueAllMessages
I/XIAOMIANALYTICS(21524): start session(com.android.mms)
D/MxActivateService(21524): receive action:com.xiaomi.mms.action.ACTIVATE_MX
D/MxMessageTrackService(21524): start service, action: com.xiaomi.mms.mx.ACTION_START_TRACK
V/SmsReceiverService(21524): onStart: #1 mResultCode: -1 = Activity.RESULT_OK
D/CloudManager(21524): onServiceConnected, component:ComponentInfo{com.xiaomi.xmsf/com.xiaomi.xmsf.account.ActivateService}
D/CloudManager(21524): service unbinded
W/TextToSpeech(21524): shutdown failed: not bound to TTS engine
W/TextToSpeech(21524): shutdown failed: not bound to TTS engine
E/SmsReportService(21524): Could not initialize TextToSpeech.
V/ExtraTelephonyManager(21524): phone type: 1
I/MxActivateService(21524): mi message is enabled for sim 0
D/CloudManager(21524): onServiceConnected, component:ComponentInfo{com.xiaomi.xmsf/com.xiaomi.xmsf.account.ActivateService}
D/CloudManager(21524): service unbinded
D/MxActivateService(21524): opening channel for sim 0
D/PushService( 8782): 2014-02-22 00:47:26,538 - [DEBUG::PushService] - onStart() with intent.Action = com.xiaomi.push.OPEN_CHANNEL
D/MxPushMessageReceiver(21524): receive broadcast, action:com.xiaomi.push.channel_opened
D/MxPushMessageReceiver(21524): push channel opened successfully for sim: 0
D/MxStatusService(21524): queryPendingPresence(Context context)
D/MxTaskService(21524): receive action:com.xiaomi.mms.mx.ACTION_QUERY_PENDING_PRESENCE
V/MmsSmsProvider( 8755): Start query content://mms-sms/pending?protocol=mms with selection err_type < ? AND due_time <= ?
I/XIAOMIANALYTICS(21524): end session(com.android.mms)
V/MmsSmsProvider( 8755): Query content://mms-sms/pending?protocol=mms with selection err_type < ? AND due_time <= ? returns 0 results
I/MxResendService(21524): dropped msg resent, count:0
V/Mms     (21524): [1116] TransactionService.java(516): enqueueAllMessages: Pending transaction count=0
V/Mms     (21524): [1116] TransactionService.java(521): enqueueAllMessages: No pending transaction. Stopping service.
V/Mms     (21524): [1116] TransactionService.java(384): endMmsConnectivity
V/MakeMmsPreviewService( 8755): Got 0 messages to process
V/MakeMmsPreviewService( 8755): Processing messages.
D/Mms     (21524): [1] TransactionService.java(216): Destroying TransactionService
V/Mms     (21524): [1] TransactionService.java(223): Requested killing handler thread.
V/Mms     (21524): [1] TransactionService.java(969): unregister Phone Call Listener.
D/Mms     (21524): [1116] TransactionService.java(528): TrasctionService stopped.
I/MxResendService(21524): resend dropped mms, count: 0
D/MxMessageTrackService(21524): msg size not delivered: 0
D/IconCustomizer( 8721): Content Ratio = 1.0
D/IconCustomizer( 8721): Content Ratio = 1.0
D/IconCustomizer( 8721): Content Ratio = 1.0
D/dalvikvm( 8721): GC_CONCURRENT freed 406K, 39% free 7597K/12312K, paused 6ms+4ms, total 75ms
D/IconCustomizer( 8721): Content Ratio = 1.0
D/IconCustomizer( 8721): Content Ratio = 1.0
D/IconCustomizer( 8721): Content Ratio = 1.0
D/IconCustomizer( 8721): Content Ratio = 1.0
D/dalvikvm( 8721): GC_CONCURRENT freed 407K, 39% free 7596K/12312K, paused 7ms+4ms, total 62ms
D/IconCustomizer( 8721): Content Ratio = 1.0
D/IconCustomizer( 8721): Content Ratio = 1.0
D/IconCustomizer( 8721): Content Ratio = 1.0
D/IconCustomizer( 8721): Content Ratio = 1.0
D/dalvikvm( 8721): GC_CONCURRENT freed 406K, 39% free 7596K/12312K, paused 6ms+4ms, total 67ms
D/IconCustomizer( 8721): Content Ratio = 1.0
D/IconCustomizer( 8721): Content Ratio = 1.0
D/IconCustomizer( 8721): Content Ratio = 1.0
D/IconCustomizer( 8721): Content Ratio = 1.0
D/dalvikvm( 8721): GC_CONCURRENT freed 406K, 39% free 7596K/12312K, paused 6ms+5ms, total 68ms
D/IconCustomizer( 8721): Content Ratio = 1.0
D/dalvikvm( 8616): GC_FOR_ALLOC freed 1112K, 23% free 9820K/12680K, paused 47ms, total 48ms
D/IconCustomizer( 8721): Content Ratio = 1.0
D/IconCustomizer( 8721): Content Ratio = 1.0
D/IconCustomizer( 8721): Content Ratio = 1.0
D/dalvikvm( 8721): GC_CONCURRENT freed 407K, 39% free 7596K/12312K, paused 7ms+4ms, total 70ms
D/IconCustomizer( 8721): Content Ratio = 1.0
D/IconCustomizer( 8721): Content Ratio = 1.0
D/IconCustomizer( 8721): Content Ratio = 1.0
D/IconCustomizer( 8721): Content Ratio = 1.0
D/dalvikvm( 8721): GC_CONCURRENT freed 406K, 39% free 7596K/12312K, paused 7ms+4ms, total 64ms
D/IconCustomizer( 8721): Content Ratio = 1.0
D/IconCustomizer( 8721): Content Ratio = 1.0
D/IconCustomizer( 8721): Content Ratio = 1.0
D/IconCustomizer( 8721): Content Ratio = 1.0
D/dalvikvm( 8721): GC_CONCURRENT freed 406K, 39% free 7596K/12312K, paused 11ms+4ms, total 65ms
D/IconCustomizer( 8721): Content Ratio = 1.0
D/IconCustomizer( 8721): Content Ratio = 1.0
D/IconCustomizer( 8721): Content Ratio = 1.0
D/IconCustomizer( 8721): Content Ratio = 1.0
D/dalvikvm( 8721): GC_CONCURRENT freed 406K, 39% free 7596K/12312K, paused 7ms+4ms, total 67ms
D/IconCustomizer( 8721): Content Ratio = 1.0
D/IconCustomizer( 8721): Content Ratio = 1.0
D/IconCustomizer( 8721): Content Ratio = 1.0
D/IconCustomizer( 8721): Content Ratio = 1.0
D/dalvikvm( 8721): GC_CONCURRENT freed 406K, 39% free 7596K/12312K, paused 6ms+5ms, total 67ms
D/IconCustomizer( 8721): Content Ratio = 1.0
D/IconCustomizer( 8721): Content Ratio = 1.0
D/IconCustomizer( 8721): Content Ratio = 1.0
D/IconCustomizer( 8721): Content Ratio = 1.0
D/dalvikvm( 8721): GC_CONCURRENT freed 406K, 39% free 7596K/12312K, paused 6ms+4ms, total 65ms
D/IconCustomizer( 8721): Content Ratio = 1.0
D/IconCustomizer( 8721): Content Ratio = 1.0
D/IconCustomizer( 8721): Content Ratio = 1.0
D/IconCustomizer( 8721): Content Ratio = 1.0
D/dalvikvm( 8721): GC_CONCURRENT freed 407K, 39% free 7596K/12312K, paused 6ms+4ms, total 65ms
D/IconCustomizer( 8721): Content Ratio = 1.0
D/dalvikvm( 8616): GC_FOR_ALLOC freed 1110K, 23% free 9820K/12680K, paused 64ms, total 65ms
D/dalvikvm( 8519): GC_CONCURRENT freed 1958K, 19% free 20812K/25568K, paused 9ms+10ms, total 167ms
D/IconCustomizer( 8721): Content Ratio = 1.0
D/IconCustomizer( 8721): Content Ratio = 1.0
D/IconCustomizer( 8721): Content Ratio = 1.0
D/dalvikvm( 8721): GC_CONCURRENT freed 406K, 39% free 7596K/12312K, paused 10ms+6ms, total 72ms
D/IconCustomizer( 8721): Content Ratio = 1.0
D/IconCustomizer( 8721): Content Ratio = 1.0
D/IconCustomizer( 8721): Content Ratio = 1.0
D/IconCustomizer( 8721): Content Ratio = 1.0
D/dalvikvm( 8721): GC_CONCURRENT freed 406K, 39% free 7596K/12312K, paused 13ms+3ms, total 66ms
D/IconCustomizer( 8721): Content Ratio = 1.0
D/IconCustomizer( 8721): Content Ratio = 1.0
D/IconCustomizer( 8721): Content Ratio = 1.0
D/IconCustomizer( 8721): Content Ratio = 1.0
D/dalvikvm( 8721): GC_CONCURRENT freed 406K, 39% free 7596K/12312K, paused 6ms+5ms, total 79ms
D/IconCustomizer( 8721): Content Ratio = 1.0
I/NotifierManager( 8519): onNotify: miui.maml.NotifierManager$BroadcastNotifier@421d6dc8
D/POWER_TEST( 8721): intent action: android.intent.action.BATTERY_CHANGED
D/POWER_TEST( 8721): : 0.38
D/BatteryInfoReceiver( 8721): 38
D/BatteryInfoReceiver( 8721): BatteryInfoReceiver.updateBatteryInfo(...).
D/IconCustomizer( 8721): Content Ratio = 1.0
D/IconCustomizer( 8721): Content Ratio = 1.0
D/IconCustomizer( 8721): Content Ratio = 1.0
D/dalvikvm( 8721): GC_CONCURRENT freed 432K, 39% free 7628K/12312K, paused 13ms+6ms, total 70ms
D/IconCustomizer( 8721): Content Ratio = 1.0
D/IconCustomizer( 8721): Content Ratio = 1.0
D/IconCustomizer( 8721): Content Ratio = 1.0
I/NotifierManager( 8519): onNotify: miui.maml.NotifierManager$BroadcastNotifier@421cefb0
D/IconCustomizer( 8721): Content Ratio = 1.0
D/dalvikvm( 8721): GC_CONCURRENT freed 439K, 39% free 7596K/12312K, paused 6ms+5ms, total 65ms
D/IconCustomizer( 8721): Content Ratio = 1.0
D/IconCustomizer( 8721): Content Ratio = 1.0
D/IconCustomizer( 8721): Content Ratio = 1.0
D/IconCustomizer( 8721): Content Ratio = 1.0
D/dalvikvm( 8721): GC_CONCURRENT freed 407K, 39% free 7596K/12312K, paused 6ms+4ms, total 71ms
D/IconCustomizer( 8721): Content Ratio = 1.0
D/IconCustomizer( 8721): Content Ratio = 1.0
D/IconCustomizer( 8721): Content Ratio = 1.0
D/IconCustomizer( 8721): Content Ratio = 1.0
D/dalvikvm( 8721): GC_CONCURRENT freed 407K, 39% free 7596K/12312K, paused 6ms+3ms, total 68ms
D/IconCustomizer( 8721): Content Ratio = 1.0
D/dalvikvm( 8616): GC_CONCURRENT freed 1130K, 23% free 9820K/12680K, paused 8ms+4ms, total 52ms
D/IconCustomizer( 8721): Content Ratio = 1.0
D/IconCustomizer( 8721): Content Ratio = 1.0
D/IconCustomizer( 8721): Content Ratio = 1.0
D/dalvikvm( 8721): GC_CONCURRENT freed 406K, 39% free 7595K/12312K, paused 10ms+3ms, total 66ms
D/IconCustomizer( 8721): Content Ratio = 1.0
D/IconCustomizer( 8721): Content Ratio = 1.0
D/IconCustomizer( 8721): Content Ratio = 1.0
W/ContextImpl( 8519): Calling a method in the system process without a qualified user: android.app.ContextImpl.sendBroadcast:-1 com.android.internal.policy.impl.MiuiPhoneWindowManager.interceptKeyBeforeQueueing:469 com.android.server.wm.InputMonitor.interceptKeyBeforeQueueing:-1 com.android.server.input.InputManagerService.interceptKeyBeforeQueueing:-1 dalvik.system.NativeStart.run:-2 
W/TextToSpeech(21524): stop failed: not bound to TTS engine
I/PowerManagerService( 8519): Waking up from sleep...
D/AK8975  ( 1514): Compass Start
D/AwesomeLockScreen( 8519): onResume
D/AwesomeLockScreen( 8519): onRefreshBatteryInfo: true true 38
D/AwesomeLockScreen( 8519): onRefreshCarrierInfo(null, )
I/WindowManager( 8519): Lock screen displayed!
D/ScreenActionReceiver( 8721):  60
I/EventHandler( 9227): [ScreenStateReceiver] screen on
W/ContextImpl( 8519): Calling a method in the system process without a qualified user: android.app.ContextImpl.sendBroadcast:-1 com.android.internal.policy.impl.PhoneWindowManager$Injector.sendPowerUpBroadcast:248 com.android.internal.policy.impl.PhoneWindowManager.interceptKeyBeforeQueueing:-1 com.android.internal.policy.impl.MiuiPhoneWindowManager.interceptKeyBeforeQueueing:507 com.android.server.wm.InputMonitor.interceptKeyBeforeQueueing:-1 
D/AK8975  ( 1514): Ignore M_Sensor: (y, p, r) = ( 347,   -3,   -2), Status = 1
D/FramerateTokenList( 8519): createToken: miui.maml.elements.FramerateController@41f489c8
D/PowerManagerService-JNI( 8519): Excessive delay in autosuspend_disable() while turning screen on: 148ms
E/CM PowerHAL( 8519): Error opening /sys/devices/system/cpu/cpufreq/ondemand/sampling_rate: No such file or directory
D/SurfaceFlinger( 1507): Screen acquired, type=0 flinger=0x108318
I/keystore( 1512): uid: 1000 action: z -> 7 state: 1 -> 1 retry: 4
I/keystore( 1512): uid: 1000 action: z -> 7 state: 1 -> 1 retry: 4
D/dalvikvm( 8866): GC_CONCURRENT freed 359K, 48% free 6505K/12312K, paused 1ms+7ms, total 205ms
D/IconCustomizer( 8721): Content Ratio = 1.0
D/dalvikvm( 8721): GC_CONCURRENT freed 407K, 39% free 7596K/12312K, paused 4ms+4ms, total 115ms
D/IconCustomizer( 8721): Content Ratio = 1.0
I/ResourceManager( 8519): load image charging_progress_light_flash_l.png
I/ResourceManager( 8519): load image charging_progress_light_flash_r.png
D/IconCustomizer( 8721): Content Ratio = 1.0
D/dalvikvm( 8519): GC_CONCURRENT freed 2054K, 19% free 20800K/25568K, paused 21ms+14ms, total 198ms
D/dalvikvm( 8519): WAIT_FOR_CONCURRENT_GC blocked 169ms
D/IconCustomizer( 8721): Content Ratio = 1.0
W/ProcessStats( 8519): Skipping unknown process pid 21564
D/POWER_TEST( 8721): intent action: android.intent.action.BATTERY_CHANGED
D/POWER_TEST( 8721): : 0.38
I/NotifierManager( 8519): onNotify: miui.maml.NotifierManager$BroadcastNotifier@421d6dc8
I/EventHandler( 9227): [PowerConnectionReceiver] charging[false]
D/AwesomeLockScreen( 8519): onRefreshBatteryInfo: false false 38
D/dalvikvm(21570): Trying to load lib /data/data/com.lbe.security.miui/app_lib/libfwclient.so 0x418fe100
D/dalvikvm(21570): Added shared lib /data/data/com.lbe.security.miui/app_lib/libfwclient.so 0x418fe100
I/ActivityManager( 8519): Start proc com.google.android.gallery3d for broadcast com.google.android.gallery3d/com.google.android.picasasync.BatteryReceiver: pid=21570 uid=10016 gids={50016, 1006, 3003, 1015, 1028}
E/Trace   (21570): error opening trace file: No such file or directory (2)
D/BatteryInfoReceiver( 8721): 38
D/IconCustomizer( 8721): Content Ratio = 1.0
D/Lbe-Sec-Client(21570): init AdBlockClient
W/System.err(21570): java.lang.NoSuchFieldException: mViews
W/System.err(21570): 	at java.lang.Class.getDeclaredField(Class.java:631)
W/System.err(21570): 	at com.lbe.security.client.a.i.<init>(Unknown Source)
W/System.err(21570): 	at com.lbe.security.client.AdBlockClient.<init>(Unknown Source)
W/System.err(21570): 	at com.lbe.security.client.c.<init>(Unknown Source)
W/System.err(21570): 	at com.lbe.security.client.ClientContainer.a(Unknown Source)
W/System.err(21570): 	at com.lbe.security.client.f.put(Unknown Source)
W/System.err(21570): 	at com.lbe.security.client.f.a(Unknown Source)
W/System.err(21570): 	at com.lbe.security.client.d.run(Unknown Source)
W/System.err(21570): 	at android.os.Handler.handleCallback(Handler.java)
W/System.err(21570): 	at android.os.Handler.dispatchMessage(Handler.java)
W/System.err(21570): 	at android.os.Looper.loop(Looper.java)
W/System.err(21570): 	at android.app.ActivityThread.main(ActivityThread.java)
W/System.err(21570): 	at java.lang.reflect.Method.invokeNative(Native Method)
W/System.err(21570): 	at java.lang.reflect.Method.invoke(Method.java:511)
W/System.err(21570): 	at com.android.internal.os.ZygoteInit$MethodAndArgsCaller.run(ZygoteInit.java)
W/System.err(21570): 	at com.android.internal.os.ZygoteInit.main(ZygoteInit.java)
W/System.err(21570): 	at de.robv.android.xposed.XposedBridge.main(XposedBridge.java:127)
W/System.err(21570): 	at dalvik.system.NativeStart.main(Native Method)
D/dalvikvm( 8721): GC_CONCURRENT freed 442K, 39% free 7596K/12312K, paused 30ms+143ms, total 308ms
D/dalvikvm(21587): Trying to load lib /data/data/com.lbe.security.miui/app_lib/libfwclient.so 0x418feed0
D/dalvikvm(21587): Added shared lib /data/data/com.lbe.security.miui/app_lib/libfwclient.so 0x418feed0
I/ActivityManager( 8519): Start proc com.miui.gallery for broadcast com.miui.gallery/.cloud.PowerChangedRequestSyncReceiver: pid=21587 uid=10024 gids={50024, 3003, 1028, 1015, 1006}
E/Trace   (21587): error opening trace file: No such file or directory (2)
I/Xposed  (21587): [00:48] [MiTools] [MiuiGalleryPackage] Method not found! Skipping...
I/StorageNotification( 8616): UMS connection changed to false (media state mounted)
D/dalvikvm(21587): No JNI_OnLoad found in /system/lib/libMiuiGalleryJNI.so 0x4190e2a8, skipping init
W/StatusBar( 8616): removeNotification for unknown key: android.os.BinderProxy@41945618
D/IconCustomizer( 8721): Content Ratio = 1.0
D/UploadsManager(21570):    wifiOnlyPhoto changed to true
D/UploadsManager(21570):    wifiOnlyVideo changed to true
D/UploadsManager(21570):    syncOnBattery changed to true
D/PicasaSync(21570): sync account database
D/PicasaSync(21570): accounts in DB=0
D/PicasaSyncManager(21570): active network: NetworkInfo: type: WIFI[], state: CONNECTED/CONNECTED, reason: (unspecified), extra: "Troj80 Wi-Fi", roaming: false, failover: false, isAvailable: true
D/PicasaSyncManager(21570): background data: true
D/Lbe-Sec-Client(21587): init AdBlockClient
W/System.err(21587): java.lang.NoSuchFieldException: mViews
W/System.err(21587): 	at java.lang.Class.getDeclaredField(Class.java:631)
W/System.err(21587): 	at com.lbe.security.client.a.i.<init>(Unknown Source)
W/System.err(21587): 	at com.lbe.security.client.AdBlockClient.<init>(Unknown Source)
W/System.err(21587): 	at com.lbe.security.client.c.<init>(Unknown Source)
W/System.err(21587): 	at com.lbe.security.client.ClientContainer.a(Unknown Source)
W/System.err(21587): 	at com.lbe.security.client.f.put(Unknown Source)
W/System.err(21587): 	at com.lbe.security.client.f.a(Unknown Source)
W/System.err(21587): 	at com.lbe.security.client.d.run(Unknown Source)
W/System.err(21587): 	at android.os.Handler.handleCallback(Handler.java)
W/System.err(21587): 	at android.os.Handler.dispatchMessage(Handler.java)
W/System.err(21587): 	at android.os.Looper.loop(Looper.java)
W/System.err(21587): 	at android.app.ActivityThread.main(ActivityThread.java)
W/System.err(21587): 	at java.lang.reflect.Method.invokeNative(Native Method)
W/System.err(21587): 	at java.lang.reflect.Method.invoke(Method.java:511)
W/System.err(21587): 	at com.android.internal.os.ZygoteInit$MethodAndArgsCaller.run(ZygoteInit.java)
W/System.err(21587): 	at com.android.internal.os.ZygoteInit.main(ZygoteInit.java)
W/System.err(21587): 	at de.robv.android.xposed.XposedBridge.main(XposedBridge.java:127)
W/System.err(21587): 	at dalvik.system.NativeStart.main(Native Method)
D/PowerChangedRequestSyncReceiver(21587): onReceive broadcast
W/ContextImpl(18921): Calling a method in the system process without a qualified user: android.app.ContextImpl.startService:-1 android.content.ContextWrapper.startService:-1 android.content.ContextWrapper.startService:-1 com.android.settings.AnalyticsReceiver.onReceive:23 android.app.ActivityThread.handleReceiver:-1 
I/XIAOMIANALYTICS(18921): start session(com.android.settings)
W/Settings(18921): Setting adb_enabled has moved from android.provider.Settings.Secure to android.provider.Settings.Global.
I/XIAOMIANALYTICS(18921): end session(com.android.settings)
V/SimpleConfigParser(21587): start
V/SimpleConfigParser(21587): invalid line (comment or empty) """# '#'"""
V/SimpleConfigParser(21587): invalid line (comment or empty) """# {...}GalleryAppImplSD"""
V/SimpleConfigParser(21587): invalid line (comment or empty) """"""
V/SimpleConfigParser(21587): invalid line (comment or empty) """# samples"""
V/SimpleConfigParser(21587): invalid line (comment or empty) """#{SD}"""
V/SimpleConfigParser(21587): invalid line (comment or empty) """#{SD}/DCIM/Camera"""
V/SimpleConfigParser(21587): invalid line (comment or empty) """"""
V/SimpleConfigParser(21587): invalid line (comment or empty) """#"""
V/SimpleConfigParser(21587): pre-processed line ==> {SD}/Download
V/SimpleConfigParser(21587): compile to """/storage/sdcard/Download"""
V/SimpleConfigParser(21587): invalid line (comment or empty) """"""
V/SimpleConfigParser(21587): invalid line (comment or empty) """#UC"""
V/SimpleConfigParser(21587): pre-processed line ==> {SD}/Ucdownloads/screenshot
V/SimpleConfigParser(21587): compile to """/storage/sdcard/Ucdownloads/screenshot"""
W/WhiteListObserver(21587): please add exist folder! [/storage/sdcard/Ucdownloads/screenshot]
V/SimpleConfigParser(21587): invalid line (comment or empty) """"""
V/SimpleConfigParser(21587): invalid line (comment or empty) """#QQ2012"""
V/SimpleConfigParser(21587): pre-processed line ==> {SD}/Tencent/MobileQQImgSave/
V/SimpleConfigParser(21587): compile to """/storage/sdcard/Tencent/MobileQQImgSave/"""
W/WhiteListObserver(21587): please add exist folder! [/storage/sdcard/Tencent/MobileQQImgSave/]
V/SimpleConfigParser(21587): invalid line (comment or empty) """"""
V/SimpleConfigParser(21587): invalid line (comment or empty) """#"""
V/SimpleConfigParser(21587): pre-processed line ==> {SD}/androidesk/wallpapers
V/SimpleConfigParser(21587): compile to """/storage/sdcard/androidesk/wallpapers"""
W/WhiteListObserver(21587): please add exist folder! [/storage/sdcard/androidesk/wallpapers]
V/SimpleConfigParser(21587): invalid line (comment or empty) """"""
V/SimpleConfigParser(21587): invalid line (comment or empty) """#Q"""
V/SimpleConfigParser(21587): pre-processed line ==> {SD}/DCIM/OpaiPic
V/SimpleConfigParser(21587): compile to """/storage/sdcard/DCIM/OpaiPic"""
W/WhiteListObserver(21587): please add exist folder! [/storage/sdcard/DCIM/OpaiPic]
V/SimpleConfigParser(21587): invalid line (comment or empty) """"""
V/SimpleConfigParser(21587): invalid line (comment or empty) """#"""
V/SimpleConfigParser(21587): pre-processed line ==> {SD}/MTXX
V/SimpleConfigParser(21587): compile to """/storage/sdcard/MTXX"""
W/WhiteListObserver(21587): please add exist folder! [/storage/sdcard/MTXX]
V/SimpleConfigParser(21587): invalid line (comment or empty) """"""
V/SimpleConfigParser(21587): invalid line (comment or empty) """#"""
V/SimpleConfigParser(21587): pre-processed line ==> {SD}/miliao/saved/
V/SimpleConfigParser(21587): compile to """/storage/sdcard/miliao/saved/"""
W/WhiteListObserver(21587): please add exist folder! [/storage/sdcard/miliao/saved/]
V/SimpleConfigParser(21587): invalid line (comment or empty) """"""
V/SimpleConfigParser(21587): invalid line (comment or empty) """#QQ HD"""
V/SimpleConfigParser(21587): pre-processed line ==> {SD}/Tencent/QQHD_pic/
V/SimpleConfigParser(21587): compile to """/storage/sdcard/Tencent/QQHD_pic/"""
W/WhiteListObserver(21587): please add exist folder! [/storage/sdcard/Tencent/QQHD_pic/]
V/SimpleConfigParser(21587): invalid line (comment or empty) """"""
V/SimpleConfigParser(21587): invalid line (comment or empty) """#"""
V/SimpleConfigParser(21587): pre-processed line ==> {SD}/immomo/camera/
V/SimpleConfigParser(21587): compile to """/storage/sdcard/immomo/camera/"""
W/WhiteListObserver(21587): please add exist folder! [/storage/sdcard/immomo/camera/]
V/SimpleConfigParser(21587): invalid line (comment or empty) """"""
V/SimpleConfigParser(21587): invalid line (comment or empty) """#"""
V/SimpleConfigParser(21587): pre-processed line ==> {SD}/weikan/weikan
V/SimpleConfigParser(21587): compile to """/storage/sdcard/weikan/weikan"""
W/WhiteListObserver(21587): please add exist folder! [/storage/sdcard/weikan/weikan]
V/SimpleConfigParser(21587): invalid line (comment or empty) """"""
V/SimpleConfigParser(21587): invalid line (comment or empty) """#QQ"""
V/SimpleConfigParser(21587): pre-processed line ==> {SD}/tencent/QzonePic
V/SimpleConfigParser(21587): compile to """/storage/sdcard/tencent/QzonePic"""
W/WhiteListObserver(21587): please add exist folder! [/storage/sdcard/tencent/QzonePic]
V/SimpleConfigParser(21587): invalid line (comment or empty) """"""
V/SimpleConfigParser(21587): invalid line (comment or empty) """#"""
V/SimpleConfigParser(21587): pre-processed line ==> {SD}/qsbk/save
V/SimpleConfigParser(21587): compile to """/storage/sdcard/qsbk/save"""
W/WhiteListObserver(21587): please add exist folder! [/storage/sdcard/qsbk/save]
V/SimpleConfigParser(21587): invalid line (comment or empty) """"""
V/SimpleConfigParser(21587): invalid line (comment or empty) """#"""
V/SimpleConfigParser(21587): pre-processed line ==> {SD}/sina/weibo/save
V/SimpleConfigParser(21587): compile to """/storage/sdcard/sina/weibo/save"""
W/WhiteListObserver(21587): please add exist folder! [/storage/sdcard/sina/weibo/save]
V/SimpleConfigParser(21587): invalid line (comment or empty) """"""
V/SimpleConfigParser(21587): invalid line (comment or empty) """#QQ"""
V/SimpleConfigParser(21587): pre-processed line ==> {SD}/QQBrowser/
V/SimpleConfigParser(21587): compile to """/storage/sdcard/QQBrowser/"""
W/WhiteListObserver(21587): please add exist folder! [/storage/sdcard/QQBrowser/]
V/SimpleConfigParser(21587): invalid line (comment or empty) """"""
V/SimpleConfigParser(21587): invalid line (comment or empty) """#"""
V/SimpleConfigParser(21587): pre-processed line ==> {SD}/Android/Tencent/tencentWeibo
V/SimpleConfigParser(21587): compile to """/storage/sdcard/Android/Tencent/tencentWeibo"""
W/WhiteListObserver(21587): please add exist folder! [/storage/sdcard/Android/Tencent/tencentWeibo]
V/SimpleConfigParser(21587): invalid line (comment or empty) """"""
V/SimpleConfigParser(21587): invalid line (comment or empty) """#"""
V/SimpleConfigParser(21587): pre-processed line ==> {SD}/netease/newsreader/netease_down_pic
V/SimpleConfigParser(21587): compile to """/storage/sdcard/netease/newsreader/netease_down_pic"""
W/WhiteListObserver(21587): please add exist folder! [/storage/sdcard/netease/newsreader/netease_down_pic]
V/SimpleConfigParser(21587): invalid line (comment or empty) """"""
V/SimpleConfigParser(21587): invalid line (comment or empty) """#"""
V/SimpleConfigParser(21587): pre-processed line ==> {SD}/Renren/image
V/SimpleConfigParser(21587): compile to """/storage/sdcard/Renren/image"""
W/WhiteListObserver(21587): please add exist folder! [/storage/sdcard/Renren/image]
V/SimpleConfigParser(21587): invalid line (comment or empty) """"""
V/SimpleConfigParser(21587): invalid line (comment or empty) """#"""
V/SimpleConfigParser(21587): pre-processed line ==> {SD}/ppmm_gallery
V/SimpleConfigParser(21587): compile to """/storage/sdcard/ppmm_gallery"""
W/WhiteListObserver(21587): please add exist folder! [/storage/sdcard/ppmm_gallery]
V/SimpleConfigParser(21587): invalid line (comment or empty) """"""
V/SimpleConfigParser(21587): invalid line (comment or empty) """#"""
V/SimpleConfigParser(21587): pre-processed line ==> {SD}/DCIM/100MEDIA/
V/SimpleConfigParser(21587): compile to """/storage/sdcard/DCIM/100MEDIA/"""
V/SimpleConfigParser(21587): invalid line (comment or empty) """"""
V/SimpleConfigParser(21587): invalid line (comment or empty) """#"""
V/SimpleConfigParser(21587): pre-processed line ==> {SD}/beautyPhone
V/SimpleConfigParser(21587): compile to """/storage/sdcard/beautyPhone"""
W/WhiteListObserver(21587): please add exist folder! [/storage/sdcard/beautyPhone]
V/SimpleConfigParser(21587): invalid line (comment or empty) """"""
V/SimpleConfigParser(21587): invalid line (comment or empty) """#VIVA"""
V/SimpleConfigParser(21587): pre-processed line ==> {SD}/DCIM/viva-pics
V/SimpleConfigParser(21587): compile to """/storage/sdcard/DCIM/viva-pics"""
W/WhiteListObserver(21587): please add exist folder! [/storage/sdcard/DCIM/viva-pics]
V/SimpleConfigParser(21587): invalid line (comment or empty) """"""
V/SimpleConfigParser(21587): invalid line (comment or empty) """#"""
V/SimpleConfigParser(21587): pre-processed line ==> {SD}/baidu/flyflow/downloads
V/SimpleConfigParser(21587): compile to """/storage/sdcard/baidu/flyflow/downloads"""
W/WhiteListObserver(21587): please add exist folder! [/storage/sdcard/baidu/flyflow/downloads]
V/SimpleConfigParser(21587): invalid line (comment or empty) """"""
V/SimpleConfigParser(21587): invalid line (comment or empty) """#GIF"""
V/SimpleConfigParser(21587): pre-processed line ==> {SD}/MTGIF
V/SimpleConfigParser(21587): compile to """/storage/sdcard/MTGIF"""
W/WhiteListObserver(21587): please add exist folder! [/storage/sdcard/MTGIF]
V/SimpleConfigParser(21587): invalid line (comment or empty) """"""
V/SimpleConfigParser(21587): invalid line (comment or empty) """#"""
V/SimpleConfigParser(21587): pre-processed line ==> {SD}/autohomemain
V/SimpleConfigParser(21587): compile to """/storage/sdcard/autohomemain"""
W/WhiteListObserver(21587): please add exist folder! [/storage/sdcard/autohomemain]
V/SimpleConfigParser(21587): invalid line (comment or empty) """"""
V/SimpleConfigParser(21587): invalid line (comment or empty) """#"""
